(in /home/gaoxh04/iyxzone)
text: , freq: 1, cixing: 65536
生命, 1, 65536
text: , freq: 0, cixing: 0
是, 0, 0
text: , freq: 1, cixing: 65536
一团, 1, 65536
text: , freq: 1, cixing: 65536
欲望, 1, 65536
text: , freq: 1, cixing: 65536
欲望, 1, 65536
text: , freq: 1, cixing: 65536
不能, 1, 65536
text: , freq: 49085618, cixing: 2
满足, 49085618, 2
text: , freq: 0, cixing: 0
便, 0, 0
text: , freq: 1, cixing: 65536
痛苦, 1, 65536
text: , freq: 49085618, cixing: 2
满足, 49085618, 2
text: , freq: 0, cixing: 0
便, 0, 0
text: , freq: 1, cixing: 65536
无聊, 1, 65536
text: , freq: 66203166, cixing: 1
人生, 66203166, 1
text: , freq: 45313112, cixing: 0
就在, 45313112, 0
text: , freq: 1, cixing: 65536
痛苦, 1, 65536
text: , freq: 0, cixing: 0
和, 0, 0
text: , freq: 1, cixing: 65536
无聊, 1, 65536
text: , freq: 120227444, cixing: 64
之间, 120227444, 64
text: , freq: 1, cixing: 65536
摇摆, 1, 65536
text: , freq: 0, cixing: 0
走, 0, 0
text: , freq: 0, cixing: 0
的, 0, 0
text: , freq: 21695615, cixing: 0
最快, 21695615, 0
text: , freq: 202343832, cixing: 0
的是, 202343832, 0
text: , freq: 7129638, cixing: 0
最美, 7129638, 0
text: , freq: 0, cixing: 0
的, 0, 0
text: , freq: 1, cixing: 65536
风景, 1, 65536
text: , freq: 0, cixing: 0
伤, 0, 0
text: , freq: 0, cixing: 0
的, 0, 0
text: , freq: 3994005, cixing: 0
最深, 3994005, 0
text: , freq: 202343832, cixing: 0
的是, 202343832, 0
text: , freq: 0, cixing: 0
最, 0, 0
text: , freq: 1, cixing: 65536
真的, 1, 65536
text: , freq: 51751225, cixing: 5
感情, 51751225, 5
text: , freq: 288471, cixing: 1
流鼻涕, 288471, 1
text: , freq: 1, cixing: 65536
惊吓, 1, 65536
text: , freq: 1, cixing: 65536
骷髅, 1, 65536
text: , freq: 1, cixing: 65536
白眼, 1, 65536
text: , freq: 0, cixing: 0
当, 0, 0
text: , freq: 41279584, cixing: 1
战争, 41279584, 1
text: , freq: 11376637, cixing: 2
不存在, 11376637, 2
text: , freq: 1, cixing: 65536
死亡, 1, 65536
text: , freq: 0, cixing: 0
，, 0, 0
text: , freq: 1, cixing: 65536
那么, 1, 65536
text: , freq: 1, cixing: 65536
胜利, 1, 65536
text: , freq: 13867193, cixing: 0
也将, 13867193, 0
text: , freq: 1, cixing: 65536
没有, 1, 65536
text: , freq: 1, cixing: 65536
光芒, 1, 65536
text: , freq: 0, cixing: 0
。, 0, 0
text: , freq: 0, cixing: 0
xiaoy, 0, 0
text: , freq: 0, cixing: 0
和, 0, 0
text: , freq: 1, cixing: 65536
大家, 1, 65536
text: , freq: 0, cixing: 0
17gaming, 0, 0
text: , freq: 0, cixing: 0
了, 0, 0
text: , freq: 0, cixing: 0
强, 0, 0
text: , freq: 1, cixing: 65536
喜欢, 1, 65536
text: , freq: 0, cixing: 0
xiaoy, 0, 0
text: , freq: 0, cixing: 0
，, 0, 0
text: , freq: 0, cixing: 0
来, 0, 0
text: , freq: 0, cixing: 0
17gaming, 0, 0
text: , freq: 1, cixing: 65536
看看, 1, 65536
text: , freq: 0, cixing: 0
咯, 0, 0
text: , freq: 1, cixing: 65536
大笑, 1, 65536
text: , freq: 0, cixing: 0
高, 0, 0
text: , freq: 1, cixing: 65536
老板, 1, 65536
text: , freq: 0, cixing: 0
nb, 0, 0
text: , freq: 0, cixing: 0
！, 0, 0
text: , freq: 492975, cixing: 0
擦汗, 492975, 0
text: , freq: 22127913, cixing: 6
革命, 22127913, 6
text: , freq: 23037405, cixing: 8
尚未, 23037405, 8
text: , freq: 1, cixing: 65536
成功, 1, 65536
text: , freq: 0, cixing: 0
，, 0, 0
text: , freq: 29588888, cixing: 1
同志, 29588888, 1
text: , freq: 0, cixing: 0
仍, 0, 0
text: , freq: 0, cixing: 0
须, 0, 0
text: , freq: 1, cixing: 65536
努力, 1, 65536
text: , freq: 288471, cixing: 1
流鼻涕, 288471, 1
text: , freq: 1, cixing: 65536
为了, 1, 65536
text: , freq: 0, cixing: 0
小, 0, 0
text: , freq: 0, cixing: 0
y, 0, 0
text: , freq: 0, cixing: 0
来, 0, 0
text: , freq: 1, cixing: 65536
注册的, 1, 65536
text: , freq: 0, cixing: 0
！, 0, 0
text: , freq: 0, cixing: 0
！, 0, 0
text: , freq: 1, cixing: 65536
支持, 1, 65536
text: , freq: 0, cixing: 0
小, 0, 0
text: , freq: 0, cixing: 0
Y, 0, 0
text: , freq: 1596369, cixing: 0
你正, 1596369, 0
text: , freq: 0, cixing: 0
在, 0, 0
text: , freq: 7537636, cixing: 8192
干嘛, 7537636, 8192
text: , freq: 0, cixing: 0
呢, 0, 0
text: , freq: 1, cixing: 65536
女仆, 1, 65536
text: , freq: 1, cixing: 65536
最高, 1, 65536
text: , freq: 1, cixing: 65536
还是, 1, 65536
text: , freq: 354120, cixing: 0
汪精卫, 354120, 0
text: , freq: 1, cixing: 65536
牛, 1, 65536
text: , freq: 0, cixing: 0
比, 0, 0
text: , freq: 0, cixing: 0
阿, 0, 0
text: , freq: 0, cixing: 0
asdf9a0sd9f0as9df09sd0f9as0df90asd9, 0, 0
text: , freq: 0, cixing: 0
0a9d0909df0a9d, 0, 0
text: , freq: 0, cixing: 0
9d0a9d09d09d0, 0, 0
text: , freq: 0, cixing: 0
asd, 0, 0
text: , freq: 0, cixing: 0
a, 0, 0
text: , freq: 1, cixing: 65536
大哭, 1, 65536
text: , freq: 0, cixing: 0
糗, 0, 0
text: , freq: 0, cixing: 0
sb, 0, 0
text: , freq: 0, cixing: 0
2b, 0, 0
text: , freq: 0, cixing: 0
4b, 0, 0
text: , freq: 0, cixing: 0
6b, 0, 0
text: , freq: 1, cixing: 65536
主页, 1, 65536
text: , freq: 1, cixing: 65536
头像, 1, 65536
text: , freq: 1, cixing: 65536
缩放, 1, 65536
text: , freq: 1, cixing: 65536
失真, 1, 65536
text: , freq: 0, cixing: 0
了, 0, 0
text: , freq: 0, cixing: 0
。, 0, 0
text: , freq: 0, cixing: 0
。, 0, 0
text: , freq: 0, cixing: 0
。, 0, 0
text: , freq: 0, cixing: 0
玩, 0, 0
text: , freq: 264132664, cixing: 0
自己的, 264132664, 0
text: , freq: 1, cixing: 65536
魔兽, 1, 65536
text: , freq: 0, cixing: 0
，, 0, 0
text: , freq: 0, cixing: 0
让, 0, 0
text: , freq: 109923294, cixing: 4
那些, 109923294, 4
text: , freq: 0, cixing: 0
人, 0, 0
text: , freq: 1, cixing: 65536
颓废, 1, 65536
text: , freq: 7748261, cixing: 0
去吧, 7748261, 0
text: , freq: 0, cixing: 0
！, 0, 0
text: , freq: 145726, cixing: 0
我终于, 145726, 0
text: , freq: 1, cixing: 65536
激活, 1, 65536
text: , freq: 0, cixing: 0
了, 0, 0
text: , freq: 0, cixing: 0
！, 0, 0
text: , freq: 0, cixing: 0
！, 0, 0
text: , freq: 0, cixing: 0
！, 0, 0
text: , freq: 0, cixing: 0
！, 0, 0
text: , freq: 0, cixing: 0
！, 0, 0
text: , freq: 0, cixing: 0
！, 0, 0
text: , freq: 0, cixing: 0
！, 0, 0
text: , freq: 0, cixing: 0
！, 0, 0
text: , freq: 0, cixing: 0
！, 0, 0
text: , freq: 0, cixing: 0
！, 0, 0
text: , freq: 13079774, cixing: 0
不容易, 13079774, 0
text: , freq: 0, cixing: 0
！, 0, 0
text: , freq: 0, cixing: 0
！, 0, 0
text: , freq: 0, cixing: 0
！, 0, 0
text: , freq: 0, cixing: 0
！, 0, 0
text: , freq: 0, cixing: 0
！, 0, 0
text: , freq: 0, cixing: 0
爱, 0, 0
text: , freq: 1, cixing: 65536
魔兽, 1, 65536
text: , freq: 0, cixing: 0
，, 0, 0
text: , freq: 0, cixing: 0
爱, 0, 0
text: , freq: 0, cixing: 0
xiaoy, 0, 0
text: , freq: 76464647, cixing: 0
我想, 76464647, 0
text: , freq: 1, cixing: 65536
回忆, 1, 65536
text: , freq: 0, cixing: 0
NSL2, 0, 0
text: , freq: 0, cixing: 0
的, 0, 0
text: , freq: 1, cixing: 65536
比赛, 1, 65536
text: , freq: 0, cixing: 0
了, 0, 0
text: , freq: 0, cixing: 0
we, 0, 0
text: , freq: 0, cixing: 0
are, 0, 0
text: , freq: 0, cixing: 0
all, 0, 0
text: , freq: 0, cixing: 0
witness, 0, 0
text: , freq: 1, cixing: 65536
色魔, 1, 65536
text: , freq: 0, cixing: 0
DOTA, 0, 0
text: , freq: 1, cixing: 65536
了啊, 1, 65536
text: , freq: 1, cixing: 65536
聪明, 1, 65536
text: , freq: 0, cixing: 0
的, 0, 0
text: , freq: 392788, cixing: 0
一休, 392788, 0
text: , freq: 0, cixing: 0
呢, 0, 0
text: , freq: 0, cixing: 0
？, 0, 0
text: , freq: 4447163, cixing: 0
想做, 4447163, 0
text: , freq: 81630897, cixing: 1
视频, 81630897, 1
text: , freq: 0, cixing: 0
了, 0, 0
text: , freq: 3811021, cixing: 2
结识, 3811021, 2
text: , freq: 0, cixing: 0
你, 0, 0
text: , freq: 0, cixing: 0
，, 0, 0
text: , freq: 1, cixing: 65536
是我, 1, 65536
text: , freq: 0, cixing: 0
的, 0, 0
text: , freq: 3116213, cixing: 4
荣幸, 3116213, 4
text: , freq: 0, cixing: 0
，, 0, 0
text: , freq: 1, cixing: 65536
是我, 1, 65536
text: , freq: 0, cixing: 0
们, 0, 0
text: , freq: 0, cixing: 0
的, 0, 0
text: , freq: 5985098, cixing: 1
缘分, 5985098, 1
text: , freq: 0, cixing: 0
，, 0, 0
text: , freq: 1, cixing: 65536
朋友, 1, 65536
text: , freq: 0, cixing: 0
。, 0, 0
text: , freq: 0, cixing: 0
高, 0, 0
text: , freq: 1, cixing: 65536
老板, 1, 65536
text: , freq: 0, cixing: 0
，, 0, 0
text: , freq: 1, cixing: 65536
招呼, 1, 65536
text: , freq: 19288582, cixing: 2
回应, 19288582, 2
text: , freq: 1, cixing: 65536
之后, 1, 65536
text: , freq: 1, cixing: 65536
怎么, 1, 65536
text: , freq: 0, cixing: 0
还, 0, 0
text: , freq: 1, cixing: 65536
提示, 1, 65536
text: , freq: 0, cixing: 0
有, 0, 0
text: , freq: 1, cixing: 65536
招呼, 1, 65536
text: , freq: 0, cixing: 0
啊, 0, 0
text: , freq: 0, cixing: 0
？, 0, 0
text: , freq: 3076202, cixing: 128
非得, 3076202, 128
text: , freq: 2084226, cixing: 0
删了, 2084226, 0
text: , freq: 6098607, cixing: 0
才行, 6098607, 0
text: , freq: 0, cixing: 0
。, 0, 0
text: , freq: 0, cixing: 0
。, 0, 0
text: , freq: 0, cixing: 0
。, 0, 0
text: , freq: 1, cixing: 65536
来了, 1, 65536
text: , freq: 0, cixing: 0
的, 0, 0
text: , freq: 1, cixing: 65536
朋友, 1, 65536
text: , freq: 1, cixing: 65536
记得, 1, 65536
text: , freq: 1, cixing: 65536
活跃, 1, 65536
text: , freq: 1, cixing: 65536
一点, 1, 65536
text: , freq: 0, cixing: 0
吧, 0, 0
text: , freq: 0, cixing: 0
！, 0, 0
text: , freq: 0, cixing: 0
123321, 0, 0
text: , freq: 0, cixing: 0
我, 0, 0
text: , freq: 1, cixing: 65536
哪里, 1, 65536
text: , freq: 0, cixing: 0
色, 0, 0
text: , freq: 0, cixing: 0
啦, 0, 0
text: , freq: 0, cixing: 0
，, 0, 0
text: , freq: 1, cixing: 65536
人家, 1, 65536
text: , freq: 3321826, cixing: 0
还很, 3321826, 0
text: , freq: 0, cixing: 0
小, 0, 0
text: , freq: 0, cixing: 0
耶, 0, 0
text: , freq: 1, cixing: 65536
支持, 1, 65536
text: , freq: 1, cixing: 65536
巴萨, 1, 65536
text: , freq: 0, cixing: 0
。, 0, 0
text: , freq: 1, cixing: 65536
还有, 1, 65536
text: , freq: 8064646, cixing: 0
四十, 8064646, 0
text: , freq: 1, cixing: 65536
分钟, 1, 65536
text: , freq: 0, cixing: 0
。, 0, 0
text: , freq: 0, cixing: 0
屠, 0, 0
text: , freq: 0, cixing: 0
掉, 0, 0
text: , freq: 2709679, cixing: 0
国米, 2709679, 0
text: , freq: 1, cixing: 65536
巴萨, 1, 65536
text: , freq: 6327452, cixing: 8
终究, 6327452, 8
text: , freq: 1, cixing: 65536
没有, 1, 65536
text: , freq: 1, cixing: 65536
完成, 1, 65536
text: , freq: 1, cixing: 65536
逆转, 1, 65536
text: , freq: 288471, cixing: 1
流鼻涕, 288471, 1
text: , freq: 0, cixing: 0
衰, 0, 0
text: , freq: 5383297, cixing: 2
抽烟, 5383297, 2
text: , freq: 1, cixing: 65536
原来, 1, 65536
text: , freq: 1, cixing: 65536
那个, 1, 65536
text: , freq: 44471647, cixing: 8
居然, 44471647, 8
text: , freq: 779727, cixing: 0
可以点, 779727, 0
text: , freq: 0, cixing: 0
掉, 0, 0
text: , freq: 0, cixing: 0
，, 0, 0
text: , freq: 12430867, cixing: 0
看我, 12430867, 0
text: , freq: 14331635, cixing: 0
点了, 14331635, 0
text: , freq: 0, cixing: 0
你, 0, 0
text: , freq: 0, cixing: 0
，, 0, 0
text: , freq: 96552514, cixing: 0
我是, 96552514, 0
text: , freq: 1, cixing: 65536
好孩子, 1, 65536
text: , freq: 0, cixing: 0
，, 0, 0
text: , freq: 1, cixing: 65536
不是, 1, 65536
text: , freq: 1, cixing: 65536
色魔, 1, 65536
text: , freq: 1826870, cixing: 2
皱眉头, 1826870, 2
text: , freq: 1, cixing: 65536
惊吓, 1, 65536
text: , freq: 1596369, cixing: 0
你正, 1596369, 0
text: , freq: 0, cixing: 0
在, 0, 0
text: , freq: 7537636, cixing: 8192
干嘛, 7537636, 8192
text: , freq: 0, cixing: 0
呢, 0, 0
text: , freq: 14871966, cixing: 0
五一, 14871966, 0
text: , freq: 1, cixing: 65536
休闲, 1, 65536
text: , freq: 2583624, cixing: 1
休假, 2583624, 1
text: , freq: 0, cixing: 0
中, 0, 0
text: , freq: 0, cixing: 0
Y, 0, 0
text: , freq: 0, cixing: 0
哥, 0, 0
text: , freq: 0, cixing: 0
，, 0, 0
text: , freq: 1, cixing: 65536
加油, 1, 65536
text: , freq: 14871966, cixing: 0
五一, 14871966, 0
text: , freq: 2818319, cixing: 0
五天, 2818319, 0
text: , freq: 0, cixing: 0
假, 0, 0
text: , freq: 0, cixing: 0
，, 0, 0
text: , freq: 1, cixing: 65536
直接, 1, 65536
text: , freq: 0, cixing: 0
病, 0, 0
text: , freq: 2818319, cixing: 0
五天, 2818319, 0
text: , freq: 0, cixing: 0
，, 0, 0
text: , freq: 7742060, cixing: 1
假期, 7742060, 1
text: , freq: 15468268, cixing: 0
真的很, 15468268, 0
text: , freq: 5085699, cixing: 4
有意义, 5085699, 4
text: , freq: 0, cixing: 0
。, 0, 0
text: , freq: 0, cixing: 0
晕, 0, 0
text: , freq: 1, cixing: 65536
最近, 1, 65536
text: , freq: 1, cixing: 65536
真的, 1, 65536
text: , freq: 2199335, cixing: 0
很忙, 2199335, 0
text: , freq: 0, cixing: 0
啊, 0, 0
text: , freq: 0, cixing: 0
，, 0, 0
text: , freq: 246602692, cixing: 512
所以, 246602692, 512
text: , freq: 1, cixing: 65536
没有, 1, 65536
text: , freq: 1, cixing: 65536
很多, 1, 65536
text: , freq: 1, cixing: 65536
时间, 1, 65536
text: , freq: 0, cixing: 0
玩, 0, 0
text: , freq: 0, cixing: 0
晕, 0, 0
text: , freq: 0, cixing: 0
囧, 0, 0
text: , freq: 1, cixing: 65536
第一, 1, 65536
text: , freq: 0, cixing: 0
次, 0, 0
text: , freq: 60107944, cixing: 2
来到, 60107944, 2
text: , freq: 1, cixing: 65536
这里, 1, 65536
text: , freq: 0, cixing: 0
，, 0, 0
text: , freq: 1, cixing: 65536
看看, 1, 65536
text: , freq: 0, cixing: 0
。, 0, 0
text: , freq: 1, cixing: 65536
不要, 1, 65536
text: , freq: 0, cixing: 0
挂, 0, 0
text: , freq: 0, cixing: 0
科, 0, 0
text: , freq: 856487, cixing: 4
万恶, 856487, 4
text: , freq: 0, cixing: 0
的, 0, 0
text: , freq: 1, cixing: 65536
毕设, 1, 65536
text: , freq: 0, cixing: 0
中, 0, 0
text: , freq: 35558214, cixing: 0
又是, 35558214, 0
text: , freq: 1, cixing: 65536
一个, 1, 65536
text: , freq: 1, cixing: 65536
通宵, 1, 65536
text: , freq: 0, cixing: 0
。, 0, 0
text: , freq: 5193130, cixing: 0
这是个, 5193130, 0
text: , freq: 7379754, cixing: 8192
什么地方, 7379754, 8192
text: , freq: 0, cixing: 0
啊, 0, 0
text: , freq: 0, cixing: 0
？, 0, 0
text: , freq: 0, cixing: 0
？, 0, 0
text: , freq: 0, cixing: 0
？, 0, 0
text: , freq: 0, cixing: 0
在, 0, 0
text: , freq: 1674054, cixing: 2
玩儿, 1674054, 2
text: , freq: 647993, cixing: 1
今天天气, 647993, 1
text: , freq: 34715316, cixing: 4
好好, 34715316, 4
text: , freq: 0, cixing: 0
啊, 0, 0
text: , freq: 0, cixing: 0
晕, 0, 0
text: , freq: 1, cixing: 65536
怎么, 1, 65536
text: , freq: 0, cixing: 0
人, 0, 0
text: , freq: 25881933, cixing: 12
很少, 25881933, 12
text: , freq: 0, cixing: 0
啊, 0, 0
text: , freq: 0, cixing: 0
asdfghjk, 0, 0
text: , freq: 1, cixing: 65536
元素, 1, 65536
text: , freq: 0, cixing: 0
萨, 0, 0
text: , freq: 0, cixing: 0
～, 0, 0
text: , freq: 1, cixing: 65536
神, 1, 65536
text: , freq: 1, cixing: 65536
圣骑, 1, 65536
text: , freq: 0, cixing: 0
～, 0, 0
text: , freq: 1, cixing: 65536
聆听, 1, 65536
text: , freq: 1, cixing: 65536
我的, 1, 65536
text: , freq: 1, cixing: 65536
召唤, 1, 65536
text: , freq: 0, cixing: 0
吧, 0, 0
text: , freq: 0, cixing: 0
～, 0, 0
text: , freq: 1, cixing: 65536
明天, 1, 65536
text: , freq: 0, cixing: 0
新, 0, 0
text: , freq: 0, cixing: 0
的, 0, 0
text: , freq: 1, cixing: 65536
登录, 1, 65536
text: , freq: 70525467, cixing: 0
页面, 70525467, 0
text: , freq: 309061, cixing: 0
就好了, 309061, 0
text: , freq: 0, cixing: 0
，, 0, 0
text: , freq: 71362047, cixing: 0
我要, 71362047, 0
text: , freq: 0, cixing: 0
把, 0, 0
text: , freq: 1, cixing: 65536
大家, 1, 65536
text: , freq: 0, cixing: 0
的, 0, 0
text: , freq: 0, cixing: 0
session, 0, 0
text: , freq: 0, cixing: 0
都, 0, 0
text: , freq: 0, cixing: 0
弄, 0, 0
text: , freq: 6344391, cixing: 2
过期, 6344391, 2
text: , freq: 0, cixing: 0
。, 0, 0
text: , freq: 0, cixing: 0
。, 0, 0
text: , freq: 0, cixing: 0
。, 0, 0
text: , freq: 1, cixing: 65536
朋友, 1, 65536
text: , freq: 6267724, cixing: 0
无处, 6267724, 0
text: , freq: 28382181, cixing: 0
不在, 28382181, 0
text: , freq: 0, cixing: 0
副, 0, 0
text: , freq: 0, cixing: 0
shi, 0, 0
text: , freq: 0, cixing: 0
长, 0, 0
text: , freq: 34056136, cixing: 0
就能, 34056136, 0
text: , freq: 1, cixing: 65536
随便, 1, 65536
text: , freq: 652273, cixing: 0
闯红灯, 652273, 0
text: , freq: 0, cixing: 0
？, 0, 0
text: , freq: 0, cixing: 0
！, 0, 0
text: , freq: 0, cixing: 0
搞, 0, 0
text: , freq: 0, cixing: 0
的, 0, 0
text: , freq: 87734699, cixing: 0
我也, 87734699, 0
text: , freq: 0, cixing: 0
想, 0, 0
text: , freq: 1, cixing: 65536
整个, 1, 65536
text: , freq: 4382775, cixing: 0
挺好, 4382775, 0
text: , freq: 0, cixing: 0
的, 0, 0
text: , freq: 0, cixing: 0
啊, 0, 0
text: , freq: 1, cixing: 65536
密码, 1, 65536
text: , freq: 1, cixing: 65536
掉了, 1, 65536
text: , freq: 1, cixing: 65536
悲剧, 1, 65536
text: , freq: 0, cixing: 0
啊, 0, 0
text: , freq: 0, cixing: 0
再, 0, 0
text: , freq: 23738251, cixing: 4
美好, 23738251, 4
text: , freq: 0, cixing: 0
也, 0, 0
text: , freq: 600266, cixing: 0
经不住, 600266, 0
text: , freq: 1, cixing: 65536
遗忘, 1, 65536
text: , freq: 0, cixing: 0
，, 0, 0
text: , freq: 0, cixing: 0
再, 0, 0
text: , freq: 1, cixing: 65536
悲伤, 1, 65536
text: , freq: 0, cixing: 0
也, 0, 0
text: , freq: 0, cixing: 0
抵, 0, 0
text: , freq: 1, cixing: 65536
不过, 1, 65536
text: , freq: 1, cixing: 65536
时间, 1, 65536
text: , freq: 11211101, cixing: 8
话说, 11211101, 8
text: , freq: 1, cixing: 65536
鼠标, 1, 65536
text: , freq: 1, cixing: 65536
坏了, 1, 65536
text: , freq: 0, cixing: 0
唉, 0, 0
text: , freq: 0, cixing: 0
，, 0, 0
text: , freq: 1, cixing: 65536
电脑, 1, 65536
text: , freq: 1, cixing: 65536
重装, 1, 65536
text: , freq: 0, cixing: 0
了, 0, 0
text: , freq: 0, cixing: 0
，, 0, 0
text: , freq: 0, cixing: 0
，, 0, 0
text: , freq: 0, cixing: 0
，, 0, 0
text: , freq: 1, cixing: 65536
硬盘, 1, 65536
text: , freq: 32293968, cixing: 2
驱动, 32293968, 2
text: , freq: 0, cixing: 0
忘, 0, 0
text: , freq: 0, cixing: 0
放, 0, 0
text: , freq: 920308, cixing: 0
哪了, 920308, 0
text: , freq: 0, cixing: 0
，, 0, 0
text: , freq: 0, cixing: 0
，, 0, 0
text: , freq: 0, cixing: 0
，, 0, 0
text: , freq: 1, cixing: 65536
悲剧, 1, 65536
text: , freq: 0, cixing: 0
的, 0, 0
text: , freq: 353416, cixing: 0
西数, 353416, 0
text: , freq: 0, cixing: 0
唉, 0, 0
text: , freq: 0, cixing: 0
，, 0, 0
text: , freq: 0, cixing: 0
，, 0, 0
text: , freq: 0, cixing: 0
，, 0, 0
text: , freq: 0, cixing: 0
不, 0, 0
text: , freq: 0, cixing: 0
装, 0, 0
text: , freq: 32293968, cixing: 2
驱动, 32293968, 2
text: , freq: 0, cixing: 0
慢, 0, 0
text: , freq: 0, cixing: 0
成, 0, 0
text: , freq: 0, cixing: 0
窝, 0, 0
text: , freq: 1, cixing: 65536
牛, 1, 65536
text: , freq: 0, cixing: 0
了, 0, 0
text: , freq: 0, cixing: 0
，, 0, 0
text: , freq: 0, cixing: 0
，, 0, 0
text: , freq: 0, cixing: 0
，, 0, 0
text: , freq: 0, cixing: 0
挖, 0, 0
text: , freq: 1, cixing: 65536
鼻子, 1, 65536
text: , freq: 0, cixing: 0
衰, 0, 0
text: , freq: 1, cixing: 65536
星际, 1, 65536
text: , freq: 0, cixing: 0
2, 0, 0
text: , freq: 0, cixing: 0
，, 0, 0
text: , freq: 1, cixing: 65536
虫族, 1, 65536
text: , freq: 1, cixing: 65536
新手, 1, 65536
text: , freq: 0, cixing: 0
，, 0, 0
text: , freq: 1633812, cixing: 0
有志, 1633812, 0
text: , freq: 1302954, cixing: 0
同道, 1302954, 0
text: , freq: 0, cixing: 0
合, 0, 0
text: , freq: 0, cixing: 0
的, 0, 0
text: , freq: 0, cixing: 0
没, 0, 0
text: , freq: 0, cixing: 0
？, 0, 0
text: , freq: 0, cixing: 0
QQ, 0, 0
text: , freq: 1, cixing: 65536
炫舞, 1, 65536
text: , freq: 0, cixing: 0
，, 0, 0
text: , freq: 0, cixing: 0
很, 0, 0
text: , freq: 1, cixing: 65536
考验, 1, 65536
text: , freq: 1, cixing: 65536
速度, 1, 65536
text: , freq: 0, cixing: 0
的, 0, 0
text: , freq: 1, cixing: 65536
游戏, 1, 65536
text: , freq: 0, cixing: 0
。, 0, 0
text: , freq: 0, cixing: 0
“, 0, 0
text: , freq: 128360469, cixing: 0
您的, 128360469, 0
text: , freq: 0, cixing: 0
bonn, 0, 0
text: , freq: 1, cixing: 65536
没有, 1, 65536
text: , freq: 234115877, cixing: 4098
通过, 234115877, 4098
text: , freq: 1, cixing: 65536
验证, 1, 65536
text: , freq: 0, cixing: 0
，, 0, 0
text: , freq: 825874, cixing: 0
请检查, 825874, 0
text: , freq: 0, cixing: 0
其, 0, 0
text: , freq: 1, cixing: 65536
正确性, 1, 65536
text: , freq: 0, cixing: 0
”, 0, 0
text: , freq: 1, cixing: 65536
这是, 1, 65536
text: , freq: 0, cixing: 0
啥, 0, 0
text: , freq: 0, cixing: 0
？, 0, 0
text: , freq: 1, cixing: 65536
无聊, 1, 65536
text: , freq: 0, cixing: 0
，, 0, 0
text: , freq: 1, cixing: 65536
不知道, 1, 65536
text: , freq: 1, cixing: 65536
有什么, 1, 65536
text: , freq: 632496, cixing: 0
好做, 632496, 0
text: , freq: 0, cixing: 0
的, 0, 0
text: , freq: 0, cixing: 0
，, 0, 0
text: , freq: 0, cixing: 0
真, 0, 0
text: , freq: 0, cixing: 0
成, 0, 0
text: , freq: 0, cixing: 0
宅, 0, 0
text: , freq: 0, cixing: 0
男, 0, 0
text: , freq: 0, cixing: 0
了, 0, 0
text: , freq: 0, cixing: 0
·, 0, 0
text: , freq: 0, cixing: 0
·, 0, 0
text: , freq: 0, cixing: 0
·, 0, 0
text: , freq: 0, cixing: 0
·, 0, 0
text: , freq: 39771084, cixing: 8
刚才, 39771084, 8
text: , freq: 1, cixing: 65536
注册, 1, 65536
text: , freq: 2813887, cixing: 0
闲着, 2813887, 0
text: , freq: 0, cixing: 0
了, 0, 0
text: , freq: 0, cixing: 0
往, 0, 0
text: , freq: 592804, cixing: 0
这来, 592804, 0
text: , freq: 14089590, cixing: 6
放松, 14089590, 6
text: , freq: 1, cixing: 65536
心情, 1, 65536
text: , freq: 0, cixing: 0
的, 0, 0
text: , freq: 1, cixing: 65536
暗黑, 1, 65536
text: , freq: 0, cixing: 0
2, 0, 0
text: , freq: 0, cixing: 0
是, 0, 0
text: , freq: 1, cixing: 65536
好游戏, 1, 65536
text: , freq: 0, cixing: 0
，, 0, 0
text: , freq: 1, cixing: 65536
不过, 1, 65536
text: , freq: 0, cixing: 0
1, 0, 0
text: , freq: 0, cixing: 0
11, 0, 0
text: , freq: 0, cixing: 0
跟, 0, 0
text: , freq: 0, cixing: 0
1, 0, 0
text: , freq: 0, cixing: 0
10, 0, 0
text: , freq: 1, cixing: 65536
差不多, 1, 65536
text: , freq: 0, cixing: 0
，, 0, 0
text: , freq: 1, cixing: 65536
现在, 1, 65536
text: , freq: 0, cixing: 0
在, 0, 0
text: , freq: 0, cixing: 0
1, 0, 0
text: , freq: 0, cixing: 0
10, 0, 0
text: , freq: 0, cixing: 0
有, 0, 0
text: , freq: 1, cixing: 65536
太多, 1, 65536
text: , freq: 1, cixing: 65536
东西, 1, 65536
text: , freq: 0, cixing: 0
，, 0, 0
text: , freq: 7297556, cixing: 0
再去, 7297556, 0
text: , freq: 0, cixing: 0
1, 0, 0
text: , freq: 0, cixing: 0
11, 0, 0
text: , freq: 66479902, cixing: 8
重新, 66479902, 8
text: , freq: 1, cixing: 65536
开始, 1, 65536
text: , freq: 1, cixing: 65536
感觉, 1, 65536
text: , freq: 0, cixing: 0
没, 0, 0
text: , freq: 13632672, cixing: 0
太大, 13632672, 0
text: , freq: 1, cixing: 65536
动力, 1, 65536
text: , freq: 0, cixing: 0
。, 0, 0
text: , freq: 347526, cixing: 0
不图, 347526, 0
text: , freq: 1, cixing: 65536
不挂, 1, 65536
text: , freq: 0, cixing: 0
，, 0, 0
text: , freq: 1, cixing: 65536
和谐, 1, 65536
text: , freq: 0, cixing: 0
DOTA, 0, 0
text: , freq: 5012215, cixing: 0
在国外, 5012215, 0
text: , freq: 0, cixing: 0
玩, 0, 0
text: , freq: 0, cixing: 0
DOTA, 0, 0
text: , freq: 0, cixing: 0
用, 0, 0
text: , freq: 0, cixing: 0
GG, 0, 0
text: , freq: 1, cixing: 65536
几天, 1, 65536
text: , freq: 1, cixing: 65536
下来, 1, 65536
text: , freq: 88547574, cixing: 8
终于, 88547574, 8
text: , freq: 0, cixing: 0
把, 0, 0
text: , freq: 1, cixing: 65536
诛仙, 1, 65536
text: , freq: 42409, cixing: 0
看完了, 42409, 0
text: , freq: 1, cixing: 65536
因为, 1, 65536
text: , freq: 0, cixing: 0
看, 0, 0
text: , freq: 202343832, cixing: 0
的是, 202343832, 0
text: , freq: 47157910, cixing: 0
那种, 47157910, 0
text: , freq: 0, cixing: 0
15, 0, 0
text: , freq: 1, cixing: 65536
块钱, 1, 65536
text: , freq: 0, cixing: 0
的, 0, 0
text: , freq: 0, cixing: 0
合, 0, 0
text: , freq: 0, cixing: 0
定, 0, 0
text: , freq: 0, cixing: 0
本, 0, 0
text: , freq: 3694027, cixing: 8
不光, 3694027, 8
text: , freq: 0, cixing: 0
字, 0, 0
text: , freq: 0, cixing: 0
小, 0, 0
text: , freq: 0, cixing: 0
还, 0, 0
text: , freq: 3097956, cixing: 8
时不时, 3097956, 8
text: , freq: 0, cixing: 0
的, 0, 0
text: , freq: 1, cixing: 65536
出现, 1, 65536
text: , freq: 0, cixing: 0
缺, 0, 0
text: , freq: 0, cixing: 0
字, 0, 0
text: , freq: 0, cixing: 0
的, 0, 0
text: , freq: 50676635, cixing: 1
现象, 50676635, 1
text: , freq: 0, cixing: 0
够, 0, 0
text: , freq: 1, cixing: 65536
郁闷, 1, 65536
text: , freq: 1, cixing: 65536
成吉思汗, 1, 65536
text: , freq: 1, cixing: 65536
不错, 1, 65536
text: , freq: 0, cixing: 0
，, 0, 0
text: , freq: 1, cixing: 65536
大家, 1, 65536
text: , freq: 3049989, cixing: 0
去玩, 3049989, 0
text: , freq: 0, cixing: 0
玩, 0, 0
text: , freq: 0, cixing: 0
看, 0, 0
text: , freq: 0, cixing: 0
哦, 0, 0
text: , freq: 1, cixing: 65536
可爱, 1, 65536
text: , freq: 9335090, cixing: 0
欢迎大家, 9335090, 0
text: , freq: 0, cixing: 0
来, 0, 0
text: , freq: 1, cixing: 65536
寻找, 1, 65536
text: , freq: 1, cixing: 65536
游戏中, 1, 65536
text: , freq: 0, cixing: 0
的, 0, 0
text: , freq: 1, cixing: 65536
朋友, 1, 65536
text: , freq: 0, cixing: 0
，, 0, 0
text: , freq: 0, cixing: 0
无, 0, 0
text: , freq: 1, cixing: 65536
兄弟, 1, 65536
text: , freq: 0, cixing: 0
，, 0, 0
text: , freq: 0, cixing: 0
不, 0, 0
text: , freq: 0, cixing: 0
DOTA, 0, 0
text: , freq: 0, cixing: 0
！, 0, 0
text: , freq: 0, cixing: 0
！, 0, 0
text: , freq: 0, cixing: 0
哎, 0, 0
text: , freq: 0, cixing: 0
，, 0, 0
text: , freq: 26688477, cixing: 1
天气, 26688477, 1
text: , freq: 1, cixing: 65536
为什么, 1, 65536
text: , freq: 22826525, cixing: 0
还不, 22826525, 0
text: , freq: 394636, cixing: 2
放晴, 394636, 2
text: , freq: 0, cixing: 0
哦, 0, 0
text: , freq: 0, cixing: 0
，, 0, 0
text: , freq: 1657577, cixing: 0
很冷, 1657577, 0
text: , freq: 0, cixing: 0
饿, 0, 0
text: , freq: 0, cixing: 0
。, 0, 0
text: , freq: 40815859, cixing: 1
日子, 40815859, 1
text: , freq: 0, cixing: 0
过, 0, 0
text: , freq: 0, cixing: 0
的, 0, 0
text: , freq: 2600677, cixing: 0
很慢, 2600677, 0
text: , freq: 0, cixing: 0
，, 0, 0
text: , freq: 0, cixing: 0
人, 0, 0
text: , freq: 0, cixing: 0
也, 0, 0
text: , freq: 0, cixing: 0
变, 0, 0
text: , freq: 908589, cixing: 0
悠哉, 908589, 0
text: , freq: 121631, cixing: 0
起来了, 121631, 0
text: , freq: 0, cixing: 0
。, 0, 0
text: , freq: 1, cixing: 65536
可爱, 1, 65536
text: , freq: 1, cixing: 65536
哈哈, 1, 65536
text: , freq: 1, cixing: 65536
新人, 1, 65536
text: , freq: 0, cixing: 0
纯, 0, 0
text: , freq: 0, cixing: 0
来, 0, 0
text: , freq: 1, cixing: 65536
支持, 1, 65536
text: , freq: 1, cixing: 65536
海涛, 1, 65536
text: , freq: 0, cixing: 0
的, 0, 0
text: , freq: 1, cixing: 65536
呵呵, 1, 65536
text: , freq: 0, cixing: 0
！, 0, 0
text: , freq: 96552514, cixing: 0
我是, 96552514, 0
text: , freq: 1, cixing: 65536
黄山, 1, 65536
text: , freq: 0, cixing: 0
人, 0, 0
text: , freq: 0, cixing: 0
，, 0, 0
text: , freq: 163542886, cixing: 12
非常, 163542886, 12
text: , freq: 1, cixing: 65536
喜欢, 1, 65536
text: , freq: 0, cixing: 0
DOTA, 0, 0
text: , freq: 0, cixing: 0
这, 0, 0
text: , freq: 1, cixing: 65536
游戏, 1, 65536
text: , freq: 0, cixing: 0
！, 0, 0
text: , freq: 1, cixing: 65536
希望, 1, 65536
text: , freq: 0, cixing: 0
有, 0, 0
text: , freq: 147603604, cixing: 0
更多, 147603604, 0
text: , freq: 0, cixing: 0
的, 0, 0
text: , freq: 1, cixing: 65536
朋友, 1, 65536
text: , freq: 1, cixing: 65536
和我, 1, 65536
text: , freq: 1, cixing: 65536
一起, 1, 65536
text: , freq: 1, cixing: 65536
游戏, 1, 65536
text: , freq: 0, cixing: 0
！, 0, 0
text: , freq: 5383297, cixing: 2
抽烟, 5383297, 2
text: , freq: 382625, cixing: 0
简单点, 382625, 0
text: , freq: 0, cixing: 0
，, 0, 0
text: , freq: 5808729, cixing: 0
像我, 5808729, 0
text: , freq: 0, cixing: 0
的, 0, 0
text: , freq: 27396681, cixing: 1
性格, 27396681, 1
text: , freq: 1, cixing: 65536
一样, 1, 65536
text: , freq: 0, cixing: 0
。, 0, 0
text: , freq: 0, cixing: 0
。, 0, 0
text: , freq: 0, cixing: 0
。, 0, 0
text: , freq: 70525467, cixing: 0
页面, 70525467, 0
text: , freq: 6096078, cixing: 0
很漂亮, 6096078, 0
text: , freq: 12405196, cixing: 0
很喜欢, 12405196, 0
text: , freq: 46082296, cixing: 8200
难道, 46082296, 8200
text: , freq: 87734699, cixing: 0
我也, 87734699, 0
text: , freq: 8896904, cixing: 0
中了, 8896904, 0
text: , freq: 1, cixing: 65536
沉默, 1, 65536
text: , freq: 0, cixing: 0
？, 0, 0
text: , freq: 0, cixing: 0
顶, 0, 0
text: , freq: 1, cixing: 65536
海涛, 1, 65536
text: , freq: 0, cixing: 0
oyeah, 0, 0
text: , freq: 0, cixing: 0
！, 0, 0
text: , freq: 1, cixing: 65536
跟随, 1, 65536
text: , freq: 1, cixing: 65536
海涛, 1, 65536
text: , freq: 22287013, cixing: 0
而来, 22287013, 0
text: , freq: 0, cixing: 0
！, 0, 0
text: , freq: 0, cixing: 0
！, 0, 0
text: , freq: 0, cixing: 0
！, 0, 0
text: , freq: 0, cixing: 0
！, 0, 0
text: , freq: 0, cixing: 0
！, 0, 0
text: , freq: 24374138, cixing: 0
我来, 24374138, 0
text: , freq: 0, cixing: 0
喽, 0, 0
text: , freq: 0, cixing: 0
！, 0, 0
text: , freq: 0, cixing: 0
！, 0, 0
text: , freq: 1, cixing: 65536
一起, 1, 65536
text: , freq: 0, cixing: 0
dota, 0, 0
text: , freq: 234115877, cixing: 4098
通过, 234115877, 4098
text: , freq: 1, cixing: 65536
海涛, 1, 65536
text: , freq: 0, cixing: 0
的, 0, 0
text: , freq: 81630897, cixing: 1
视频, 81630897, 1
text: , freq: 14221598, cixing: 0
才知道, 14221598, 0
text: , freq: 1, cixing: 65536
这个, 1, 65536
text: , freq: 1, cixing: 65536
网站, 1, 65536
text: , freq: 0, cixing: 0
的, 0, 0
text: , freq: 0, cixing: 0
。, 0, 0
text: , freq: 0, cixing: 0
。, 0, 0
text: , freq: 0, cixing: 0
。, 0, 0
text: , freq: 1, cixing: 65536
希望, 1, 65536
text: , freq: 1, cixing: 65536
喜欢, 1, 65536
text: , freq: 0, cixing: 0
玩, 0, 0
text: , freq: 0, cixing: 0
dota, 0, 0
text: , freq: 0, cixing: 0
的, 0, 0
text: , freq: 1, cixing: 65536
伙伴, 1, 65536
text: , freq: 1, cixing: 65536
加我好友, 1, 65536
text: , freq: 0, cixing: 0
！, 0, 0
text: , freq: 0, cixing: 0
！, 0, 0
text: , freq: 0, cixing: 0
！, 0, 0
text: , freq: 0, cixing: 0
坏, 0, 0
text: , freq: 0, cixing: 0
笑, 0, 0
text: , freq: 1, cixing: 65536
今天, 1, 65536
text: , freq: 1, cixing: 65536
开了, 1, 65536
text: , freq: 264132664, cixing: 0
自己的, 264132664, 0
text: , freq: 0, cixing: 0
17gaming, 0, 0
text: , freq: 1, cixing: 65536
空间, 1, 65536
text: , freq: 0, cixing: 0
，, 0, 0
text: , freq: 1, cixing: 65536
兴奋, 1, 65536
text: , freq: 0, cixing: 0
中, 0, 0
text: , freq: 0, cixing: 0
！, 0, 0
text: , freq: 1, cixing: 65536
欢迎, 1, 65536
text: , freq: 1355006, cixing: 0
游戏玩家, 1355006, 0
text: , freq: 1631741, cixing: 0
多来, 1631741, 0
text: , freq: 0, cixing: 0
踩, 0, 0
text: , freq: 0, cixing: 0
踩, 0, 0
text: , freq: 0, cixing: 0
！, 0, 0
text: , freq: 0, cixing: 0
！, 0, 0
text: , freq: 0, cixing: 0
！, 0, 0
text: , freq: 0, cixing: 0
！, 0, 0
text: , freq: 0, cixing: 0
！, 0, 0
text: , freq: 0, cixing: 0
！, 0, 0
text: , freq: 0, cixing: 0
！, 0, 0
text: , freq: 0, cixing: 0
！, 0, 0
text: , freq: 0, cixing: 0
！, 0, 0
text: , freq: 0, cixing: 0
！, 0, 0
text: , freq: 1, cixing: 65536
支持, 1, 65536
text: , freq: 1, cixing: 65536
海涛, 1, 65536
text: , freq: 0, cixing: 0
（, 0, 0
text: , freq: 81630897, cixing: 1
视频, 81630897, 1
text: , freq: 5217276, cixing: 2
解说, 5217276, 2
text: , freq: 0, cixing: 0
）, 0, 0
text: , freq: 172072, cixing: 2
打呵欠, 172072, 2
text: , freq: 1, cixing: 65536
支持, 1, 65536
text: , freq: 1, cixing: 65536
海涛, 1, 65536
text: , freq: 96552514, cixing: 0
我是, 96552514, 0
text: , freq: 0, cixing: 0
为, 0, 0
text: , freq: 0, cixing: 0
涛, 0, 0
text: , freq: 0, cixing: 0
哥, 0, 0
text: , freq: 1, cixing: 65536
来的, 1, 65536
text: , freq: 1, cixing: 65536
好的, 1, 65536
text: , freq: 0, cixing: 0
，, 0, 0
text: , freq: 1, cixing: 65536
悲剧, 1, 65536
text: , freq: 0, cixing: 0
了, 0, 0
text: , freq: 0, cixing: 0
。, 0, 0
text: , freq: 0, cixing: 0
。, 0, 0
text: , freq: 0, cixing: 0
。, 0, 0
text: , freq: 0, cixing: 0
我, 0, 0
text: , freq: 0, cixing: 0
嘞, 0, 0
text: , freq: 0, cixing: 0
个, 0, 0
text: , freq: 0, cixing: 0
去, 0, 0
text: , freq: 0, cixing: 0
衰, 0, 0
text: , freq: 1, cixing: 65536
大家好, 1, 65536
text: , freq: 1, cixing: 65536
今天, 1, 65536
text: , freq: 0, cixing: 0
你, 0, 0
text: , freq: 0, cixing: 0
过, 0, 0
text: , freq: 0, cixing: 0
的, 0, 0
text: , freq: 1284170, cixing: 0
还好吗, 1284170, 0
text: , freq: 0, cixing: 0
？, 0, 0
text: , freq: 1, cixing: 65536
最近, 1, 65536
text: , freq: 969758, cixing: 0
很郁闷, 969758, 0
text: , freq: 1, cixing: 65536
惊吓, 1, 65536
text: , freq: 0, cixing: 0
坏, 0, 0
text: , freq: 0, cixing: 0
笑, 0, 0
text: , freq: 1, cixing: 65536
素质游戏, 1, 65536
text: , freq: 1, cixing: 65536
有爱, 1, 65536
text: , freq: 66203166, cixing: 1
人生, 66203166, 1
text: , freq: 0, cixing: 0
求, 0, 0
text: , freq: 13450710, cixing: 2
交往, 13450710, 2
text: , freq: 0, cixing: 0
5D, 0, 0
text: , freq: 0, cixing: 0
为, 0, 0
text: , freq: 1, cixing: 65536
明天, 1, 65536
text: , freq: 1, cixing: 65536
架起, 1, 65536
text: , freq: 27524036, cixing: 8
一道, 27524036, 8
text: , freq: 1, cixing: 65536
彩虹, 1, 65536
text: , freq: 0, cixing: 0
DotA, 0, 0
text: , freq: 1, cixing: 65536
游戏中, 1, 65536
text: , freq: 1, cixing: 65536
哈哈, 1, 65536
text: , freq: 0, cixing: 0
涛, 0, 0
text: , freq: 0, cixing: 0
哥, 0, 0
text: , freq: 81630897, cixing: 1
视频, 81630897, 1
text: , freq: 0, cixing: 0
ing, 0, 0
text: , freq: 0, cixing: 0
。, 0, 0
text: , freq: 0, cixing: 0
。, 0, 0
text: , freq: 0, cixing: 0
。, 0, 0
text: , freq: 0, cixing: 0
。, 0, 0
text: , freq: 1, cixing: 65536
热烈, 1, 65536
text: , freq: 1, cixing: 65536
欢迎, 1, 65536
text: , freq: 0, cixing: 0
Esports, 0, 0
text: , freq: 1, cixing: 65536
海涛, 1, 65536
text: , freq: 1, cixing: 65536
下载, 1, 65536
text: , freq: 1, cixing: 65536
东西, 1, 65536
text: , freq: 0, cixing: 0
真, 0, 0
text: , freq: 0, cixing: 0
慢, 0, 0
text: , freq: 0, cixing: 0
、, 0, 0
text: , freq: 0, cixing: 0
这, 0, 0
text: , freq: 1, cixing: 65536
乌龟, 1, 65536
text: , freq: 1, cixing: 65536
速度, 1, 65536
text: , freq: 0, cixing: 0
！, 0, 0
text: , freq: 1, cixing: 65536
呜呜, 1, 65536
text: , freq: 0, cixing: 0
呜, 0, 0
text: , freq: 0, cixing: 0
·, 0, 0
text: , freq: 0, cixing: 0
·, 0, 0
text: , freq: 0, cixing: 0
·, 0, 0
text: , freq: 0, cixing: 0
就, 0, 0
text: , freq: 0, cixing: 0
冲, 0, 0
text: , freq: 0, cixing: 0
涛, 0, 0
text: , freq: 0, cixing: 0
哥, 0, 0
text: , freq: 0, cixing: 0
加, 0, 0
text: , freq: 0, cixing: 0
的, 0, 0
text: , freq: 1, cixing: 65536
刚刚, 1, 65536
text: , freq: 1, cixing: 65536
注册, 1, 65536
text: , freq: 2411527, cixing: 0
来玩, 2411527, 0
text: , freq: 0, cixing: 0
玩, 0, 0
text: , freq: 1, cixing: 65536
惊吓, 1, 65536
text: , freq: 1, cixing: 65536
呵呵, 1, 65536
text: , freq: 0, cixing: 0
，, 0, 0
text: , freq: 1, cixing: 65536
大家好, 1, 65536
text: , freq: 0, cixing: 0
。, 0, 0
text: , freq: 96552514, cixing: 0
我是, 96552514, 0
text: , freq: 214969, cixing: 1
满堂红, 214969, 1
text: , freq: 0, cixing: 0
。, 0, 0
text: , freq: 1, cixing: 65536
嘎嘎, 1, 65536
text: , freq: 0, cixing: 0
！, 0, 0
text: , freq: 0, cixing: 0
哇, 0, 0
text: , freq: 0, cixing: 0
哦, 0, 0
text: , freq: 0, cixing: 0
·, 0, 0
text: , freq: 0, cixing: 0
·, 0, 0
text: , freq: 0, cixing: 0
·, 0, 0
text: , freq: 0, cixing: 0
·, 0, 0
text: , freq: 1, cixing: 65536
新西兰, 1, 65536
text: , freq: 0, cixing: 0
的, 0, 0
text: , freq: 1, cixing: 65536
一个, 1, 65536
text: , freq: 0, cixing: 0
DOTA, 0, 0
text: , freq: 1, cixing: 65536
玩家, 1, 65536
text: , freq: 1, cixing: 65536
喜欢, 1, 65536
text: , freq: 1, cixing: 65536
一起, 1, 65536
text: , freq: 0, cixing: 0
打, 0, 0
text: , freq: 0, cixing: 0
DOTA, 0, 0
text: , freq: 0, cixing: 0
的, 0, 0
text: , freq: 1, cixing: 65536
可以, 1, 65536
text: , freq: 61517152, cixing: 2
过来, 61517152, 2
text: , freq: 1, cixing: 65536
一起, 1, 65536
text: , freq: 1, cixing: 65536
研究, 1, 65536
text: , freq: 1, cixing: 65536
研究, 1, 65536
text: , freq: 1, cixing: 65536
欢迎, 1, 65536
text: , freq: 347526, cixing: 0
不图, 347526, 0
text: , freq: 1, cixing: 65536
不挂, 1, 65536
text: , freq: 0, cixing: 0
，, 0, 0
text: , freq: 1, cixing: 65536
素质游戏, 1, 65536
text: , freq: 0, cixing: 0
，, 0, 0
text: , freq: 923826, cixing: 0
从我做起, 923826, 0
text: , freq: 0, cixing: 0
。, 0, 0
text: , freq: 77255, cixing: 0
我来了, 77255, 0
text: , freq: 0, cixing: 0
应, 0, 0
text: , freq: 1, cixing: 65536
海涛, 1, 65536
text: , freq: 0, cixing: 0
之, 0, 0
text: , freq: 0, cixing: 0
邀, 0, 0
text: , freq: 0, cixing: 0
来, 0, 0
text: , freq: 1, cixing: 65536
注册, 1, 65536
text: , freq: 1, cixing: 65536
一个, 1, 65536
text: , freq: 0, cixing: 0
了, 0, 0
text: , freq: 0, cixing: 0
，, 0, 0
text: , freq: 1, cixing: 65536
嘿嘿, 1, 65536
text: , freq: 0, cixing: 0
。, 0, 0
text: , freq: 1, cixing: 65536
小小, 1, 65536
text: , freq: 1, cixing: 65536
支持, 1, 65536
text: , freq: 1, cixing: 65536
一下, 1, 65536
text: , freq: 1, cixing: 65536
郭嘉, 1, 65536
text: , freq: 1, cixing: 65536
举办, 1, 65536
text: , freq: 0, cixing: 0
的, 0, 0
text: , freq: 1, cixing: 65536
比赛, 1, 65536
text: , freq: 8523159, cixing: 1
各方面, 8523159, 1
text: , freq: 0, cixing: 0
都, 0, 0
text: , freq: 0, cixing: 0
太, 0, 0
text: , freq: 0, cixing: 0
次, 0, 0
text: , freq: 0, cixing: 0
了, 0, 0
text: , freq: 1, cixing: 65536
大家, 1, 65536
text: , freq: 10141549, cixing: 0
好啊, 10141549, 0
text: , freq: 0, cixing: 0
，, 0, 0
text: , freq: 96552514, cixing: 0
我是, 96552514, 0
text: , freq: 1, cixing: 65536
新人, 1, 65536
text: , freq: 0, cixing: 0
哈, 0, 0
text: , freq: 1, cixing: 65536
可怜, 1, 65536
text: , freq: 0, cixing: 0
晕, 0, 0
text: , freq: 0, cixing: 0
wow, 0, 0
text: , freq: 0, cixing: 0
才, 0, 0
text: , freq: 1, cixing: 65536
开始, 1, 65536
text: , freq: 0, cixing: 0
，, 0, 0
text: , freq: 0, cixing: 0
有, 0, 0
text: , freq: 61453, cixing: 0
在同一, 61453, 0
text: , freq: 0, cixing: 0
区, 0, 0
text: , freq: 241822796, cixing: 0
的人, 241822796, 0
text: , freq: 0, cixing: 0
多, 0, 0
text: , freq: 1, cixing: 65536
帮忙, 1, 65536
text: , freq: 0, cixing: 0
哈, 0, 0
text: , freq: 1, cixing: 65536
呵呵, 1, 65536
text: , freq: 1, cixing: 65536
我的, 1, 65536
text: , freq: 0, cixing: 0
qq623450397, 0, 0
text: , freq: 46082296, cixing: 8200
难道, 46082296, 8200
text: , freq: 1, cixing: 65536
这里, 1, 65536
text: , freq: 2625259, cixing: 10
只管, 2625259, 10
text: , freq: 10612080, cixing: 0
线上, 10612080, 0
text: , freq: 1, cixing: 65536
游戏, 1, 65536
text: , freq: 0, cixing: 0
么, 0, 0
text: , freq: 0, cixing: 0
？, 0, 0
text: , freq: 1, cixing: 65536
支持, 1, 65536
text: , freq: 1, cixing: 65536
海涛, 1, 65536
text: , freq: 0, cixing: 0
啊, 0, 0
text: , freq: 0, cixing: 0
！, 0, 0
text: , freq: 0, cixing: 0
哭, 0, 0
text: , freq: 1596369, cixing: 0
你正, 1596369, 0
text: , freq: 0, cixing: 0
在, 0, 0
text: , freq: 7537636, cixing: 8192
干嘛, 7537636, 8192
text: , freq: 0, cixing: 0
呢, 0, 0
text: , freq: 0, cixing: 0
囧, 0, 0
text: , freq: 1, cixing: 65536
永远, 1, 65536
text: , freq: 1, cixing: 65536
支持, 1, 65536
text: , freq: 0, cixing: 0
涛, 0, 0
text: , freq: 0, cixing: 0
哥, 0, 0
text: , freq: 0, cixing: 0
！, 0, 0
text: , freq: 0, cixing: 0
！, 0, 0
text: , freq: 0, cixing: 0
！, 0, 0
text: , freq: 266705, cixing: 1
河北大学, 266705, 1
text: , freq: 0, cixing: 0
玩, 0, 0
text: , freq: 1, cixing: 65536
天龙, 1, 65536
text: , freq: 0, cixing: 0
的, 0, 0
text: , freq: 1, cixing: 65536
加我, 1, 65536
text: , freq: 0, cixing: 0
QQ1058883834, 0, 0
text: , freq: 0, cixing: 0
！, 0, 0
text: , freq: 0, cixing: 0
￥, 0, 0
text: , freq: 0, cixing: 0
…, 0, 0
text: , freq: 0, cixing: 0
…, 0, 0
text: , freq: 0, cixing: 0
amp, 0, 0
text: , freq: 0, cixing: 0
（, 0, 0
text: , freq: 0, cixing: 0
）, 0, 0
text: , freq: 1, cixing: 65536
支持, 1, 65536
text: , freq: 1, cixing: 65536
海涛, 1, 65536
text: , freq: 0, cixing: 0
。, 0, 0
text: , freq: 0, cixing: 0
涛, 0, 0
text: , freq: 0, cixing: 0
哥, 0, 0
text: , freq: 0, cixing: 0
好, 0, 0
text: , freq: 1, cixing: 65536
犀利, 1, 65536
text: , freq: 0, cixing: 0
啊, 0, 0
text: , freq: 1, cixing: 65536
纠结, 1, 65536
text: , freq: 0, cixing: 0
！, 0, 0
text: , freq: 1, cixing: 65536
海涛, 1, 65536
text: , freq: 0, cixing: 0
哥, 0, 0
text: , freq: 0, cixing: 0
！, 0, 0
text: , freq: 0, cixing: 0
！, 0, 0
text: , freq: 0, cixing: 0
！, 0, 0
text: , freq: 1, cixing: 65536
呵呵, 1, 65536
text: , freq: 0, cixing: 0
！, 0, 0
text: , freq: 163542886, cixing: 12
非常, 163542886, 12
text: , freq: 1755299, cixing: 0
感谢大家, 1755299, 0
text: , freq: 0, cixing: 0
，, 0, 0
text: , freq: 1, cixing: 65536
感动, 1, 65536
text: , freq: 0, cixing: 0
得, 0, 0
text: , freq: 4569999, cixing: 0
老夫, 4569999, 0
text: , freq: 1, cixing: 65536
虎, 1, 65536
text: , freq: 0, cixing: 0
躯, 0, 0
text: , freq: 0, cixing: 0
一, 0, 0
text: , freq: 0, cixing: 0
震, 0, 0
text: , freq: 0, cixing: 0
…, 0, 0
text: , freq: 1, cixing: 65536
后面, 1, 65536
text: , freq: 1, cixing: 65536
你们, 1, 65536
text: , freq: 0, cixing: 0
懂, 0, 0
text: , freq: 0, cixing: 0
的, 0, 0
text: , freq: 0, cixing: 0
…, 0, 0
text: , freq: 1228225, cixing: 0
很无聊, 1228225, 0
text: , freq: 0, cixing: 0
！, 0, 0
text: , freq: 924566, cixing: 0
看海, 924566, 0
text: , freq: 0, cixing: 0
涛, 0, 0
text: , freq: 81630897, cixing: 1
视频, 81630897, 1
text: , freq: 1, cixing: 65536
心情, 1, 65536
text: , freq: 1, cixing: 65536
不错, 1, 65536
text: , freq: 0, cixing: 0
啊, 0, 0
text: , freq: 0, cixing: 0
！, 0, 0
text: , freq: 88547574, cixing: 8
终于, 88547574, 8
text: , freq: 1, cixing: 65536
注册, 1, 65536
text: , freq: 0, cixing: 0
了, 0, 0
text: , freq: 1, cixing: 65536
支持, 1, 65536
text: , freq: 1, cixing: 65536
海涛, 1, 65536
text: , freq: 0, cixing: 0
！, 0, 0
text: , freq: 0, cixing: 0
！, 0, 0
text: , freq: 0, cixing: 0
！, 0, 0
text: , freq: 0, cixing: 0
！, 0, 0
text: , freq: 0, cixing: 0
！, 0, 0
text: , freq: 0, cixing: 0
！, 0, 0
text: , freq: 1, cixing: 65536
淡定, 1, 65536
text: , freq: 1, cixing: 65536
心情, 1, 65536
text: , freq: 0, cixing: 0
好, 0, 0
text: , freq: 0, cixing: 0
，, 0, 0
text: , freq: 20708150, cixing: 0
一切都, 20708150, 0
text: , freq: 23738251, cixing: 4
美好, 23738251, 4
text: , freq: 0, cixing: 0
坏, 0, 0
text: , freq: 0, cixing: 0
笑, 0, 0
text: , freq: 0, cixing: 0
KO24B, 0, 0
text: , freq: 0, cixing: 0
替, 0, 0
text: , freq: 0, cixing: 0
涛, 0, 0
text: , freq: 0, cixing: 0
哥, 0, 0
text: , freq: 1, cixing: 65536
谢谢, 1, 65536
text: , freq: 0, cixing: 0
17, 0, 0
text: , freq: 2752305, cixing: 0
游戏网, 2752305, 0
text: , freq: 0, cixing: 0
涛, 0, 0
text: , freq: 0, cixing: 0
哥, 0, 0
text: , freq: 1, cixing: 65536
真的, 1, 65536
text: , freq: 39477363, cixing: 2
值得, 39477363, 2
text: , freq: 1, cixing: 65536
你们, 1, 65536
text: , freq: 6376014, cixing: 2
赞助, 6376014, 2
text: , freq: 1, cixing: 65536
当然, 1, 65536
text: , freq: 0, cixing: 0
也, 0, 0
text: , freq: 1, cixing: 65536
支持, 1, 65536
text: , freq: 0, cixing: 0
17, 0, 0
text: , freq: 2752305, cixing: 0
游戏网, 2752305, 0
text: , freq: 1, cixing: 65536
鼓掌, 1, 65536
text: , freq: 0, cixing: 0
sdf, 0, 0
text: , freq: 1, cixing: 65536
海涛, 1, 65536
text: , freq: 0, cixing: 0
的, 0, 0
text: , freq: 6376014, cixing: 2
赞助, 6376014, 2
text: , freq: 0, cixing: 0
，, 0, 0
text: , freq: 0, cixing: 0
必, 0, 0
text: , freq: 0, cixing: 0
顶, 0, 0
text: , freq: 0, cixing: 0
！, 0, 0
text: , freq: 0, cixing: 0
dota, 0, 0
text: , freq: 1, cixing: 65536
菜鸟, 1, 65536
text: , freq: 0, cixing: 0
求, 0, 0
text: , freq: 1, cixing: 65536
高手, 1, 65536
text: , freq: 1, cixing: 65536
带我, 1, 65536
text: , freq: 0, cixing: 0
玩, 0, 0
text: , freq: 0, cixing: 0
QQ874281584, 0, 0
text: , freq: 1, cixing: 65536
新人, 1, 65536
text: , freq: 1, cixing: 65536
报到, 1, 65536
text: , freq: 0, cixing: 0
俺, 0, 0
text: , freq: 0, cixing: 0
是, 0, 0
text: , freq: 0, cixing: 0
来, 0, 0
text: , freq: 0, cixing: 0
顶, 0, 0
text: , freq: 1, cixing: 65536
海涛, 1, 65536
text: , freq: 0, cixing: 0
的, 0, 0
text: , freq: 0, cixing: 0
！, 0, 0
text: , freq: 924566, cixing: 0
看海, 924566, 0
text: , freq: 0, cixing: 0
涛, 0, 0
text: , freq: 81630897, cixing: 1
视频, 81630897, 1
text: , freq: 1, cixing: 65536
来的, 1, 65536
text: , freq: 1, cixing: 65536
海涛, 1, 65536
text: , freq: 1, cixing: 65536
在哪, 1, 65536
text: , freq: 0, cixing: 0
？, 0, 0
text: , freq: 0, cixing: 0
哎, 0, 0
text: , freq: 0, cixing: 0
，, 0, 0
text: , freq: 1, cixing: 65536
没时间, 1, 65536
text: , freq: 1, cixing: 65536
玩游戏, 1, 65536
text: , freq: 0, cixing: 0
啊, 0, 0
text: , freq: 0, cixing: 0
…, 0, 0
text: , freq: 0, cixing: 0
…, 0, 0
text: , freq: 0, cixing: 0
…, 0, 0
text: , freq: 0, cixing: 0
…, 0, 0
text: , freq: 0, cixing: 0
…, 0, 0
text: , freq: 0, cixing: 0
…, 0, 0
text: , freq: 0, cixing: 0
坏, 0, 0
text: , freq: 0, cixing: 0
笑, 0, 0
text: , freq: 0, cixing: 0
坏, 0, 0
text: , freq: 0, cixing: 0
笑, 0, 0
text: , freq: 0, cixing: 0
又, 0, 0
text: , freq: 1, cixing: 65536
被虐了, 1, 65536
text: , freq: 0, cixing: 0
！, 0, 0
text: , freq: 0, cixing: 0
！, 0, 0
text: , freq: 0, cixing: 0
！, 0, 0
text: , freq: 0, cixing: 0
！, 0, 0
text: , freq: 1, cixing: 65536
支持, 1, 65536
text: , freq: 0, cixing: 0
涛, 0, 0
text: , freq: 0, cixing: 0
哥, 0, 0
text: , freq: 1, cixing: 65536
小心, 1, 65536
text: , freq: 1, cixing: 65536
茄子, 1, 65536
text: , freq: 0, cixing: 0
！, 0, 0
text: , freq: 0, cixing: 0
NICE, 0, 0
text: , freq: 66203166, cixing: 1
人生, 66203166, 1
text: , freq: 40960009, cixing: 0
就像, 40960009, 0
text: , freq: 1, cixing: 65536
游戏, 1, 65536
text: , freq: 0, cixing: 0
但, 0, 0
text: , freq: 1, cixing: 65536
游戏, 1, 65536
text: , freq: 6730623, cixing: 0
却不, 6730623, 0
text: , freq: 1893885, cixing: 0
能像, 1893885, 0
text: , freq: 66203166, cixing: 1
人生, 66203166, 1
text: , freq: 0, cixing: 0
哎, 0, 0
text: , freq: 0, cixing: 0
这, 0, 0
text: , freq: 1, cixing: 65536
网站, 1, 65536
text: , freq: 54891297, cixing: 8
竟然, 54891297, 8
text: , freq: 8188744, cixing: 0
不支持, 8188744, 0
text: , freq: 1, cixing: 65536
美服, 1, 65536
text: , freq: 0, cixing: 0
的, 0, 0
text: , freq: 1, cixing: 65536
角色, 1, 65536
text: , freq: 1, cixing: 65536
建立, 1, 65536
text: , freq: 0, cixing: 0
。, 0, 0
text: , freq: 0, cixing: 0
。, 0, 0
text: , freq: 0, cixing: 0
。, 0, 0
text: , freq: 0, cixing: 0
。, 0, 0
text: , freq: 96552514, cixing: 0
我是, 96552514, 0
text: , freq: 0, cixing: 0
来, 0, 0
text: , freq: 1, cixing: 65536
支持, 1, 65536
text: , freq: 1, cixing: 65536
海涛, 1, 65536
text: , freq: 0, cixing: 0
的, 0, 0
text: , freq: 0, cixing: 0
，, 0, 0
text: , freq: 1, cixing: 65536
呵呵, 1, 65536
text: , freq: 96552514, cixing: 0
我是, 96552514, 0
text: , freq: 1, cixing: 65536
海涛, 1, 65536
text: , freq: 0, cixing: 0
的, 0, 0
text: , freq: 1, cixing: 65536
粉丝, 1, 65536
text: , freq: 0, cixing: 0
，, 0, 0
text: , freq: 246602692, cixing: 512
所以, 246602692, 512
text: , freq: 0, cixing: 0
来, 0, 0
text: , freq: 1, cixing: 65536
注册, 1, 65536
text: , freq: 1, cixing: 65536
一下, 1, 65536
text: , freq: 0, cixing: 0
。, 0, 0
text: , freq: 0, cixing: 0
这, 0, 0
text: , freq: 1, cixing: 65536
网站, 1, 65536
text: , freq: 0, cixing: 0
的, 0, 0
text: , freq: 1, cixing: 65536
口号, 1, 65536
text: , freq: 0, cixing: 0
很, 0, 0
text: , freq: 10287313, cixing: 4
动人, 10287313, 4
text: , freq: 0, cixing: 0
哈, 0, 0
text: , freq: 1, cixing: 65536
呵呵, 1, 65536
text: , freq: 4328618, cixing: 0
支持下, 4328618, 0
text: , freq: 0, cixing: 0
无, 0, 0
text: , freq: 1, cixing: 65536
兄弟, 1, 65536
text: , freq: 0, cixing: 0
，, 0, 0
text: , freq: 0, cixing: 0
不, 0, 0
text: , freq: 0, cixing: 0
dota, 0, 0
text: , freq: 11228216, cixing: 0
看完, 11228216, 0
text: , freq: 81630897, cixing: 1
视频, 81630897, 1
text: , freq: 1, cixing: 65536
睡觉, 1, 65536
text: , freq: 0, cixing: 0
咯, 0, 0
text: , freq: 0, cixing: 0
挖, 0, 0
text: , freq: 1, cixing: 65536
鼻子, 1, 65536
text: , freq: 39786, cixing: 0
我爱玩, 39786, 0
text: , freq: 0, cixing: 0
逗, 0, 0
text: , freq: 0, cixing: 0
她, 0, 0
text: , freq: 1, cixing: 65536
也就是, 1, 65536
text: , freq: 0, cixing: 0
dota, 0, 0
text: , freq: 0, cixing: 0
！, 0, 0
text: , freq: 0, cixing: 0
！, 0, 0
text: , freq: 0, cixing: 0
ok, 0, 0
text: , freq: 1, cixing: 65536
游戏, 1, 65536
text: , freq: 1, cixing: 65536
新手, 1, 65536
text: , freq: 347526, cixing: 0
不图, 347526, 0
text: , freq: 1, cixing: 65536
不挂, 1, 65536
text: , freq: 10530410, cixing: 5
从前, 10530410, 5
text: , freq: 0, cixing: 0
，, 0, 0
text: , freq: 1, cixing: 65536
我们, 1, 65536
text: , freq: 3333462, cixing: 0
无话, 3333462, 0
text: , freq: 17915092, cixing: 2
不说, 17915092, 2
text: , freq: 0, cixing: 0
，, 0, 0
text: , freq: 0, cixing: 0
可, 0, 0
text: , freq: 1, cixing: 65536
现在, 1, 65536
text: , freq: 0, cixing: 0
，, 0, 0
text: , freq: 0, cixing: 0
只, 0, 0
text: , freq: 105616, cixing: 0
我一个, 105616, 0
text: , freq: 13962326, cixing: 12
独自, 13962326, 12
text: , freq: 2617935, cixing: 4
落寞, 2617935, 4
text: , freq: 0, cixing: 0
DOTA, 0, 0
text: , freq: 0, cixing: 0
哥, 0, 0
text: , freq: 1, cixing: 65536
喜欢, 1, 65536
text: , freq: 0, cixing: 0
看, 0, 0
text: , freq: 1, cixing: 65536
星际, 1, 65536
text: , freq: 0, cixing: 0
2, 0, 0
text: , freq: 0, cixing: 0
和, 0, 0
text: , freq: 1, cixing: 65536
魔兽, 1, 65536
text: , freq: 81630897, cixing: 1
视频, 81630897, 1
text: , freq: 24374138, cixing: 0
我来, 24374138, 0
text: , freq: 0, cixing: 0
咯, 0, 0
text: , freq: 1, cixing: 65536
哈哈, 1, 65536
text: , freq: 1, cixing: 65536
因为, 1, 65536
text: , freq: 1, cixing: 65536
海涛, 1, 65536
text: , freq: 0, cixing: 0
，, 0, 0
text: , freq: 246602692, cixing: 512
所以, 246602692, 512
text: , freq: 0, cixing: 0
有, 0, 0
text: , freq: 0, cixing: 0
你, 0, 0
text: , freq: 3635362, cixing: 0
抓到, 3635362, 0
text: , freq: 41828422, cixing: 0
一只, 41828422, 0
text: , freq: 1934025, cixing: 4
硕大, 1934025, 4
text: , freq: 0, cixing: 0
的, 0, 0
text: , freq: 1, cixing: 65536
老鼠, 1, 65536
text: , freq: 0, cixing: 0
，, 0, 0
text: , freq: 354746, cixing: 0
好恶心, 354746, 0
text: , freq: 5577216, cixing: 0
大家一起, 5577216, 0
text: , freq: 0, cixing: 0
来, 0, 0
text: , freq: 0, cixing: 0
DOTA, 0, 0
text: , freq: 0, cixing: 0
啦, 0, 0
text: , freq: 1, cixing: 65536
现在的, 1, 65536
text: , freq: 1, cixing: 65536
游戏, 1, 65536
text: , freq: 56118533, cixing: 2
好像, 56118533, 2
text: , freq: 1, cixing: 65536
都是, 1, 65536
text: , freq: 0, cixing: 0
为, 0, 0
text: , freq: 0, cixing: 0
90, 0, 0
text: , freq: 0, cixing: 0
后, 0, 0
text: , freq: 8816341, cixing: 6
定制, 8816341, 6
text: , freq: 0, cixing: 0
的, 0, 0
text: , freq: 0, cixing: 0
，, 0, 0
text: , freq: 1, cixing: 65536
不喜欢, 1, 65536
text: , freq: 0, cixing: 0
。, 0, 0
text: , freq: 1, cixing: 65536
我们, 1, 65536
text: , freq: 1, cixing: 65536
这些, 1, 65536
text: , freq: 712365, cixing: 4
大龄, 712365, 4
text: , freq: 1, cixing: 65536
玩家, 1, 65536
text: , freq: 5500066, cixing: 0
该怎么, 5500066, 0
text: , freq: 0, cixing: 0
办, 0, 0
text: , freq: 0, cixing: 0
啊, 0, 0
text: , freq: 0, cixing: 0
，, 0, 0
text: , freq: 71362047, cixing: 0
我要, 71362047, 0
text: , freq: 1, cixing: 65536
玩游戏, 1, 65536
text: , freq: 1, cixing: 65536
加入, 1, 65536
text: , freq: 0, cixing: 0
则, 0, 0
text: , freq: 14537813, cixing: 4
合格, 14537813, 4
text: , freq: 1, cixing: 65536
网站, 1, 65536
text: , freq: 8860346, cixing: 12
纯粹, 8860346, 12
text: , freq: 661477, cixing: 0
是为了, 661477, 0
text: , freq: 1, cixing: 65536
支持, 1, 65536
text: , freq: 0, cixing: 0
涛, 0, 0
text: , freq: 0, cixing: 0
哥, 0, 0
text: , freq: 0, cixing: 0
！, 0, 0
text: , freq: 1, cixing: 65536
现在, 1, 65536
text: , freq: 42423248, cixing: 0
都不, 42423248, 0
text: , freq: 1, cixing: 65536
知道, 1, 65536
text: , freq: 3076573, cixing: 0
则会, 3076573, 0
text: , freq: 1, cixing: 65536
网站, 1, 65536
text: , freq: 0, cixing: 0
是, 0, 0
text: , freq: 7537636, cixing: 8192
干嘛, 7537636, 8192
text: , freq: 0, cixing: 0
的, 0, 0
text: , freq: 0, cixing: 0
！, 0, 0
text: , freq: 0, cixing: 0
？, 0, 0
text: , freq: 1, cixing: 65536
和谐, 1, 65536
text: , freq: 0, cixing: 0
DOTA, 0, 0
text: , freq: 0, cixing: 0
，, 0, 0
text: , freq: 347526, cixing: 0
不图, 347526, 0
text: , freq: 1, cixing: 65536
不挂, 1, 65536
text: , freq: 0, cixing: 0
，, 0, 0
text: , freq: 1, cixing: 65536
素质游戏, 1, 65536
text: , freq: 0, cixing: 0
，, 0, 0
text: , freq: 923826, cixing: 0
从我做起, 923826, 0
text: , freq: 1, cixing: 65536
大家, 1, 65536
text: , freq: 1, cixing: 65536
喜欢, 1, 65536
text: , freq: 0, cixing: 0
玩, 0, 0
text: , freq: 1, cixing: 65536
炫舞, 1, 65536
text: , freq: 0, cixing: 0
吗, 0, 0
text: , freq: 0, cixing: 0
？, 0, 0
text: , freq: 1, cixing: 65536
喜欢, 1, 65536
text: , freq: 0, cixing: 0
的, 0, 0
text: , freq: 2347477, cixing: 0
朋友一起, 2347477, 0
text: , freq: 0, cixing: 0
来, 0, 0
text: , freq: 1, cixing: 65536
交流, 1, 65536
text: , freq: 1, cixing: 65536
交流, 1, 65536
text: , freq: 1, cixing: 65536
经验, 1, 65536
text: , freq: 0, cixing: 0
就, 0, 0
text: , freq: 0, cixing: 0
冲, 0, 0
text: , freq: 0, cixing: 0
涛, 0, 0
text: , freq: 0, cixing: 0
哥, 0, 0
text: , freq: 1, cixing: 65536
来的, 1, 65536
text: , freq: 0, cixing: 0
！, 0, 0
text: , freq: 1, cixing: 65536
追加, 1, 65536
text: , freq: 330312, cixing: 0
赞助费, 330312, 0
text: , freq: 0, cixing: 0
啊, 0, 0
text: , freq: 0, cixing: 0
！, 0, 0
text: , freq: 1599015, cixing: 0
刚来, 1599015, 0
text: , freq: 0, cixing: 0
TI, 0, 0
text: , freq: 0, cixing: 0
AMO, 0, 0
text: , freq: 0, cixing: 0
INTER, 0, 0
text: , freq: 0, cixing: 0
kwg, 0, 0
text: , freq: 0, cixing: 0
kwg, 0, 0
text: , freq: 856487, cixing: 4
万恶, 856487, 4
text: , freq: 0, cixing: 0
的, 0, 0
text: , freq: 0, cixing: 0
6, 0, 0
text: , freq: 0, cixing: 0
团, 0, 0
text: , freq: 1, cixing: 65536
和我, 1, 65536
text: , freq: 0, cixing: 0
的, 0, 0
text: , freq: 0, cixing: 0
7, 0, 0
text: , freq: 0, cixing: 0
团, 0, 0
text: , freq: 0, cixing: 0
啊, 0, 0
text: , freq: 0, cixing: 0
。, 0, 0
text: , freq: 0, cixing: 0
。, 0, 0
text: , freq: 0, cixing: 0
。, 0, 0
text: , freq: 0, cixing: 0
。, 0, 0
text: , freq: 0, cixing: 0
。, 0, 0
text: , freq: 0, cixing: 0
晕, 0, 0
text: , freq: 10761954, cixing: 1
五月, 10761954, 1
text: , freq: 0, cixing: 0
的, 0, 0
text: , freq: 0, cixing: 0
天, 0, 0
text: , freq: 1, cixing: 65536
鼓掌, 1, 65536
text: , freq: 0, cixing: 0
我, 0, 0
text: , freq: 0, cixing: 0
嘞, 0, 0
text: , freq: 0, cixing: 0
个, 0, 0
text: , freq: 0, cixing: 0
去, 0, 0
text: , freq: 0, cixing: 0
露, 0, 0
text: , freq: 0, cixing: 0
小, 0, 0
text: , freq: 0, cixing: 0
缝, 0, 0
text: , freq: 0, cixing: 0
VS, 0, 0
text: , freq: 1, cixing: 65536
网通, 1, 65536
text: , freq: 0, cixing: 0
DOTA, 0, 0
text: , freq: 0, cixing: 0
！, 0, 0
text: , freq: 0, cixing: 0
！, 0, 0
text: , freq: 0, cixing: 0
VS, 0, 0
text: , freq: 1, cixing: 65536
网通, 1, 65536
text: , freq: 0, cixing: 0
DOTA, 0, 0
text: , freq: 0, cixing: 0
！, 0, 0
text: , freq: 0, cixing: 0
！, 0, 0
text: , freq: 172072, cixing: 2
打呵欠, 172072, 2
text: , freq: 0, cixing: 0
晕, 0, 0
text: , freq: 1, cixing: 65536
为了, 1, 65536
text: , freq: 0, cixing: 0
涛, 0, 0
text: , freq: 0, cixing: 0
哥, 0, 0
text: , freq: 0, cixing: 0
。, 0, 0
text: , freq: 0, cixing: 0
。, 0, 0
text: , freq: 0, cixing: 0
。, 0, 0
text: , freq: 12648330, cixing: 1
小弟, 12648330, 1
text: , freq: 2842800, cixing: 0
来也, 2842800, 0
text: , freq: 0, cixing: 0
。, 0, 0
text: , freq: 0, cixing: 0
。, 0, 0
text: , freq: 0, cixing: 0
。, 0, 0
text: , freq: 31684515, cixing: 66
进来, 31684515, 66
text: , freq: 1862644, cixing: 2
转转, 1862644, 2
text: , freq: 96552514, cixing: 0
我是, 96552514, 0
text: , freq: 1, cixing: 65536
新来, 1, 65536
text: , freq: 0, cixing: 0
的, 0, 0
text: , freq: 0, cixing: 0
，, 0, 0
text: , freq: 1, cixing: 65536
支持, 1, 65536
text: , freq: 0, cixing: 0
涛, 0, 0
text: , freq: 0, cixing: 0
哥, 0, 0
text: , freq: 1, cixing: 65536
最近, 1, 65536
text: , freq: 8896904, cixing: 0
中了, 8896904, 0
text: , freq: 1, cixing: 65536
沉默, 1, 65536
text: , freq: 0, cixing: 0
顶, 0, 0
text: , freq: 0, cixing: 0
涛, 0, 0
text: , freq: 0, cixing: 0
哥, 0, 0
text: , freq: 0, cixing: 0
！, 0, 0
text: , freq: 0, cixing: 0
来, 0, 0
text: , freq: 1, cixing: 65536
注册, 1, 65536
text: , freq: 0, cixing: 0
！, 0, 0
text: , freq: 5383297, cixing: 2
抽烟, 5383297, 2
text: , freq: 5383297, cixing: 2
抽烟, 5383297, 2
text: , freq: 0, cixing: 0
　, 0, 0
text: , freq: 0, cixing: 0
　, 0, 0
text: , freq: 0, cixing: 0
　, 0, 0
text: , freq: 0, cixing: 0
◇, 0, 0
text: , freq: 0, cixing: 0
◆, 0, 0
text: , freq: 0, cixing: 0
ヽ, 0, 0
text: , freq: 1, cixing: 65536
生活, 1, 65536
text: , freq: 1, cixing: 65536
就是, 1, 65536
text: , freq: 1, cixing: 65536
这样, 1, 65536
text: , freq: 0, cixing: 0
，, 0, 0
text: , freq: 0, cixing: 0
让, 0, 0
text: , freq: 2064785, cixing: 1
弱者, 2064785, 1
text: , freq: 1, cixing: 65536
感觉, 1, 65536
text: , freq: 1, cixing: 65536
无奈, 1, 65536
text: , freq: 0, cixing: 0
，, 0, 0
text: , freq: 0, cixing: 0
让, 0, 0
text: , freq: 3785794, cixing: 1
强者, 3785794, 1
text: , freq: 1, cixing: 65536
感觉, 1, 65536
text: , freq: 1, cixing: 65536
无聊, 1, 65536
text: , freq: 0, cixing: 0
的, 0, 0
text: , freq: 1, cixing: 65536
游戏, 1, 65536
text: , freq: 0, cixing: 0
。, 0, 0
text: , freq: 1, cixing: 65536
最近, 1, 65536
text: , freq: 1, cixing: 65536
游戏, 1, 65536
text: , freq: 0, cixing: 0
老, 0, 0
text: , freq: 1, cixing: 65536
掉线, 1, 65536
text: , freq: 1, cixing: 65536
平台, 1, 65536
text: , freq: 1, cixing: 65536
怎么, 1, 65536
text: , freq: 0, cixing: 0
了, 0, 0
text: , freq: 0, cixing: 0
？, 0, 0
text: , freq: 257006, cixing: 0
我怎么, 257006, 0
text: , freq: 0, cixing: 0
了, 0, 0
text: , freq: 0, cixing: 0
？, 0, 0
text: , freq: 0, cixing: 0
衰, 0, 0
text: , freq: 0, cixing: 0
Esports, 0, 0
text: , freq: 1, cixing: 65536
海涛, 1, 65536
text: , freq: 1, cixing: 65536
貌似, 1, 65536
text: , freq: 0, cixing: 0
，, 0, 0
text: , freq: 1, cixing: 65536
这个, 1, 65536
text: , freq: 1, cixing: 65536
网站, 1, 65536
text: , freq: 0, cixing: 0
，, 0, 0
text: , freq: 1, cixing: 65536
还在, 1, 65536
text: , freq: 5762480, cixing: 2
起步, 5762480, 2
text: , freq: 1, cixing: 65536
阶段, 1, 65536
text: , freq: 0, cixing: 0
。, 0, 0
text: , freq: 0, cixing: 0
为, 0, 0
text: , freq: 1, cixing: 65536
支持, 1, 65536
text: , freq: 0, cixing: 0
涛, 0, 0
text: , freq: 0, cixing: 0
哥, 0, 0
text: , freq: 22287013, cixing: 0
而来, 22287013, 0
text: , freq: 0, cixing: 0
，, 0, 0
text: , freq: 0, cixing: 0
，, 0, 0
text: , freq: 0, cixing: 0
solo, 0, 0
text: , freq: 1, cixing: 65536
喜欢, 1, 65536
text: , freq: 0, cixing: 0
看, 0, 0
text: , freq: 0, cixing: 0
Magicyang, 0, 0
text: , freq: 0, cixing: 0
，, 0, 0
text: , freq: 0, cixing: 0
Dota, 0, 0
text: , freq: 1, cixing: 65536
喜欢, 1, 65536
text: , freq: 0, cixing: 0
开, 0, 0
text: , freq: 0, cixing: 0
涛, 0, 0
text: , freq: 0, cixing: 0
哥, 0, 0
text: , freq: 81630897, cixing: 1
视频, 81630897, 1
text: , freq: 0, cixing: 0
。, 0, 0
text: , freq: 0, cixing: 0
。, 0, 0
text: , freq: 49924080, cixing: 0
我不, 49924080, 0
text: , freq: 1, cixing: 65536
禁, 1, 65536
text: , freq: 0, cixing: 0
，, 0, 0
text: , freq: 1, cixing: 65536
虎, 1, 65536
text: , freq: 0, cixing: 0
躯, 0, 0
text: , freq: 0, cixing: 0
一, 0, 0
text: , freq: 0, cixing: 0
震, 0, 0
text: , freq: 0, cixing: 0
，, 0, 0
text: , freq: 1, cixing: 65536
菊花, 1, 65536
text: , freq: 8471202, cixing: 0
一惊, 8471202, 0
text: , freq: 0, cixing: 0
无, 0, 0
text: , freq: 1, cixing: 65536
兄弟, 1, 65536
text: , freq: 0, cixing: 0
，, 0, 0
text: , freq: 0, cixing: 0
不, 0, 0
text: , freq: 0, cixing: 0
dota, 0, 0
text: , freq: 2442106, cixing: 4
自由自在, 2442106, 4
text: , freq: 1, cixing: 65536
支持, 1, 65536
text: , freq: 1, cixing: 65536
海涛, 1, 65536
text: , freq: 22287013, cixing: 0
而来, 22287013, 0
text: , freq: 0, cixing: 0
的, 0, 0
text: , freq: 0, cixing: 0
！, 0, 0
text: , freq: 23875000, cixing: 0
被人, 23875000, 0
text: , freq: 3451987, cixing: 2
冤枉, 3451987, 2
text: , freq: 0, cixing: 0
用, 0, 0
text: , freq: 0, cixing: 0
挂, 0, 0
text: , freq: 0, cixing: 0
啊, 0, 0
text: , freq: 0, cixing: 0
！, 0, 0
text: , freq: 50921076, cixing: 0
不想, 50921076, 0
text: , freq: 25198300, cixing: 2
读书, 25198300, 2
text: , freq: 0, cixing: 0
了, 0, 0
text: , freq: 0, cixing: 0
。, 0, 0
text: , freq: 0, cixing: 0
。, 0, 0
text: , freq: 0, cixing: 0
。, 0, 0
text: , freq: 0, cixing: 0
累, 0, 0
text: , freq: 0, cixing: 0
晕, 0, 0
text: , freq: 0, cixing: 0
只, 0, 0
text: , freq: 0, cixing: 0
打, 0, 0
text: , freq: 1, cixing: 65536
酱油, 1, 65536
text: , freq: 297714, cixing: 0
软考, 297714, 0
text: , freq: 380659946, cixing: 2
进行, 380659946, 2
text: , freq: 0, cixing: 0
时, 0, 0
text: , freq: 0, cixing: 0
…, 0, 0
text: , freq: 0, cixing: 0
…, 0, 0
text: , freq: 0, cixing: 0
笑, 0, 0
text: , freq: 0, cixing: 0
无, 0, 0
text: , freq: 1, cixing: 65536
朋友, 1, 65536
text: , freq: 0, cixing: 0
不, 0, 0
text: , freq: 0, cixing: 0
dota, 0, 0
text: , freq: 0, cixing: 0
！, 0, 0
text: , freq: 0, cixing: 0
just, 0, 0
text: , freq: 0, cixing: 0
for, 0, 0
text: , freq: 0, cixing: 0
fun, 0, 0
text: , freq: 0, cixing: 0
！, 0, 0
text: , freq: 0, cixing: 0
D, 0, 0
text: , freq: 0, cixing: 0
O, 0, 0
text: , freq: 0, cixing: 0
T, 0, 0
text: , freq: 0, cixing: 0
A, 0, 0
text: , freq: 1, cixing: 65536
小米, 1, 65536
text: , freq: 0, cixing: 0
—, 0, 0
text: , freq: 0, cixing: 0
—, 0, 0
text: , freq: 1, cixing: 65536
因为, 1, 65536
text: , freq: 0, cixing: 0
海, 0, 0
text: , freq: 0, cixing: 0
哥, 0, 0
text: , freq: 22287013, cixing: 0
而来, 22287013, 0
text: , freq: 0, cixing: 0
！, 0, 0
text: , freq: 1, cixing: 65536
米莱, 1, 65536
text: , freq: 0, cixing: 0
，, 0, 0
text: , freq: 4403996, cixing: 0
风吹, 4403996, 0
text: , freq: 2091923, cixing: 0
不散, 2091923, 0
text: , freq: 0, cixing: 0
！, 0, 0
text: , freq: 0, cixing: 0
广, 0, 0
text: , freq: 0, cixing: 0
结, 0, 0
text: , freq: 12335745, cixing: 3
爱好, 12335745, 3
text: , freq: 0, cixing: 0
dota, 0, 0
text: , freq: 0, cixing: 0
的, 0, 0
text: , freq: 0, cixing: 0
塔, 0, 0
text: , freq: 0, cixing: 0
友, 0, 0
text: , freq: 1, cixing: 65536
海涛, 1, 65536
text: , freq: 0, cixing: 0
哥, 0, 0
text: , freq: 0, cixing: 0
V5, 0, 0
text: , freq: 1, cixing: 65536
貌似, 1, 65536
text: , freq: 1, cixing: 65536
很多, 1, 65536
text: , freq: 1, cixing: 65536
朋友, 1, 65536
text: , freq: 1, cixing: 65536
希望, 1, 65536
text: , freq: 1, cixing: 65536
这里, 1, 65536
text: , freq: 0, cixing: 0
有, 0, 0
text: , freq: 1, cixing: 65536
偷菜, 1, 65536
text: , freq: 0, cixing: 0
？, 0, 0
text: , freq: 259494, cixing: 0
哈哈哈, 259494, 0
text: , freq: 0, cixing: 0
…, 0, 0
text: , freq: 1, cixing: 65536
支持, 1, 65536
text: , freq: 0, cixing: 0
涛, 0, 0
text: , freq: 0, cixing: 0
哥, 0, 0
text: , freq: 0, cixing: 0
！, 0, 0
text: , freq: 1, cixing: 65536
没事, 1, 65536
text: , freq: 1, cixing: 65536
上来, 1, 65536
text: , freq: 1, cixing: 65536
看看, 1, 65536
text: , freq: 1, cixing: 65536
可怜, 1, 65536
text: , freq: 0, cixing: 0
的, 0, 0
text: , freq: 1, cixing: 65536
团长, 1, 65536
text: , freq: 1, cixing: 65536
因为, 1, 65536
text: , freq: 0, cixing: 0
DOTA, 0, 0
text: , freq: 13689840, cixing: 2
错过, 13689840, 2
text: , freq: 1, cixing: 65536
回家, 1, 65536
text: , freq: 0, cixing: 0
的, 0, 0
text: , freq: 1, cixing: 65536
火车, 1, 65536
text: , freq: 80347018, cixing: 0
只能, 80347018, 0
text: , freq: 588377, cixing: 1
卧铺, 588377, 1
text: , freq: 0, cixing: 0
改, 0, 0
text: , freq: 2349207, cixing: 1
硬座, 2349207, 1
text: , freq: 0, cixing: 0
了, 0, 0
text: , freq: 0, cixing: 0
。, 0, 0
text: , freq: 0, cixing: 0
。, 0, 0
text: , freq: 0, cixing: 0
。, 0, 0
text: , freq: 0, cixing: 0
GOOD, 0, 0
text: , freq: 1, cixing: 65536
寻找, 1, 65536
text: , freq: 1, cixing: 65536
海涛, 1, 65536
text: , freq: 0, cixing: 0
哥, 0, 0
text: , freq: 0, cixing: 0
，, 0, 0
text: , freq: 1, cixing: 65536
寻找, 1, 65536
text: , freq: 0, cixing: 0
DOTA, 0, 0
text: , freq: 1, cixing: 65536
貌似, 1, 65536
text: , freq: 0, cixing: 0
这, 0, 0
text: , freq: 1, cixing: 65536
界面, 1, 65536
text: , freq: 0, cixing: 0
和, 0, 0
text: , freq: 1, cixing: 65536
校内, 1, 65536
text: , freq: 1403351, cixing: 0
真像, 1403351, 0
text: , freq: 138730, cixing: 0
这是什么, 138730, 0
text: , freq: 0, cixing: 0
？, 0, 0
text: , freq: 1, cixing: 65536
状态, 1, 65536
text: , freq: 0, cixing: 0
？, 0, 0
text: , freq: 1, cixing: 65536
状态, 1, 65536
text: , freq: 58269012, cixing: 0
很好, 58269012, 0
text: , freq: 0, cixing: 0
啊, 0, 0
text: , freq: 0, cixing: 0
！, 0, 0
text: , freq: 1757756, cixing: 0
又到, 1757756, 0
text: , freq: 15087008, cixing: 1
周末, 15087008, 1
text: , freq: 0, cixing: 0
了, 0, 0
text: , freq: 0, cixing: 0
，, 0, 0
text: , freq: 0, cixing: 0
趁, 0, 0
text: , freq: 0, cixing: 0
著, 0, 0
text: , freq: 0, cixing: 0
還, 0, 0
text: , freq: 0, cixing: 0
有, 0, 0
text: , freq: 0, cixing: 0
半, 0, 0
text: , freq: 0, cixing: 0
小, 0, 0
text: , freq: 0, cixing: 0
時, 0, 0
text: , freq: 0, cixing: 0
趕, 0, 0
text: , freq: 0, cixing: 0
緊, 0, 0
text: , freq: 0, cixing: 0
在, 0, 0
text: , freq: 2870656, cixing: 0
做些, 2870656, 0
text: , freq: 0, cixing: 0
任, 0, 0
text: , freq: 0, cixing: 0
務, 0, 0
text: , freq: 1, cixing: 65536
小子, 1, 65536
text: , freq: 1, cixing: 65536
第一, 1, 65536
text: , freq: 0, cixing: 0
次, 0, 0
text: , freq: 1094088, cixing: 0
来报, 1094088, 0
text: , freq: 0, cixing: 0
到, 0, 0
text: , freq: 0, cixing: 0
，, 0, 0
text: , freq: 6776740, cixing: 0
请各位, 6776740, 0
text: , freq: 1, cixing: 65536
大大, 1, 65536
text: , freq: 1, cixing: 65536
多多, 1, 65536
text: , freq: 3934710, cixing: 2
关照, 3934710, 2
text: , freq: 0, cixing: 0
坏, 0, 0
text: , freq: 0, cixing: 0
笑, 0, 0
text: , freq: 0, cixing: 0
lion, 0, 0
text: , freq: 1, cixing: 65536
幻想, 1, 65536
text: , freq: 1831072, cixing: 2
出神, 1831072, 2
text: , freq: 0, cixing: 0
装, 0, 0
text: , freq: 1, cixing: 65536
拯救, 1, 65536
text: , freq: 1, cixing: 65536
世界, 1, 65536
text: , freq: 0, cixing: 0
？, 0, 0
text: , freq: 2670380, cixing: 0
这叫, 2670380, 0
text: , freq: 4569999, cixing: 0
老夫, 4569999, 0
text: , freq: 2458933, cixing: 0
如何是好, 2458933, 0
text: , freq: 0, cixing: 0
…, 0, 0
text: , freq: 0, cixing: 0
…, 0, 0
text: , freq: 0, cixing: 0
晕, 0, 0
text: , freq: 54175, cixing: 0
从哪里, 54175, 0
text: , freq: 2659380, cixing: 2
跌倒, 2659380, 2
text: , freq: 0, cixing: 0
就, 0, 0
text: , freq: 54175, cixing: 0
从哪里, 54175, 0
text: , freq: 1, cixing: 65536
站起, 1, 65536
text: , freq: 0, cixing: 0
来, 0, 0
text: , freq: 0, cixing: 0
，, 0, 0
text: , freq: 228654621, cixing: 256
但是, 228654621, 256
text: , freq: 2469068, cixing: 0
我老, 2469068, 0
text: , freq: 17698603, cixing: 0
是从, 17698603, 0
text: , freq: 1, cixing: 65536
一个, 1, 65536
text: , freq: 1, cixing: 65536
地方, 1, 65536
text: , freq: 2659380, cixing: 2
跌倒, 2659380, 2
text: , freq: 0, cixing: 0
，, 0, 0
text: , freq: 40865, cixing: 0
我怀疑, 40865, 0
text: , freq: 1, cixing: 65536
哪里, 1, 65536
text: , freq: 1, cixing: 65536
有个, 1, 65536
text: , freq: 0, cixing: 0
坑, 0, 0
text: , freq: 0, cixing: 0
！, 0, 0
text: , freq: 1, cixing: 65536
周五, 1, 65536
text: , freq: 61686776, cixing: 1
晚上, 61686776, 1
text: , freq: 1, cixing: 65536
不能, 1, 65536
text: , freq: 0, cixing: 0
dota, 0, 0
text: , freq: 0, cixing: 0
，, 0, 0
text: , freq: 60827522, cixing: 1
心中, 60827522, 1
text: , freq: 39558593, cixing: 1
一阵, 39558593, 1
text: , freq: 1, cixing: 65536
凄凉, 1, 65536
text: , freq: 0, cixing: 0
。, 0, 0
text: , freq: 1, cixing: 65536
静坐, 1, 65536
text: , freq: 0, cixing: 0
常, 0, 0
text: , freq: 0, cixing: 0
思, 0, 0
text: , freq: 0, cixing: 0
己, 0, 0
text: , freq: 0, cixing: 0
过, 0, 0
text: , freq: 0, cixing: 0
，, 0, 0
text: , freq: 1064707, cixing: 2
闲谈, 1064707, 2
text: , freq: 0, cixing: 0
莫, 0, 0
text: , freq: 0, cixing: 0
论, 0, 0
text: , freq: 0, cixing: 0
人, 0, 0
text: , freq: 1, cixing: 65536
非, 1, 65536
text: , freq: 96552514, cixing: 0
我是, 96552514, 0
text: , freq: 1, cixing: 65536
新人, 1, 65536
text: , freq: 1, cixing: 65536
希望, 1, 65536
text: , freq: 1, cixing: 65536
认识, 1, 65536
text: , freq: 1, cixing: 65536
大家, 1, 65536
text: , freq: 1, cixing: 65536
一起, 1, 65536
text: , freq: 1, cixing: 65536
玩游戏, 1, 65536
text: , freq: 1, cixing: 65536
寻找, 1, 65536
text: , freq: 1, cixing: 65536
一位, 1, 65536
text: , freq: 0, cixing: 0
7, 0, 0
text: , freq: 0, cixing: 0
区, 0, 0
text: , freq: 0, cixing: 0
由, 0, 0
text: , freq: 0, cixing: 0
祖, 0, 0
text: , freq: 668052, cixing: 0
鲁西, 668052, 0
text: , freq: 0, cixing: 0
德, 0, 0
text: , freq: 15268983, cixing: 0
转到, 15268983, 0
text: , freq: 1, cixing: 65536
恶魔之魂, 1, 65536
text: , freq: 0, cixing: 0
的, 0, 0
text: , freq: 1, cixing: 65536
暗夜, 1, 65536
text: , freq: 1, cixing: 65536
精灵牧师, 1, 65536
text: , freq: 0, cixing: 0
，, 0, 0
text: , freq: 1768835, cixing: 0
她叫, 1768835, 0
text: , freq: 0, cixing: 0
。, 0, 0
text: , freq: 0, cixing: 0
。, 0, 0
text: , freq: 0, cixing: 0
艾, 0, 0
text: , freq: 1, cixing: 65536
月, 1, 65536
text: , freq: 0, cixing: 0
。, 0, 0
text: , freq: 0, cixing: 0
跟, 0, 0
text: , freq: 1, cixing: 65536
海涛, 1, 65536
text: , freq: 0, cixing: 0
玩, 0, 0
text: , freq: 0, cixing: 0
dota, 0, 0
text: , freq: 1, cixing: 65536
鼓掌, 1, 65536
text: , freq: 10036138, cixing: 0
都说, 10036138, 0
text: , freq: 0, cixing: 0
无, 0, 0
text: , freq: 1, cixing: 65536
兄弟, 1, 65536
text: , freq: 0, cixing: 0
不, 0, 0
text: , freq: 0, cixing: 0
dota, 0, 0
text: , freq: 0, cixing: 0
了, 0, 0
text: , freq: 1, cixing: 65536
找个, 1, 65536
text: , freq: 1, cixing: 65536
兄弟, 1, 65536
text: , freq: 0, cixing: 0
先, 0, 0
text: , freq: 4908082, cixing: 0
谁来, 4908082, 0
text: , freq: 0, cixing: 0
撒, 0, 0
text: , freq: 1, cixing: 65536
巅峰, 1, 65536
text: , freq: 0, cixing: 0
灬, 0, 0
text: , freq: 1, cixing: 65536
寂寞, 1, 65536
text: , freq: 0, cixing: 0
衰, 0, 0
text: , freq: 1, cixing: 65536
新来, 1, 65536
text: , freq: 0, cixing: 0
滴, 0, 0
text: , freq: 0, cixing: 0
！, 0, 0
text: , freq: 1, cixing: 65536
支持, 1, 65536
text: , freq: 0, cixing: 0
涛, 0, 0
text: , freq: 0, cixing: 0
哥, 0, 0
text: , freq: 0, cixing: 0
。, 0, 0
text: , freq: 0, cixing: 0
。, 0, 0
text: , freq: 0, cixing: 0
。, 0, 0
text: , freq: 1, cixing: 65536
好喜欢, 1, 65536
text: , freq: 1, cixing: 65536
这个, 1, 65536
text: , freq: 1, cixing: 65536
网站, 1, 65536
text: , freq: 0, cixing: 0
的, 0, 0
text: , freq: 52913754, cixing: 1
风格, 52913754, 1
text: , freq: 0, cixing: 0
啊, 0, 0
text: , freq: 3101488, cixing: 2
守候, 3101488, 2
text: , freq: 1, cixing: 65536
新来, 1, 65536
text: , freq: 0, cixing: 0
的, 0, 0
text: , freq: 1284217, cixing: 0
吼吼, 1284217, 0
text: , freq: 0, cixing: 0
！, 0, 0
text: , freq: 0, cixing: 0
monkey, 0, 0
text: , freq: 0, cixing: 0
D, 0, 0
text: , freq: 0, cixing: 0
luffy, 0, 0
text: , freq: 1, cixing: 65536
服务, 1, 65536
text: , freq: 120952083, cixing: 1
人民, 120952083, 1
text: , freq: 0, cixing: 0
，, 0, 0
text: , freq: 1, cixing: 65536
奉献, 1, 65536
text: , freq: 1, cixing: 65536
社会, 1, 65536
text: , freq: 0, cixing: 0
。, 0, 0
text: , freq: 1, cixing: 65536
为了, 1, 65536
text: , freq: 1, cixing: 65536
看看, 1, 65536
text: , freq: 1, cixing: 65536
海涛, 1, 65536
text: , freq: 0, cixing: 0
哥, 0, 0
text: , freq: 22287013, cixing: 0
而来, 22287013, 0
text: , freq: 0, cixing: 0
的, 0, 0
text: , freq: 1, cixing: 65536
和谐, 1, 65536
text: , freq: 1, cixing: 65536
今天, 1, 65536
text: , freq: 1, cixing: 65536
准备, 1, 65536
text: , freq: 4185531, cixing: 0
玩玩, 4185531, 0
text: , freq: 0, cixing: 0
巨, 0, 0
text: , freq: 0, cixing: 0
刃, 0, 0
text: , freq: 0, cixing: 0
，, 0, 0
text: , freq: 1, cixing: 65536
听说, 1, 65536
text: , freq: 1, cixing: 65536
不错的, 1, 65536
text: , freq: 1, cixing: 65536
游戏, 1, 65536
text: , freq: 0, cixing: 0
挖, 0, 0
text: , freq: 1, cixing: 65536
鼻子, 1, 65536
text: , freq: 1, cixing: 65536
鼓掌, 1, 65536
text: , freq: 0, cixing: 0
5, 0, 0
text: , freq: 0, cixing: 0
21, 0, 0
text: , freq: 0, cixing: 0
坏, 0, 0
text: , freq: 0, cixing: 0
笑, 0, 0
text: , freq: 1284217, cixing: 0
吼吼, 1284217, 0
text: , freq: 1, cixing: 65536
支持, 1, 65536
text: , freq: 0, cixing: 0
涛, 0, 0
text: , freq: 0, cixing: 0
哥, 0, 0
text: , freq: 1, cixing: 65536
支持, 1, 65536
text: , freq: 0, cixing: 0
涛, 0, 0
text: , freq: 0, cixing: 0
哥, 0, 0
text: , freq: 0, cixing: 0
，, 0, 0
text: , freq: 1, cixing: 65536
祝福, 1, 65536
text: , freq: 0, cixing: 0
涛, 0, 0
text: , freq: 0, cixing: 0
哥, 0, 0
text: , freq: 0, cixing: 0
来, 0, 0
text: , freq: 1, cixing: 65536
顶下, 1, 65536
text: , freq: 0, cixing: 0
涛, 0, 0
text: , freq: 0, cixing: 0
哥, 0, 0
text: , freq: 0, cixing: 0
，, 0, 0
text: , freq: 1, cixing: 65536
特别, 1, 65536
text: , freq: 1, cixing: 65536
期待, 1, 65536
text: , freq: 0, cixing: 0
涛, 0, 0
text: , freq: 0, cixing: 0
哥, 0, 0
text: , freq: 1, cixing: 65536
地卜, 1, 65536
text: , freq: 1, cixing: 65536
第一, 1, 65536
text: , freq: 1, cixing: 65536
视角, 1, 65536
text: , freq: 1, cixing: 65536
看了, 1, 65536
text: , freq: 0, cixing: 0
涛, 0, 0
text: , freq: 0, cixing: 0
哥, 0, 0
text: , freq: 0, cixing: 0
的, 0, 0
text: , freq: 509922, cixing: 0
视屏, 509922, 0
text: , freq: 17474462, cixing: 0
进了, 17474462, 0
text: , freq: 1, cixing: 65536
这个, 1, 65536
text: , freq: 1, cixing: 65536
网站, 1, 65536
text: , freq: 0, cixing: 0
，, 0, 0
text: , freq: 1, cixing: 65536
发现, 1, 65536
text: , freq: 0, cixing: 0
和, 0, 0
text: , freq: 1, cixing: 65536
校内, 1, 65536
text: , freq: 56118533, cixing: 2
好像, 56118533, 2
text: , freq: 0, cixing: 0
啊, 0, 0
text: , freq: 12093879, cixing: 2
纯属, 12093879, 2
text: , freq: 1, cixing: 65536
路过, 1, 65536
text: , freq: 1, cixing: 65536
可爱, 1, 65536
text: , freq: 0, cixing: 0
我, 0, 0
text: , freq: 0, cixing: 0
dota, 0, 0
text: , freq: 0, cixing: 0
，, 0, 0
text: , freq: 1314075, cixing: 0
我快乐, 1314075, 0
text: , freq: 5577216, cixing: 0
大家一起, 5577216, 0
text: , freq: 0, cixing: 0
dota, 0, 0
text: , freq: 0, cixing: 0
吧, 0, 0
text: , freq: 0, cixing: 0
！, 0, 0
text: , freq: 1, cixing: 65536
不要, 1, 65536
text: , freq: 1, cixing: 65536
和我, 1, 65536
text: , freq: 0, cixing: 0
比, 0, 0
text: , freq: 0, cixing: 0
懒, 0, 0
text: , freq: 0, cixing: 0
，, 0, 0
text: , freq: 0, cixing: 0
我, 0, 0
text: , freq: 4847597, cixing: 2
懒得, 4847597, 2
text: , freq: 1, cixing: 65536
和你, 1, 65536
text: , freq: 0, cixing: 0
比, 0, 0
text: , freq: 0, cixing: 0
！, 0, 0
text: , freq: 1, cixing: 65536
貌似, 1, 65536
text: , freq: 1, cixing: 65536
很多, 1, 65536
text: , freq: 1, cixing: 65536
朋友, 1, 65536
text: , freq: 1, cixing: 65536
希望, 1, 65536
text: , freq: 1, cixing: 65536
这里, 1, 65536
text: , freq: 0, cixing: 0
有, 0, 0
text: , freq: 1, cixing: 65536
偷菜, 1, 65536
text: , freq: 0, cixing: 0
？, 0, 0
text: , freq: 259494, cixing: 0
哈哈哈, 259494, 0
text: , freq: 0, cixing: 0
…, 0, 0
text: , freq: 0, cixing: 0
DOTA, 0, 0
text: , freq: 2190470, cixing: 1
小菜, 2190470, 1
text: , freq: 0, cixing: 0
鸟, 0, 0
text: , freq: 1, cixing: 65536
运动, 1, 65536
text: , freq: 661477, cixing: 0
是为了, 661477, 0
text: , freq: 0, cixing: 0
吃, 0, 0
text: , freq: 147603604, cixing: 0
更多, 147603604, 0
text: , freq: 0, cixing: 0
的, 0, 0
text: , freq: 1, cixing: 65536
东西, 1, 65536
text: , freq: 0, cixing: 0
0, 0, 0
text: , freq: 1, cixing: 65536
可爱, 1, 65536
text: , freq: 1, cixing: 65536
可爱, 1, 65536
text: , freq: 1, cixing: 65536
努力, 1, 65536
text: , freq: 0, cixing: 0
中, 0, 0
text: , freq: 0, cixing: 0
！, 0, 0
text: , freq: 0, cixing: 0
111, 0, 0
text: , freq: 0, cixing: 0
我, 0, 0
text: , freq: 1, cixing: 65536
初来乍到, 1, 65536
text: , freq: 0, cixing: 0
啊, 0, 0
text: , freq: 0, cixing: 0
坏, 0, 0
text: , freq: 0, cixing: 0
笑, 0, 0
text: , freq: 1, cixing: 65536
跑跑, 1, 65536
text: , freq: 1, cixing: 65536
卡丁车, 1, 65536
text: , freq: 0, cixing: 0
，, 0, 0
text: , freq: 10362301, cixing: 0
很不错, 10362301, 0
text: , freq: 0, cixing: 0
的, 0, 0
text: , freq: 1, cixing: 65536
游戏, 1, 65536
text: , freq: 0, cixing: 0
！, 0, 0
text: , freq: 1, cixing: 65536
支持, 1, 65536
text: , freq: 0, cixing: 0
涛, 0, 0
text: , freq: 0, cixing: 0
哥, 0, 0
text: , freq: 1, cixing: 65536
支持, 1, 65536
text: , freq: 1, cixing: 65536
海涛, 1, 65536
text: , freq: 1, cixing: 65536
和谐, 1, 65536
text: , freq: 0, cixing: 0
DOTA, 0, 0
text: , freq: 0, cixing: 0
从, 0, 0
text: , freq: 0, cixing: 0
哥, 0, 0
text: , freq: 6733994, cixing: 0
做起, 6733994, 0
text: , freq: 0, cixing: 0
挖, 0, 0
text: , freq: 1, cixing: 65536
鼻子, 1, 65536
text: , freq: 96552514, cixing: 0
我是, 96552514, 0
text: , freq: 0, cixing: 0
来, 0, 0
text: , freq: 1, cixing: 65536
支持, 1, 65536
text: , freq: 1, cixing: 65536
海涛, 1, 65536
text: , freq: 0, cixing: 0
的, 0, 0
text: , freq: 0, cixing: 0
！, 0, 0
text: , freq: 1, cixing: 65536
支持, 1, 65536
text: , freq: 0, cixing: 0
dota, 0, 0
text: , freq: 5217276, cixing: 2
解说, 5217276, 2
text: , freq: 1, cixing: 65536
海涛, 1, 65536
text: , freq: 1, cixing: 65536
哈哈, 1, 65536
text: , freq: 0, cixing: 0
，, 0, 0
text: , freq: 8860346, cixing: 12
纯粹, 8860346, 12
text: , freq: 1, cixing: 65536
支持, 1, 65536
text: , freq: 0, cixing: 0
涛, 0, 0
text: , freq: 0, cixing: 0
哥, 0, 0
text: , freq: 1, cixing: 65536
来的, 1, 65536
text: , freq: 0, cixing: 0
烦, 0, 0
text: , freq: 0, cixing: 0
涛, 0, 0
text: , freq: 0, cixing: 0
哥, 0, 0
text: , freq: 559773, cixing: 0
你好啊, 559773, 0
text: , freq: 24374138, cixing: 0
我来, 24374138, 0
text: , freq: 1, cixing: 65536
支持, 1, 65536
text: , freq: 207682140, cixing: 0
你的, 207682140, 0
text: , freq: 1, cixing: 65536
为了, 1, 65536
text: , freq: 1, cixing: 65536
海涛, 1, 65536
text: , freq: 0, cixing: 0
的, 0, 0
text: , freq: 1, cixing: 65536
大便, 1, 65536
text: , freq: 0, cixing: 0
QQ, 0, 0
text: , freq: 1, cixing: 65536
飞车, 1, 65536
text: , freq: 0, cixing: 0
，, 0, 0
text: , freq: 0, cixing: 0
要, 0, 0
text: , freq: 0, cixing: 0
的, 0, 0
text: , freq: 1, cixing: 65536
就是, 1, 65536
text: , freq: 1, cixing: 65536
速度, 1, 65536
text: , freq: 0, cixing: 0
和, 0, 0
text: , freq: 1, cixing: 65536
技巧, 1, 65536
text: , freq: 0, cixing: 0
这, 0, 0
text: , freq: 0, cixing: 0
，, 0, 0
text: , freq: 613635, cixing: 0
我只是个, 613635, 0
text: , freq: 1, cixing: 65536
菜鸟, 1, 65536
text: , freq: 1, cixing: 65536
亲亲, 1, 65536
text: , freq: 9641012, cixing: 0
我叫, 9641012, 0
text: , freq: 0, cixing: 0
犽, 0, 0
text: , freq: 0, cixing: 0
羽, 0, 0
text: , freq: 0, cixing: 0
獠, 0, 0
text: , freq: 0, cixing: 0
，, 0, 0
text: , freq: 2126864, cixing: 0
请多多, 2126864, 0
text: , freq: 6572097, cixing: 2
指教, 6572097, 2
text: , freq: 0, cixing: 0
！, 0, 0
text: , freq: 0, cixing: 0
（, 0, 0
text: , freq: 1738445, cixing: 0
怎么搞, 1738445, 0
text: , freq: 0, cixing: 0
的, 0, 0
text: , freq: 0, cixing: 0
像, 0, 0
text: , freq: 9325592, cixing: 1
日本人, 9325592, 1
text: , freq: 0, cixing: 0
。, 0, 0
text: , freq: 0, cixing: 0
。, 0, 0
text: , freq: 0, cixing: 0
。, 0, 0
text: , freq: 0, cixing: 0
）, 0, 0
text: , freq: 1, cixing: 65536
呵呵, 1, 65536
text: , freq: 0, cixing: 0
哥, 0, 0
text: , freq: 0, cixing: 0
是, 0, 0
text: , freq: 1, cixing: 65536
新来, 1, 65536
text: , freq: 0, cixing: 0
的, 0, 0
text: , freq: 1, cixing: 65536
寻找, 1, 65536
text: , freq: 7855657, cixing: 10
不定, 7855657, 10
text: , freq: 0, cixing: 0
时, 0, 0
text: , freq: 0, cixing: 0
的, 0, 0
text: , freq: 0, cixing: 0
，, 0, 0
text: , freq: 0, cixing: 0
能, 0, 0
text: , freq: 0, cixing: 0
玩, 0, 0
text: , freq: 0, cixing: 0
DOTA, 0, 0
text: , freq: 0, cixing: 0
的, 0, 0
text: , freq: 1, cixing: 65536
朋友, 1, 65536
text: , freq: 0, cixing: 0
，, 0, 0
text: , freq: 0, cixing: 0
VS, 0, 0
text: , freq: 0, cixing: 0
，, 0, 0
text: , freq: 0, cixing: 0
15, 0, 0
text: , freq: 0, cixing: 0
级, 0, 0
text: , freq: 0, cixing: 0
房, 0, 0
text: , freq: 0, cixing: 0
，, 0, 0
text: , freq: 1, cixing: 65536
电信, 1, 65536
text: , freq: 0, cixing: 0
。, 0, 0
text: , freq: 1, cixing: 65536
谢谢, 1, 65536
text: , freq: 0, cixing: 0
，, 0, 0
text: , freq: 1, cixing: 65536
我爱, 1, 65536
text: , freq: 1, cixing: 65536
你们, 1, 65536
text: , freq: 0, cixing: 0
25, 0, 0
text: , freq: 0, cixing: 0
级, 0, 0
text: , freq: 0, cixing: 0
满, 0, 0
text: , freq: 0, cixing: 0
爆, 0, 0
text: , freq: 0, cixing: 0
MISS, 0, 0
text: , freq: 1, cixing: 65536
开心, 1, 65536
text: , freq: 23731630, cixing: 0
就好, 23731630, 0
text: , freq: 0, cixing: 0
！, 0, 0
text: , freq: 1, cixing: 65536
亲亲, 1, 65536
text: , freq: 1, cixing: 65536
健康, 1, 65536
text: , freq: 1, cixing: 65536
游戏, 1, 65536
text: , freq: 0, cixing: 0
…, 0, 0
text: , freq: 0, cixing: 0
…, 0, 0
text: , freq: 0, cixing: 0
DOTADOTADOTA, 0, 0
text: , freq: 0, cixing: 0
挖, 0, 0
text: , freq: 1, cixing: 65536
鼻子, 1, 65536
text: , freq: 1, cixing: 65536
怎么, 1, 65536
text: , freq: 9242083, cixing: 0
人不, 9242083, 0
text: , freq: 814428, cixing: 0
多啊, 814428, 0
text: , freq: 0, cixing: 0
·, 0, 0
text: , freq: 0, cixing: 0
·, 0, 0
text: , freq: 0, cixing: 0
·, 0, 0
text: , freq: 0, cixing: 0
·, 0, 0
text: , freq: 0, cixing: 0
·, 0, 0
text: , freq: 1, cixing: 65536
哈哈, 1, 65536
text: , freq: 1, cixing: 65536
骷髅, 1, 65536
text: , freq: 96552514, cixing: 0
我是, 96552514, 0
text: , freq: 1, cixing: 65536
海涛, 1, 65536
text: , freq: 1, cixing: 65536
粉丝, 1, 65536
text: , freq: 0, cixing: 0
，, 0, 0
text: , freq: 60107944, cixing: 2
来到, 60107944, 2
text: , freq: 0, cixing: 0
了, 0, 0
text: , freq: 0, cixing: 0
这, 0, 0
text: , freq: 0, cixing: 0
！, 0, 0
text: , freq: 88547574, cixing: 8
终于, 88547574, 8
text: , freq: 0, cixing: 0
在, 0, 0
text: , freq: 1, cixing: 65536
同学, 1, 65536
text: , freq: 1, cixing: 65536
的帮助, 1, 65536
text: , freq: 4943616, cixing: 2
下达, 4943616, 2
text: , freq: 1, cixing: 65536
到了, 1, 65536
text: , freq: 0, cixing: 0
52, 0, 0
text: , freq: 0, cixing: 0
级, 0, 0
text: , freq: 1, cixing: 65536
距离, 1, 65536
text: , freq: 1, cixing: 65536
开始, 1, 65536
text: , freq: 0, cixing: 0
的, 0, 0
text: , freq: 1, cixing: 65536
等级, 1, 65536
text: , freq: 0, cixing: 0
仅, 0, 0
text: , freq: 0, cixing: 0
有, 0, 0
text: , freq: 0, cixing: 0
18, 0, 0
text: , freq: 0, cixing: 0
级, 0, 0
text: , freq: 0, cixing: 0
了, 0, 0
text: , freq: 1, cixing: 65536
哈哈, 1, 65536
text: , freq: 1, cixing: 65536
等待, 1, 65536
text: , freq: 0, cixing: 0
WLK, 0, 0
text: , freq: 0, cixing: 0
中, 0, 0
text: , freq: 0, cixing: 0
DOTA, 0, 0
text: , freq: 1, cixing: 65536
啊啊, 1, 65536
text: , freq: 259494, cixing: 0
哈哈哈, 259494, 0
text: , freq: 259494, cixing: 0
哈哈哈, 259494, 0
text: , freq: 259494, cixing: 0
哈哈哈, 259494, 0
text: , freq: 1, cixing: 65536
和谐, 1, 65536
text: , freq: 0, cixing: 0
dota, 0, 0
text: , freq: 0, cixing: 0
。, 0, 0
text: , freq: 0, cixing: 0
巨, 0, 0
text: , freq: 0, cixing: 0
刃, 0, 0
text: , freq: 1, cixing: 65536
不错, 1, 65536
text: , freq: 0, cixing: 0
，, 0, 0
text: , freq: 16646329, cixing: 2
感兴趣, 16646329, 2
text: , freq: 0, cixing: 0
的, 0, 0
text: , freq: 1, cixing: 65536
可以, 1, 65536
text: , freq: 1, cixing: 65536
一起, 1, 65536
text: , freq: 2411527, cixing: 0
来玩, 2411527, 0
text: , freq: 0, cixing: 0
玩, 0, 0
text: , freq: 1, cixing: 65536
郁闷啊, 1, 65536
text: , freq: 0, cixing: 0
。, 0, 0
text: , freq: 23875000, cixing: 0
被人, 23875000, 0
text: , freq: 0, cixing: 0
说, 0, 0
text: , freq: 1, cixing: 65536
开挂, 1, 65536
text: , freq: 1, cixing: 65536
为什么, 1, 65536
text: , freq: 1, cixing: 65536
冰女, 1, 65536
text: , freq: 0, cixing: 0
用, 0, 0
text: , freq: 1, cixing: 65536
不好, 1, 65536
text: , freq: 0, cixing: 0
呢, 0, 0
text: , freq: 6420568, cixing: 0
好想, 6420568, 0
text: , freq: 0, cixing: 0
用, 0, 0
text: , freq: 1, cixing: 65536
影魔, 1, 65536
text: , freq: 0, cixing: 0
啊, 0, 0
text: , freq: 0, cixing: 0
。, 0, 0
text: , freq: 0, cixing: 0
。, 0, 0
text: , freq: 0, cixing: 0
。, 0, 0
text: , freq: 1, cixing: 65536
可怜, 1, 65536
text: , freq: 0, cixing: 0
110, 0, 0
text: , freq: 1, cixing: 65536
分钟, 1, 65536
text: , freq: 0, cixing: 0
的, 0, 0
text: , freq: 1, cixing: 65536
比赛, 1, 65536
text: , freq: 0, cixing: 0
。, 0, 0
text: , freq: 0, cixing: 0
。, 0, 0
text: , freq: 0, cixing: 0
。, 0, 0
text: , freq: 690762, cixing: 0
伤身, 690762, 0
text: , freq: 0, cixing: 0
啊, 0, 0
text: , freq: 0, cixing: 0
哥, 0, 0
text: , freq: 1, cixing: 65536
寂寞, 1, 65536
text: , freq: 0, cixing: 0
啊, 0, 0
text: , freq: 0, cixing: 0
！, 0, 0
text: , freq: 0, cixing: 0
！, 0, 0
text: , freq: 0, cixing: 0
！, 0, 0
text: , freq: 0, cixing: 0
！, 0, 0
text: , freq: 0, cixing: 0
！, 0, 0
text: , freq: 0, cixing: 0
！, 0, 0
text: , freq: 1, cixing: 65536
今天, 1, 65536
text: , freq: 1, cixing: 65536
注册的, 1, 65536
text: , freq: 0, cixing: 0
号, 0, 0
text: , freq: 0, cixing: 0
，, 0, 0
text: , freq: 0, cixing: 0
愿, 0, 0
text: , freq: 1, cixing: 65536
大家, 1, 65536
text: , freq: 1, cixing: 65536
和谐, 1, 65536
text: , freq: 1, cixing: 65536
游戏, 1, 65536
text: , freq: 0, cixing: 0
，, 0, 0
text: , freq: 1, cixing: 65536
快乐, 1, 65536
text: , freq: 1, cixing: 65536
生活, 1, 65536
text: , freq: 0, cixing: 0
say, 0, 0
text: , freq: 0, cixing: 0
happy, 0, 0
text: , freq: 96552514, cixing: 0
我是, 96552514, 0
text: , freq: 1, cixing: 65536
一位, 1, 65536
text: , freq: 0, cixing: 0
dota, 0, 0
text: , freq: 13233068, cixing: 1
爱好者, 13233068, 1
text: , freq: 0, cixing: 0
，, 0, 0
text: , freq: 163542886, cixing: 12
非常, 163542886, 12
text: , freq: 1, cixing: 65536
欢迎, 1, 65536
text: , freq: 0, cixing: 0
有, 0, 0
text: , freq: 169149, cixing: 1
共同爱好, 169149, 1
text: , freq: 0, cixing: 0
的, 0, 0
text: , freq: 1, cixing: 65536
朋友, 1, 65536
text: , freq: 1, cixing: 65536
加我, 1, 65536
text: , freq: 2196971, cixing: 0
为好, 2196971, 0
text: , freq: 0, cixing: 0
友, 0, 0
text: , freq: 1, cixing: 65536
有没有, 1, 65536
text: , freq: 1, cixing: 65536
一起, 1, 65536
text: , freq: 0, cixing: 0
ZMR, 0, 0
text: , freq: 7160347, cixing: 0
教育网, 7160347, 0
text: , freq: 0, cixing: 0
的, 0, 0
text: , freq: 1, cixing: 65536
朋友, 1, 65536
text: , freq: 0, cixing: 0
？, 0, 0
text: , freq: 0, cixing: 0
我, 0, 0
text: , freq: 1, cixing: 65536
孤单, 1, 65536
text: , freq: 0, cixing: 0
，, 0, 0
text: , freq: 0, cixing: 0
我, 0, 0
text: , freq: 1, cixing: 65536
寂寞, 1, 65536
text: , freq: 0, cixing: 0
，, 0, 0
text: , freq: 6420568, cixing: 0
好想, 6420568, 0
text: , freq: 62449779, cixing: 0
让人, 62449779, 0
text: , freq: 0, cixing: 0
陪, 0, 0
text: , freq: 6743238, cixing: 0
陪我, 6743238, 0
text: , freq: 20138953, cixing: 0
第二天, 20138953, 0
text: , freq: 0, cixing: 0
啦, 0, 0
text: , freq: 0, cixing: 0
来, 0, 0
text: , freq: 4328618, cixing: 0
支持下, 4328618, 0
text: , freq: 1, cixing: 65536
海涛, 1, 65536
text: , freq: 0, cixing: 0
哥, 0, 0
text: , freq: 1, cixing: 65536
这里, 1, 65536
text: , freq: 1, cixing: 65536
有个, 1, 65536
text: , freq: 1, cixing: 65536
海涛, 1, 65536
text: , freq: 1, cixing: 65536
公会, 1, 65536
text: , freq: 0, cixing: 0
啊, 0, 0
text: , freq: 0, cixing: 0
！, 0, 0
text: , freq: 0, cixing: 0
？, 0, 0
text: , freq: 1, cixing: 65536
貌似, 1, 65536
text: , freq: 1, cixing: 65536
可以, 1, 65536
text: , freq: 1, cixing: 65536
加入, 1, 65536
text: , freq: 0, cixing: 0
！, 0, 0
text: , freq: 0, cixing: 0
？, 0, 0
text: , freq: 9628884, cixing: 0
谁知道, 9628884, 0
text: , freq: 0, cixing: 0
啊, 0, 0
text: , freq: 0, cixing: 0
！, 0, 0
text: , freq: 0, cixing: 0
？, 0, 0
text: , freq: 0, cixing: 0
走, 0, 0
text: , freq: 1, cixing: 65536
别人, 1, 65536
text: , freq: 0, cixing: 0
的, 0, 0
text: , freq: 0, cixing: 0
路, 0, 0
text: , freq: 0, cixing: 0
，, 0, 0
text: , freq: 888367, cixing: 0
让别, 888367, 0
text: , freq: 0, cixing: 0
人, 0, 0
text: , freq: 1151960, cixing: 0
无路, 1151960, 0
text: , freq: 986301, cixing: 0
可走, 986301, 0
text: , freq: 0, cixing: 0
。, 0, 0
text: , freq: 10264992, cixing: 0
好吧, 10264992, 0
text: , freq: 0, cixing: 0
我, 0, 0
text: , freq: 22991435, cixing: 2
承认, 22991435, 2
text: , freq: 96552514, cixing: 0
我是, 96552514, 0
text: , freq: 0, cixing: 0
看, 0, 0
text: , freq: 0, cixing: 0
涛, 0, 0
text: , freq: 0, cixing: 0
哥, 0, 0
text: , freq: 81630897, cixing: 1
视频, 81630897, 1
text: , freq: 1, cixing: 65536
来的, 1, 65536
text: , freq: 11258937, cixing: 4
整天, 11258937, 4
text: , freq: 1, cixing: 65536
没事, 1, 65536
text: , freq: 924566, cixing: 0
看海, 924566, 0
text: , freq: 0, cixing: 0
涛, 0, 0
text: , freq: 5217276, cixing: 2
解说, 5217276, 2
text: , freq: 0, cixing: 0
中, 0, 0
text: , freq: 1807771, cixing: 1
幼稚园, 1807771, 1
text: , freq: 0, cixing: 0
的, 0, 0
text: , freq: 663002, cixing: 0
战友们, 663002, 0
text: , freq: 0, cixing: 0
？, 0, 0
text: , freq: 1, cixing: 65536
你们, 1, 65536
text: , freq: 1, cixing: 65536
在哪, 1, 65536
text: , freq: 0, cixing: 0
里, 0, 0
text: , freq: 1, cixing: 65536
支持, 1, 65536
text: , freq: 0, cixing: 0
涛, 0, 0
text: , freq: 0, cixing: 0
哥, 0, 0
text: , freq: 0, cixing: 0
！, 0, 0
text: , freq: 369184, cixing: 0
鸭梨, 369184, 0
text: , freq: 53821448, cixing: 0
很大, 53821448, 0
text: , freq: 96552514, cixing: 0
我是, 96552514, 0
text: , freq: 1, cixing: 65536
海涛, 1, 65536
text: , freq: 1, cixing: 65536
介绍, 1, 65536
text: , freq: 1, cixing: 65536
来的, 1, 65536
text: , freq: 1, cixing: 65536
支持, 1, 65536
text: , freq: 1, cixing: 65536
海涛, 1, 65536
text: , freq: 1, cixing: 65536
来的, 1, 65536
text: , freq: 1, cixing: 65536
感觉, 1, 65536
text: , freq: 0, cixing: 0
对, 0, 0
text: , freq: 1, cixing: 65536
现在的, 1, 65536
text: , freq: 466194564, cixing: 3
工作, 466194564, 3
text: , freq: 1, cixing: 65536
没有, 1, 65536
text: , freq: 45542145, cixing: 1
激情, 45542145, 1
text: , freq: 0, cixing: 0
了, 0, 0
text: , freq: 0, cixing: 0
！, 0, 0
text: , freq: 0, cixing: 0
！, 0, 0
text: , freq: 0, cixing: 0
！, 0, 0
text: , freq: 1564737, cixing: 0
洗衣服, 1564737, 0
text: , freq: 1004727, cixing: 2
洗刷, 1004727, 2
text: , freq: 0, cixing: 0
唰, 0, 0
text: , freq: 0, cixing: 0
！, 0, 0
text: , freq: 2195825, cixing: 0
开开, 2195825, 0
text: , freq: 2241329, cixing: 0
心心, 2241329, 0
text: , freq: 1694777, cixing: 4
无忧无虑, 1694777, 4
text: , freq: 0, cixing: 0
衰, 0, 0
text: , freq: 1, cixing: 65536
沉默, 1, 65536
text: , freq: 1, cixing: 65536
还是, 1, 65536
text: , freq: 1, cixing: 65536
海涛, 1, 65536
text: , freq: 5217276, cixing: 2
解说, 5217276, 2
text: , freq: 0, cixing: 0
的, 0, 0
text: , freq: 0, cixing: 0
好, 0, 0
text: , freq: 0, cixing: 0
，, 0, 0
text: , freq: 1, cixing: 65536
主持, 1, 65536
text: , freq: 2175042, cixing: 1
功底, 2175042, 1
text: , freq: 1, cixing: 65536
深厚, 1, 65536
text: , freq: 0, cixing: 0
啊, 0, 0
text: , freq: 0, cixing: 0
咩, 0, 0
text: , freq: 0, cixing: 0
17game, 0, 0
text: , freq: 0, cixing: 0
沒, 0, 0
text: , freq: 74285338, cixing: 0
有一, 74285338, 0
text: , freq: 0, cixing: 0
輩, 0, 0
text: , freq: 0, cixing: 0
子, 0, 0
text: , freq: 0, cixing: 0
的, 0, 0
text: , freq: 0, cixing: 0
遊, 0, 0
text: , freq: 0, cixing: 0
戲, 0, 0
text: , freq: 0, cixing: 0
，, 0, 0
text: , freq: 0, cixing: 0
但, 0, 0
text: , freq: 74285338, cixing: 0
有一, 74285338, 0
text: , freq: 0, cixing: 0
輩, 0, 0
text: , freq: 0, cixing: 0
子, 0, 0
text: , freq: 0, cixing: 0
的, 0, 0
text: , freq: 1, cixing: 65536
朋友, 1, 65536
text: , freq: 1, cixing: 65536
一起, 1, 65536
text: , freq: 1, cixing: 65536
娱乐, 1, 65536
text: , freq: 0, cixing: 0
，, 0, 0
text: , freq: 1, cixing: 65536
一起, 1, 65536
text: , freq: 1, cixing: 65536
生活, 1, 65536
text: , freq: 0, cixing: 0
。, 0, 0
text: , freq: 0, cixing: 0
。, 0, 0
text: , freq: 0, cixing: 0
。, 0, 0
text: , freq: 0, cixing: 0
。, 0, 0
text: , freq: 0, cixing: 0
。, 0, 0
text: , freq: 0, cixing: 0
挖, 0, 0
text: , freq: 1, cixing: 65536
鼻子, 1, 65536
text: , freq: 0, cixing: 0
坏, 0, 0
text: , freq: 0, cixing: 0
笑, 0, 0
text: , freq: 1, cixing: 65536
郭嘉, 1, 65536
text: , freq: 0, cixing: 0
杯, 0, 0
text: , freq: 88547574, cixing: 8
终于, 88547574, 8
text: , freq: 2414120, cixing: 2
落幕, 2414120, 2
text: , freq: 0, cixing: 0
来, 0, 0
text: , freq: 0, cixing: 0
17gaming, 0, 0
text: , freq: 1862644, cixing: 2
转转, 1862644, 2
text: , freq: 1, cixing: 65536
海涛, 1, 65536
text: , freq: 0, cixing: 0
太, 0, 0
text: , freq: 3894396, cixing: 2
萎缩, 3894396, 2
text: , freq: 0, cixing: 0
了, 0, 0
text: , freq: 1, cixing: 65536
好不容易, 1, 65536
text: , freq: 15087008, cixing: 1
周末, 15087008, 1
text: , freq: 0, cixing: 0
了, 0, 0
text: , freq: 0, cixing: 0
，, 0, 0
text: , freq: 1, cixing: 65536
上来, 1, 65536
text: , freq: 1, cixing: 65536
享受, 1, 65536
text: , freq: 1, cixing: 65536
一下, 1, 65536
text: , freq: 0, cixing: 0
。, 0, 0
text: , freq: 1, cixing: 65536
大国, 1, 65536
text: , freq: 0, cixing: 0
米, 0, 0
text: , freq: 72867335, cixing: 1
时代, 72867335, 1
text: , freq: 0, cixing: 0
！, 0, 0
text: , freq: 0, cixing: 0
！, 0, 0
text: , freq: 0, cixing: 0
！, 0, 0
text: , freq: 1, cixing: 65536
天空, 1, 65536
text: , freq: 37218, cixing: 0
为什么是, 37218, 0
text: , freq: 1, cixing: 65536
蓝色, 1, 65536
text: , freq: 0, cixing: 0
的, 0, 0
text: , freq: 0, cixing: 0
，, 0, 0
text: , freq: 1, cixing: 65536
夜幕, 1, 65536
text: , freq: 37218, cixing: 0
为什么是, 37218, 0
text: , freq: 1, cixing: 65536
黑色的, 1, 65536
text: , freq: 0, cixing: 0
！, 0, 0
text: , freq: 0, cixing: 0
！, 0, 0
text: , freq: 0, cixing: 0
！, 0, 0
text: , freq: 1, cixing: 65536
没事, 1, 65536
text: , freq: 0, cixing: 0
k, 0, 0
text: , freq: 1, cixing: 65536
魔兽, 1, 65536
text: , freq: 0, cixing: 0
dota, 0, 0
text: , freq: 0, cixing: 0
啊, 0, 0
text: , freq: 1, cixing: 65536
郁闷, 1, 65536
text: , freq: 0, cixing: 0
了, 0, 0
text: , freq: 0, cixing: 0
额, 0, 0
text: , freq: 0, cixing: 0
寻, 0, 0
text: , freq: 1, cixing: 65536
大神, 1, 65536
text: , freq: 0, cixing: 0
带, 0, 0
text: , freq: 0, cixing: 0
菜, 0, 0
text: , freq: 0, cixing: 0
dota, 0, 0
text: , freq: 0, cixing: 0
了, 0, 0
text: , freq: 1, cixing: 65536
大便, 1, 65536
text: , freq: 1, cixing: 65536
初来乍到, 1, 65536
text: , freq: 1, cixing: 65536
嘿嘿, 1, 65536
text: , freq: 1, cixing: 65536
热烈, 1, 65536
text: , freq: 1, cixing: 65536
庆祝, 1, 65536
text: , freq: 2709679, cixing: 0
国米, 2709679, 0
text: , freq: 5672151, cixing: 2
夺冠, 5672151, 2
text: , freq: 0, cixing: 0
，, 0, 0
text: , freq: 166221882, cixing: 256
以及, 166221882, 256
text: , freq: 1, cixing: 65536
我的, 1, 65536
text: , freq: 0, cixing: 0
三, 0, 0
text: , freq: 2814071, cixing: 0
顿饭, 2814071, 0
text: , freq: 5307096, cixing: 2
到手, 5307096, 2
text: , freq: 0, cixing: 0
！, 0, 0
text: , freq: 0, cixing: 0
！, 0, 0
text: , freq: 0, cixing: 0
主, 0, 0
text: , freq: 0, cixing: 0
玩, 0, 0
text: , freq: 0, cixing: 0
CF, 0, 0
text: , freq: 0, cixing: 0
和, 0, 0
text: , freq: 0, cixing: 0
dota, 0, 0
text: , freq: 1, cixing: 65536
记录, 1, 65536
text: , freq: 0, cixing: 0
dota, 0, 0
text: , freq: 0, cixing: 0
的, 0, 0
text: , freq: 3271935, cixing: 4
点滴, 3271935, 4
text: , freq: 0, cixing: 0
哈, 0, 0
text: , freq: 0, cixing: 0
，, 0, 0
text: , freq: 1, cixing: 65536
今天, 1, 65536
text: , freq: 0, cixing: 0
秀, 0, 0
text: , freq: 0, cixing: 0
了, 0, 0
text: , freq: 31281011, cixing: 0
一把, 31281011, 0
text: , freq: 1, cixing: 65536
蚂蚁, 1, 65536
text: , freq: 0, cixing: 0
，, 0, 0
text: , freq: 1, cixing: 65536
直接, 1, 65536
text: , freq: 1, cixing: 65536
超神, 1, 65536
text: , freq: 0, cixing: 0
，, 0, 0
text: , freq: 1162573, cixing: 0
很爽, 1162573, 0
text: , freq: 0, cixing: 0
。, 0, 0
text: , freq: 1, cixing: 65536
魔兽, 1, 65536
text: , freq: 0, cixing: 0
老, 0, 0
text: , freq: 1, cixing: 65536
玩家, 1, 65536
text: , freq: 87400405, cixing: 5
水平, 87400405, 5
text: , freq: 1, cixing: 65536
没有, 1, 65536
text: , freq: 872347, cixing: 1
起色, 872347, 1
text: , freq: 19638383, cixing: 10
依旧, 19638383, 10
text: , freq: 0, cixing: 0
菜, 0, 0
text: , freq: 0, cixing: 0
。, 0, 0
text: , freq: 0, cixing: 0
专, 0, 0
text: , freq: 0, cixing: 0
研, 0, 0
text: , freq: 1, cixing: 65536
星际, 1, 65536
text: , freq: 0, cixing: 0
2, 0, 0
text: , freq: 0, cixing: 0
中, 0, 0
text: , freq: 0, cixing: 0
在, 0, 0
text: , freq: 0, cixing: 0
新, 0, 0
text: , freq: 0, cixing: 0
的, 0, 0
text: , freq: 1, cixing: 65536
环境, 1, 65536
text: , freq: 494178, cixing: 0
里希, 494178, 0
text: , freq: 0, cixing: 0
望, 0, 0
text: , freq: 0, cixing: 0
能, 0, 0
text: , freq: 0, cixing: 0
和, 0, 0
text: , freq: 1, cixing: 65536
大家, 1, 65536
text: , freq: 11171411, cixing: 2
相处, 11171411, 2
text: , freq: 0, cixing: 0
的, 0, 0
text: , freq: 0, cixing: 0
很, 0, 0
text: , freq: 13305160, cixing: 4
愉快, 13305160, 4
text: , freq: 0, cixing: 0
有, 0, 0
text: , freq: 4164610, cixing: 0
想找, 4164610, 0
text: , freq: 5978753, cixing: 1
队友, 5978753, 1
text: , freq: 0, cixing: 0
的, 0, 0
text: , freq: 1, cixing: 65536
同学, 1, 65536
text: , freq: 0, cixing: 0
请, 0, 0
text: , freq: 0, cixing: 0
加, 0, 0
text: , freq: 0, cixing: 0
qq, 0, 0
text: , freq: 0, cixing: 0
群, 0, 0
text: , freq: 0, cixing: 0
45965375, 0, 0
text: , freq: 1, cixing: 65536
欢迎, 1, 65536
text: , freq: 1, cixing: 65536
强力, 1, 65536
text: , freq: 0, cixing: 0
的, 0, 0
text: , freq: 0, cixing: 0
你, 0, 0
text: , freq: 1, cixing: 65536
加入, 1, 65536
text: , freq: 1, cixing: 65536
我们, 1, 65536
text: , freq: 0, cixing: 0
HF, 0, 0
text: , freq: 1, cixing: 65536
低级, 1, 65536
text: , freq: 0, cixing: 0
房, 0, 0
text: , freq: 1, cixing: 65536
真的, 1, 65536
text: , freq: 0, cixing: 0
比, 0, 0
text: , freq: 0, cixing: 0
VS, 0, 0
text: , freq: 1, cixing: 65536
低级, 1, 65536
text: , freq: 0, cixing: 0
房, 0, 0
text: , freq: 1, cixing: 65536
没素质, 1, 65536
text: , freq: 1, cixing: 65536
很多, 1, 65536
text: , freq: 1, cixing: 65536
被虐了, 1, 65536
text: , freq: 0, cixing: 0
N, 0, 0
text: , freq: 0, cixing: 0
次, 0, 0
text: , freq: 0, cixing: 0
…, 0, 0
text: , freq: 0, cixing: 0
…, 0, 0
text: , freq: 4566426, cixing: 2
不爽, 4566426, 2
text: , freq: 0, cixing: 0
中, 0, 0
text: , freq: 0, cixing: 0
腿, 0, 0
text: , freq: 0, cixing: 0
B, 0, 0
text: , freq: 0, cixing: 0
求, 0, 0
text: , freq: 0, cixing: 0
带, 0, 0
text: , freq: 0, cixing: 0
playing, 0, 0
text: , freq: 0, cixing: 0
dota, 0, 0
text: , freq: 1, cixing: 65536
因为, 1, 65536
text: , freq: 0, cixing: 0
对, 0, 0
text: , freq: 1, cixing: 65536
工会, 1, 65536
text: , freq: 0, cixing: 0
OW, 0, 0
text: , freq: 1, cixing: 65536
失望, 1, 65536
text: , freq: 1, cixing: 65536
现在, 1, 65536
text: , freq: 1005018, cixing: 4
无家可归, 1005018, 4
text: , freq: 1735489, cixing: 0
请给, 1735489, 0
text: , freq: 0, cixing: 0
为, 0, 0
text: , freq: 1, cixing: 65536
朋友, 1, 65536
text: , freq: 0, cixing: 0
给, 0, 0
text: , freq: 1, cixing: 65536
介绍, 1, 65536
text: , freq: 0, cixing: 0
个, 0, 0
text: , freq: 2999776, cixing: 0
好点, 2999776, 0
text: , freq: 0, cixing: 0
DOTA, 0, 0
text: , freq: 1, cixing: 65536
工会, 1, 65536
text: , freq: 0, cixing: 0
有, 0, 0
text: , freq: 1, cixing: 65536
管理, 1, 65536
text: , freq: 11270040, cixing: 2
接待, 11270040, 2
text: , freq: 1, cixing: 65536
经验, 1, 65536
text: , freq: 0, cixing: 0
，, 0, 0
text: , freq: 1, cixing: 65536
谢谢, 1, 65536
text: , freq: 0, cixing: 0
！, 0, 0
text: , freq: 52683, cixing: 0
只为了, 52683, 0
text: , freq: 1, cixing: 65536
海涛, 1, 65536
text: , freq: 1, cixing: 65536
郁闷啊, 1, 65536
text: , freq: 0, cixing: 0
，, 0, 0
text: , freq: 5276491, cixing: 0
玩了, 5276491, 0
text: , freq: 14970953, cixing: 0
两天, 14970953, 0
text: , freq: 0, cixing: 0
巨, 0, 0
text: , freq: 0, cixing: 0
刃, 0, 0
text: , freq: 0, cixing: 0
，, 0, 0
text: , freq: 88547574, cixing: 8
终于, 88547574, 8
text: , freq: 22991435, cixing: 2
承认, 22991435, 2
text: , freq: 0, cixing: 0
，, 0, 0
text: , freq: 1, cixing: 65536
那是, 1, 65536
text: , freq: 0, cixing: 0
个, 0, 0
text: , freq: 1, cixing: 65536
垃圾, 1, 65536
text: , freq: 1, cixing: 65536
游戏, 1, 65536
text: , freq: 1, cixing: 65536
你们, 1, 65536
text: , freq: 0, cixing: 0
敢, 0, 0
text: , freq: 0, cixing: 0
别, 0, 0
text: , freq: 15942221, cixing: 2
盯着, 15942221, 2
text: , freq: 0, cixing: 0
纳, 0, 0
text: , freq: 0, cixing: 0
什, 0, 0
text: , freq: 0, cixing: 0
的, 0, 0
text: , freq: 1, cixing: 65536
鼻子, 1, 65536
text: , freq: 0, cixing: 0
打, 0, 0
text: , freq: 0, cixing: 0
么, 0, 0
text: , freq: 0, cixing: 0
！, 0, 0
text: , freq: 0, cixing: 0
！, 0, 0
text: , freq: 0, cixing: 0
？, 0, 0
text: , freq: 0, cixing: 0
？, 0, 0
text: , freq: 1, cixing: 65536
悲剧, 1, 65536
text: , freq: 0, cixing: 0
，, 0, 0
text: , freq: 1, cixing: 65536
口号, 1, 65536
text: , freq: 1, cixing: 65536
已经, 1, 65536
text: , freq: 59417160, cixing: 2
变成, 59417160, 2
text: , freq: 0, cixing: 0
“, 0, 0
text: , freq: 0, cixing: 0
爱, 0, 0
text: , freq: 1, cixing: 65536
佳佳姐, 1, 65536
text: , freq: 0, cixing: 0
，, 0, 0
text: , freq: 246602692, cixing: 512
所以, 246602692, 512
text: , freq: 1, cixing: 65536
喜欢, 1, 65536
text: , freq: 1, cixing: 65536
海涛, 1, 65536
text: , freq: 0, cixing: 0
了, 0, 0
text: , freq: 0, cixing: 0
么, 0, 0
text: , freq: 0, cixing: 0
…, 0, 0
text: , freq: 0, cixing: 0
”, 0, 0
text: , freq: 1, cixing: 65536
兴奋, 1, 65536
text: , freq: 0, cixing: 0
啊, 0, 0
text: , freq: 0, cixing: 0
，, 0, 0
text: , freq: 0, cixing: 0
涛, 0, 0
text: , freq: 0, cixing: 0
哥, 0, 0
text: , freq: 1, cixing: 65536
加我好友, 1, 65536
text: , freq: 1, cixing: 65536
了啊, 1, 65536
text: , freq: 0, cixing: 0
！, 0, 0
text: , freq: 0, cixing: 0
！, 0, 0
text: , freq: 0, cixing: 0
！, 0, 0
text: , freq: 0, cixing: 0
！, 0, 0
text: , freq: 0, cixing: 0
！, 0, 0
text: , freq: 0, cixing: 0
！, 0, 0
text: , freq: 1, cixing: 65536
兴奋, 1, 65536
text: , freq: 0, cixing: 0
中, 0, 0
text: , freq: 0, cixing: 0
，, 0, 0
text: , freq: 0, cixing: 0
，, 0, 0
text: , freq: 0, cixing: 0
，, 0, 0
text: , freq: 0, cixing: 0
，, 0, 0
text: , freq: 0, cixing: 0
，, 0, 0
text: , freq: 2369742, cixing: 0
大四, 2369742, 0
text: , freq: 0, cixing: 0
了, 0, 0
text: , freq: 1, cixing: 65536
无聊啊, 1, 65536
text: , freq: 1, cixing: 65536
纠结, 1, 65536
text: , freq: 1, cixing: 65536
海涛, 1, 65536
text: , freq: 1, cixing: 65536
加油, 1, 65536
text: , freq: 0, cixing: 0
，, 0, 0
text: , freq: 1, cixing: 65536
佳佳, 1, 65536
text: , freq: 1, cixing: 65536
加油, 1, 65536
text: , freq: 1, cixing: 65536
刚刚, 1, 65536
text: , freq: 0, cixing: 0
去, 0, 0
text: , freq: 1, cixing: 65536
医院, 1, 65536
text: , freq: 1, cixing: 65536
处理, 1, 65536
text: , freq: 0, cixing: 0
了, 0, 0
text: , freq: 1, cixing: 65536
一起, 1, 65536
text: , freq: 5040815, cixing: 1
交通事故, 5040815, 1
text: , freq: 0, cixing: 0
，, 0, 0
text: , freq: 1, cixing: 65536
现在的, 1, 65536
text: , freq: 8768328, cixing: 1
小孩子, 8768328, 1
text: , freq: 66183645, cixing: 64
真是, 66183645, 64
text: , freq: 10752642, cixing: 0
不小, 10752642, 0
text: , freq: 0, cixing: 0
心, 0, 0
text: , freq: 0, cixing: 0
。, 0, 0
text: , freq: 1, cixing: 65536
苏州, 1, 65536
text: , freq: 16974521, cixing: 1
夏天, 16974521, 1
text: , freq: 1, cixing: 65536
到了, 1, 65536
text: , freq: 0, cixing: 0
，, 0, 0
text: , freq: 1, cixing: 65536
这些天, 1, 65536
text: , freq: 0, cixing: 0
热, 0, 0
text: , freq: 0, cixing: 0
的, 0, 0
text: , freq: 5155511, cixing: 12
不得了, 5155511, 12
text: , freq: 16880650, cixing: 0
第二次, 16880650, 0
text: , freq: 0, cixing: 0
来, 0, 0
text: , freq: 0, cixing: 0
！, 0, 0
text: , freq: 1, cixing: 65536
大家, 1, 65536
text: , freq: 10141549, cixing: 0
好啊, 10141549, 0
text: , freq: 0, cixing: 0
，, 0, 0
text: , freq: 96552514, cixing: 0
我是, 96552514, 0
text: , freq: 1, cixing: 65536
新来, 1, 65536
text: , freq: 0, cixing: 0
的, 0, 0
text: , freq: 0, cixing: 0
哦, 0, 0
text: , freq: 0, cixing: 0
。, 0, 0
text: , freq: 0, cixing: 0
。, 0, 0
text: , freq: 0, cixing: 0
。, 0, 0
text: , freq: 1, cixing: 65536
支持, 1, 65536
text: , freq: 1, cixing: 65536
海涛, 1, 65536
text: , freq: 0, cixing: 0
！, 0, 0
text: , freq: 1, cixing: 65536
大笑, 1, 65536
text: , freq: 1, cixing: 65536
微笑, 1, 65536
text: , freq: 33170776, cixing: 8
有时, 33170776, 8
text: , freq: 1, cixing: 65536
可以, 1, 65536
text: , freq: 1, cixing: 65536
更好, 1, 65536
text: , freq: 1, cixing: 65536
解决问题, 1, 65536
text: , freq: 907165, cixing: 0
收不到, 907165, 0
text: , freq: 26158718, cixing: 0
站内, 26158718, 0
text: , freq: 0, cixing: 0
信, 0, 0
text: , freq: 0, cixing: 0
的, 0, 0
text: , freq: 1, cixing: 65536
朋友, 1, 65536
text: , freq: 0, cixing: 0
，, 0, 0
text: , freq: 1, cixing: 65536
记得, 1, 65536
text: , freq: 0, cixing: 0
去, 0, 0
text: , freq: 2714773, cixing: 1
垃圾邮件, 2714773, 1
text: , freq: 1, cixing: 65536
那里, 1, 65536
text: , freq: 6275537, cixing: 0
看一下, 6275537, 0
text: , freq: 0, cixing: 0
哦, 0, 0
text: , freq: 0, cixing: 0
，, 0, 0
text: , freq: 58646375, cixing: 4
有的, 58646375, 4
text: , freq: 1, cixing: 65536
邮箱, 1, 65536
text: , freq: 4545086, cixing: 0
会将, 4545086, 0
text: , freq: 410826, cixing: 0
自动发送, 410826, 0
text: , freq: 0, cixing: 0
的, 0, 0
text: , freq: 1, cixing: 65536
邮件, 1, 65536
text: , freq: 1214692, cixing: 2
视作, 1214692, 2
text: , freq: 2714773, cixing: 1
垃圾邮件, 2714773, 1
text: , freq: 0, cixing: 0
的, 0, 0
text: , freq: 0, cixing: 0
。, 0, 0
text: , freq: 0, cixing: 0
窝, 0, 0
text: , freq: 0, cixing: 0
心, 0, 0
text: , freq: 0, cixing: 0
的, 0, 0
text: , freq: 0, cixing: 0
很, 0, 0
text: , freq: 0, cixing: 0
，, 0, 0
text: , freq: 1, cixing: 65536
今天, 1, 65536
text: , freq: 0, cixing: 0
玩, 0, 0
text: , freq: 1, cixing: 65536
天龙八部, 1, 65536
text: , freq: 0, cixing: 0
，, 0, 0
text: , freq: 1, cixing: 65536
感觉, 1, 65536
text: , freq: 2405873, cixing: 0
没意思, 2405873, 0
text: , freq: 0, cixing: 0
Say, 0, 0
text: , freq: 0, cixing: 0
Hi, 0, 0
text: , freq: 0, cixing: 0
to, 0, 0
text: , freq: 0, cixing: 0
Every, 0, 0
text: , freq: 0, cixing: 0
Visitor, 0, 0
text: , freq: 0, cixing: 0
dota, 0, 0
text: , freq: 0, cixing: 0
的, 0, 0
text: , freq: 1, cixing: 65536
魅力, 1, 65536
text: , freq: 26663064, cixing: 2
在于, 26663064, 2
text: , freq: 0, cixing: 0
，, 0, 0
text: , freq: 1972933, cixing: 4
淫荡, 1972933, 4
text: , freq: 1, cixing: 65536
的意识, 1, 65536
text: , freq: 0, cixing: 0
，, 0, 0
text: , freq: 2748929, cixing: 4
风骚, 2748929, 4
text: , freq: 0, cixing: 0
的, 0, 0
text: , freq: 1, cixing: 65536
走位, 1, 65536
text: , freq: 0, cixing: 0
，, 0, 0
text: , freq: 1, cixing: 65536
华丽, 1, 65536
text: , freq: 0, cixing: 0
的, 0, 0
text: , freq: 0, cixing: 0
舞, 0, 0
text: , freq: 0, cixing: 0
杀, 0, 0
text: , freq: 30545027, cixing: 1
天天, 30545027, 1
text: , freq: 0, cixing: 0
dota, 0, 0
text: , freq: 1, cixing: 65536
服务器, 1, 65536
text: , freq: 514074, cixing: 8
三天两头, 514074, 8
text: , freq: 3045790, cixing: 2
出问题, 3045790, 2
text: , freq: 0, cixing: 0
，, 0, 0
text: , freq: 1, cixing: 65536
实在, 1, 65536
text: , freq: 0, cixing: 0
是, 0, 0
text: , freq: 62449779, cixing: 0
让人, 62449779, 0
text: , freq: 1833469, cixing: 2
恼火, 1833469, 2
text: , freq: 0, cixing: 0
在, 0, 0
text: , freq: 0, cixing: 0
DOTA, 0, 0
text: , freq: 0, cixing: 0
里, 0, 0
text: , freq: 5531509, cixing: 0
输了, 5531509, 0
text: , freq: 0, cixing: 0
5, 0, 0
text: , freq: 0, cixing: 0
场, 0, 0
text: , freq: 0, cixing: 0
去, 0, 0
text: , freq: 0, cixing: 0
梦, 0, 0
text: , freq: 0, cixing: 0
三, 0, 0
text: , freq: 0, cixing: 0
虐, 0, 0
text: , freq: 0, cixing: 0
了, 0, 0
text: , freq: 0, cixing: 0
10, 0, 0
text: , freq: 0, cixing: 0
场, 0, 0
text: , freq: 3158323, cixing: 0
我太, 3158323, 0
text: , freq: 1, cixing: 65536
坏了, 1, 65536
text: , freq: 162553, cixing: 0
哇咔咔, 162553, 0
text: , freq: 1027169, cixing: 0
德拉, 1027169, 0
text: , freq: 0, cixing: 0
季, 0, 0
text: , freq: 0, cixing: 0
奇, 0, 0
text: , freq: 0, cixing: 0
，, 0, 0
text: , freq: 7419571, cixing: 0
你已经, 7419571, 0
text: , freq: 1, cixing: 65536
吉诺, 1, 65536
text: , freq: 1, cixing: 65536
比利, 1, 65536
text: , freq: 0, cixing: 0
了, 0, 0
text: , freq: 0, cixing: 0
！, 0, 0
text: , freq: 0, cixing: 0
！, 0, 0
text: , freq: 1, cixing: 65536
博学, 1, 65536
text: , freq: 0, cixing: 0
而, 0, 0
text: , freq: 50543, cixing: 2
笃志, 50543, 2
text: , freq: 0, cixing: 0
，, 0, 0
text: , freq: 0, cixing: 0
切, 0, 0
text: , freq: 0, cixing: 0
问, 0, 0
text: , freq: 580232, cixing: 0
而近, 580232, 0
text: , freq: 0, cixing: 0
思, 0, 0
text: , freq: 1999195, cixing: 2
知足, 1999195, 2
text: , freq: 1, cixing: 65536
长乐, 1, 65536
text: , freq: 0, cixing: 0
，, 0, 0
text: , freq: 3600262, cixing: 2
吃亏, 3600262, 2
text: , freq: 0, cixing: 0
是, 0, 0
text: , freq: 0, cixing: 0
福, 0, 0
text: , freq: 0, cixing: 0
。, 0, 0
text: , freq: 0, cixing: 0
dota, 0, 0
text: , freq: 0, cixing: 0
ing, 0, 0
text: , freq: 234115877, cixing: 4098
通过, 234115877, 4098
text: , freq: 1, cixing: 65536
海涛, 1, 65536
text: , freq: 0, cixing: 0
，, 0, 0
text: , freq: 1, cixing: 65536
知道, 1, 65536
text: , freq: 1, cixing: 65536
这个, 1, 65536
text: , freq: 1, cixing: 65536
网站, 1, 65536
text: , freq: 0, cixing: 0
，, 0, 0
text: , freq: 1, cixing: 65536
喜欢, 1, 65536
text: , freq: 0, cixing: 0
DOTA, 0, 0
text: , freq: 0, cixing: 0
的, 0, 0
text: , freq: 1, cixing: 65536
朋友, 1, 65536
text: , freq: 0, cixing: 0
，, 0, 0
text: , freq: 1, cixing: 65536
加我啊, 1, 65536
text: , freq: 0, cixing: 0
…, 0, 0
text: , freq: 0, cixing: 0
…, 0, 0
text: , freq: 1, cixing: 65536
手指, 1, 65536
text: , freq: 324133, cixing: 1
脱臼, 324133, 1
text: , freq: 0, cixing: 0
，, 0, 0
text: , freq: 1, cixing: 65536
完全, 1, 65536
text: , freq: 0, cixing: 0
靠, 0, 0
text: , freq: 5743815, cixing: 0
一只手, 5743815, 0
text: , freq: 1, cixing: 65536
服务器, 1, 65536
text: , freq: 1, cixing: 65536
最近, 1, 65536
text: , freq: 0, cixing: 0
老, 0, 0
text: , freq: 1, cixing: 65536
当机, 1, 65536
text: , freq: 0, cixing: 0
，, 0, 0
text: , freq: 22101831, cixing: 0
我对, 22101831, 0
text: , freq: 16269328, cixing: 64
不起, 16269328, 64
text: , freq: 1, cixing: 65536
大家, 1, 65536
text: , freq: 0, cixing: 0
哭, 0, 0
text: , freq: 0, cixing: 0
新, 0, 0
text: , freq: 37299422, cixing: 1
皮肤, 37299422, 1
text: , freq: 222702, cixing: 0
出来了, 222702, 0
text: , freq: 0, cixing: 0
有, 0, 0
text: , freq: 0, cixing: 0
dota, 0, 0
text: , freq: 0, cixing: 0
的, 0, 0
text: , freq: 37299422, cixing: 1
皮肤, 37299422, 1
text: , freq: 0, cixing: 0
哦, 0, 0
text: , freq: 96552514, cixing: 0
我是, 96552514, 0
text: , freq: 0, cixing: 0
奔, 0, 0
text: , freq: 1, cixing: 65536
海涛, 1, 65536
text: , freq: 1, cixing: 65536
来的, 1, 65536
text: , freq: 0, cixing: 0
！, 0, 0
text: , freq: 0, cixing: 0
坏, 0, 0
text: , freq: 0, cixing: 0
笑, 0, 0
text: , freq: 0, cixing: 0
linux, 0, 0
text: , freq: 66183645, cixing: 64
真是, 66183645, 64
text: , freq: 1, cixing: 65536
非, 1, 65536
text: , freq: 0, cixing: 0
用, 0, 0
text: , freq: 1, cixing: 65536
不能, 1, 65536
text: , freq: 0, cixing: 0
学, 0, 0
text: , freq: 0, cixing: 0
也, 0, 0
text: , freq: 1, cixing: 65536
游戏, 1, 65536
text: , freq: 96826, cixing: 0
是用来, 96826, 0
text: , freq: 14089590, cixing: 6
放松, 14089590, 6
text: , freq: 264132664, cixing: 0
自己的, 264132664, 0
text: , freq: 0, cixing: 0
坏, 0, 0
text: , freq: 0, cixing: 0
笑, 0, 0
text: , freq: 0, cixing: 0
坏, 0, 0
text: , freq: 0, cixing: 0
笑, 0, 0
text: , freq: 1, cixing: 65536
支持, 1, 65536
text: , freq: 1, cixing: 65536
海涛, 1, 65536
text: , freq: 0, cixing: 0
！, 0, 0
text: , freq: 0, cixing: 0
！, 0, 0
text: , freq: 0, cixing: 0
！, 0, 0
text: , freq: 1, cixing: 65536
感谢, 1, 65536
text: , freq: 128360469, cixing: 0
您的, 128360469, 0
text: , freq: 6376014, cixing: 2
赞助, 6376014, 2
text: , freq: 0, cixing: 0
强, 0, 0
text: , freq: 1, cixing: 65536
抓狂, 1, 65536
text: , freq: 88547574, cixing: 8
终于, 88547574, 8
text: , freq: 46108, cixing: 0
上来了, 46108, 0
text: , freq: 0, cixing: 0
，, 0, 0
text: , freq: 0, cixing: 0
PPL, 0, 0
text: , freq: 0, cixing: 0
dota, 0, 0
text: , freq: 1, cixing: 65536
我的, 1, 65536
text: , freq: 40002186, cixing: 2
追求, 40002186, 2
text: , freq: 0, cixing: 0
的, 0, 0
text: , freq: 0, cixing: 0
路, 0, 0
text: , freq: 2173420, cixing: 0
又可, 2173420, 0
text: , freq: 0, cixing: 0
以, 0, 0
text: , freq: 1, cixing: 65536
继续, 1, 65536
text: , freq: 6401913, cixing: 2
强奸, 6401913, 2
text: , freq: 1, cixing: 65536
电脑, 1, 65536
text: , freq: 0, cixing: 0
了, 0, 0
text: , freq: 1, cixing: 65536
哈哈, 1, 65536
text: , freq: 52374566, cixing: 0
我在, 52374566, 0
text: , freq: 0, cixing: 0
等, 0, 0
text: , freq: 1, cixing: 65536
结果, 1, 65536
text: , freq: 57898006, cixing: 8
到底, 57898006, 8
text: , freq: 1, cixing: 65536
有什么, 1, 65536
text: , freq: 0, cixing: 0
可, 0, 0
text: , freq: 1, cixing: 65536
玩性, 1, 65536
text: , freq: 1, cixing: 65536
好的, 1, 65536
text: , freq: 1, cixing: 65536
游戏, 1, 65536
text: , freq: 0, cixing: 0
啊, 0, 0
text: , freq: 0, cixing: 0
，, 0, 0
text: , freq: 1, cixing: 65536
推荐, 1, 65536
text: , freq: 1, cixing: 65536
推荐, 1, 65536
text: , freq: 0, cixing: 0
吧, 0, 0
text: , freq: 1, cixing: 65536
菜鸟, 1, 65536
text: , freq: 1, cixing: 65536
一个, 1, 65536
text: , freq: 0, cixing: 0
，, 0, 0
text: , freq: 5508786, cixing: 0
来个, 5508786, 0
text: , freq: 0, cixing: 0
人, 0, 0
text: , freq: 1, cixing: 65536
带我, 1, 65536
text: , freq: 0, cixing: 0
玩, 0, 0
text: , freq: 0, cixing: 0
DOTA, 0, 0
text: , freq: 0, cixing: 0
吧, 0, 0
text: , freq: 0, cixing: 0
为, 0, 0
text: , freq: 1, cixing: 65536
海涛, 1, 65536
text: , freq: 22287013, cixing: 0
而来, 22287013, 0
text: , freq: 1284217, cixing: 0
吼吼, 1284217, 0
text: , freq: 0, cixing: 0
吼, 0, 0
text: , freq: 1, cixing: 65536
太阳, 1, 65536
text: , freq: 0, cixing: 0
！, 0, 0
text: , freq: 0, cixing: 0
！, 0, 0
text: , freq: 0, cixing: 0
杯, 0, 0
text: , freq: 0, cixing: 0
具, 0, 0
text: , freq: 0, cixing: 0
啊, 0, 0
text: , freq: 0, cixing: 0
，, 0, 0
text: , freq: 53182929, cixing: 0
三个, 53182929, 0
text: , freq: 0, cixing: 0
号, 0, 0
text: , freq: 0, cixing: 0
都, 0, 0
text: , freq: 1135972, cixing: 0
进不了, 1135972, 0
text: , freq: 1, cixing: 65536
工会, 1, 65536
text: , freq: 1, cixing: 65536
大哭, 1, 65536
text: , freq: 239100, cixing: 0
我就是, 239100, 0
text: , freq: 0, cixing: 0
来, 0, 0
text: , freq: 1, cixing: 65536
顶下, 1, 65536
text: , freq: 0, cixing: 0
涛, 0, 0
text: , freq: 0, cixing: 0
哥, 0, 0
text: , freq: 0, cixing: 0
滴, 0, 0
text: , freq: 1, cixing: 65536
可爱, 1, 65536
text: , freq: 0, cixing: 0
心, 0, 0
text: , freq: 0, cixing: 0
晴, 0, 0
text: , freq: 0, cixing: 0
，, 0, 0
text: , freq: 0, cixing: 0
nice, 0, 0
text: , freq: 903860, cixing: 2
开荒, 903860, 2
text: , freq: 1, cixing: 65536
结束, 1, 65536
text: , freq: 0, cixing: 0
的, 0, 0
text: , freq: 40815859, cixing: 1
日子, 40815859, 1
text: , freq: 0, cixing: 0
。, 0, 0
text: , freq: 0, cixing: 0
。, 0, 0
text: , freq: 1, cixing: 65536
有点, 1, 65536
text: , freq: 1, cixing: 65536
无聊, 1, 65536
text: , freq: 0, cixing: 0
。, 0, 0
text: , freq: 0, cixing: 0
。, 0, 0
text: , freq: 0, cixing: 0
为, 0, 0
text: , freq: 1, cixing: 65536
海涛, 1, 65536
text: , freq: 22287013, cixing: 0
而来, 22287013, 0
text: , freq: 1, cixing: 65536
知识, 1, 65536
text: , freq: 40960009, cixing: 0
就像, 40960009, 0
text: , freq: 6534267, cixing: 0
内裤, 6534267, 0
text: , freq: 1, cixing: 65536
一样, 1, 65536
text: , freq: 0, cixing: 0
，, 0, 0
text: , freq: 1, cixing: 65536
看不到, 1, 65536
text: , freq: 2781169, cixing: 0
却很, 2781169, 0
text: , freq: 134561622, cixing: 4
重要, 134561622, 4
text: , freq: 0, cixing: 0
。, 0, 0
text: , freq: 1, cixing: 65536
阴谋, 1, 65536
text: , freq: 82873, cixing: 0
郭台铭, 82873, 0
text: , freq: 35889032, cixing: 0
第一个, 35889032, 0
text: , freq: 1, cixing: 65536
状态, 1, 65536
text: , freq: 0, cixing: 0
。, 0, 0
text: , freq: 0, cixing: 0
。, 0, 0
text: , freq: 0, cixing: 0
。, 0, 0
text: , freq: 1, cixing: 65536
支持, 1, 65536
text: , freq: 1, cixing: 65536
海涛, 1, 65536
text: , freq: 0, cixing: 0
，, 0, 0
text: , freq: 1, cixing: 65536
和谐, 1, 65536
text: , freq: 0, cixing: 0
DOTA, 0, 0
text: , freq: 1, cixing: 65536
魔兽争霸, 1, 65536
text: , freq: 0, cixing: 0
ing, 0, 0
text: , freq: 5680790, cixing: 0
好大, 5680790, 0
text: , freq: 0, cixing: 0
的, 0, 0
text: , freq: 0, cixing: 0
雨, 0, 0
text: , freq: 1, cixing: 65536
纠结, 1, 65536
text: , freq: 50921076, cixing: 0
不想, 50921076, 0
text: , freq: 18775641, cixing: 2
上班, 18775641, 2
text: , freq: 1, cixing: 65536
一起, 1, 65536
text: , freq: 0, cixing: 0
来, 0, 0
text: , freq: 0, cixing: 0
dota, 0, 0
text: , freq: 0, cixing: 0
吧, 0, 0
text: , freq: 1, cixing: 65536
支持, 1, 65536
text: , freq: 0, cixing: 0
涛, 0, 0
text: , freq: 0, cixing: 0
哥, 0, 0
text: , freq: 0, cixing: 0
，, 0, 0
text: , freq: 2757600, cixing: 0
你给, 2757600, 0
text: , freq: 1, cixing: 65536
我们, 1, 65536
text: , freq: 1, cixing: 65536
带来, 1, 65536
text: , freq: 1, cixing: 65536
很多, 1, 65536
text: , freq: 1, cixing: 65536
快乐, 1, 65536
text: , freq: 0, cixing: 0
1111111, 0, 0
text: , freq: 96552514, cixing: 0
我是, 96552514, 0
text: , freq: 35339155, cixing: 4096
来看, 35339155, 4096
text: , freq: 1, cixing: 65536
海涛, 1, 65536
text: , freq: 0, cixing: 0
的, 0, 0
text: , freq: 0, cixing: 0
乡, 0, 0
text: , freq: 0, cixing: 0
秀, 0, 0
text: , freq: 1, cixing: 65536
树, 1, 65536
text: , freq: 1, cixing: 65536
吃惊, 1, 65536
text: , freq: 1, cixing: 65536
喜欢, 1, 65536
text: , freq: 0, cixing: 0
玩, 0, 0
text: , freq: 0, cixing: 0
DOTA, 0, 0
text: , freq: 0, cixing: 0
啊, 0, 0
text: , freq: 1, cixing: 65536
为什么, 1, 65536
text: , freq: 1, cixing: 65536
人人, 1, 65536
text: , freq: 0, cixing: 0
网, 0, 0
text: , freq: 1, cixing: 65536
不能, 1, 65536
text: , freq: 7801171, cixing: 5
批量, 7801171, 5
text: , freq: 234115877, cixing: 4098
通过, 234115877, 4098
text: , freq: 0, cixing: 0
，, 0, 0
text: , freq: 3960511, cixing: 11
要命, 3960511, 11
text: , freq: 1, cixing: 65536
了啊, 1, 65536
text: , freq: 0, cixing: 0
…, 0, 0
text: , freq: 0, cixing: 0
…, 0, 0
text: , freq: 1, cixing: 65536
为了, 1, 65536
text: , freq: 1, cixing: 65536
海涛, 1, 65536
text: , freq: 60107944, cixing: 2
来到, 60107944, 2
text: , freq: 1, cixing: 65536
这里, 1, 65536
text: , freq: 1, cixing: 65536
第一, 1, 65536
text: , freq: 0, cixing: 0
次, 0, 0
text: , freq: 0, cixing: 0
进, 0, 0
text: , freq: 0, cixing: 0
17gaming, 0, 0
text: , freq: 0, cixing: 0
涛, 0, 0
text: , freq: 0, cixing: 0
哥, 0, 0
text: , freq: 1, cixing: 65536
人人, 1, 65536
text: , freq: 1, cixing: 65536
加我啊, 1, 65536
text: , freq: 0, cixing: 0
！, 0, 0
text: , freq: 0, cixing: 0
！, 0, 0
text: , freq: 0, cixing: 0
！, 0, 0
text: , freq: 1, cixing: 65536
轩缘, 1, 65536
text: , freq: 1, cixing: 65536
就是, 1, 65536
text: , freq: 1, cixing: 65536
轩缘, 1, 65536
text: , freq: 0, cixing: 0
，, 0, 0
text: , freq: 0, cixing: 0
烟, 0, 0
text: , freq: 0, cixing: 0
烟, 0, 0
text: , freq: 0, cixing: 0
亦, 0, 0
text: , freq: 0, cixing: 0
熄, 0, 0
text: , freq: 1, cixing: 65536
也是, 1, 65536
text: , freq: 1, cixing: 65536
轩缘, 1, 65536
text: , freq: 0, cixing: 0
，, 0, 0
text: , freq: 1, cixing: 65536
电信, 1, 65536
text: , freq: 0, cixing: 0
YY1422, 0, 0
text: , freq: 9335090, cixing: 0
欢迎大家, 9335090, 0
text: , freq: 19835454, cixing: 2
到来, 19835454, 2
text: , freq: 0, cixing: 0
。, 0, 0
text: , freq: 1, cixing: 65536
网通, 1, 65536
text: , freq: 0, cixing: 0
YY4278, 0, 0
text: , freq: 1, cixing: 65536
都是, 1, 65536
text: , freq: 1, cixing: 65536
海涛, 1, 65536
text: , freq: 0, cixing: 0
的, 0, 0
text: , freq: 0, cixing: 0
YY, 0, 0
text: , freq: 0, cixing: 0
涛, 0, 0
text: , freq: 0, cixing: 0
哥, 0, 0
text: , freq: 0, cixing: 0
！, 0, 0
text: , freq: 1, cixing: 65536
第一, 1, 65536
text: , freq: 0, cixing: 0
次, 0, 0
text: , freq: 0, cixing: 0
来, 0, 0
text: , freq: 0, cixing: 0
，, 0, 0
text: , freq: 0, cixing: 0
，, 0, 0
text: , freq: 0, cixing: 0
，, 0, 0
text: , freq: 0, cixing: 0
，, 0, 0
text: , freq: 1768770, cixing: 0
大家多多, 1768770, 0
text: , freq: 20392617, cixing: 2
照顾, 20392617, 2
text: , freq: 57898006, cixing: 8
到底, 57898006, 8
text: , freq: 1, cixing: 65536
是我, 1, 65536
text: , freq: 0, cixing: 0
们, 0, 0
text: , freq: 0, cixing: 0
在, 0, 0
text: , freq: 1, cixing: 65536
玩游戏, 1, 65536
text: , freq: 0, cixing: 0
，, 0, 0
text: , freq: 1, cixing: 65536
还是, 1, 65536
text: , freq: 1, cixing: 65536
游戏, 1, 65536
text: , freq: 0, cixing: 0
在, 0, 0
text: , freq: 0, cixing: 0
玩, 0, 0
text: , freq: 1, cixing: 65536
我们, 1, 65536
text: , freq: 0, cixing: 0
の, 0, 0
text: , freq: 0, cixing: 0
の, 0, 0
text: , freq: 0, cixing: 0
の, 0, 0
text: , freq: 0, cixing: 0
の, 0, 0
text: , freq: 0, cixing: 0
の, 0, 0
text: , freq: 0, cixing: 0
の, 0, 0
text: , freq: 0, cixing: 0
の, 0, 0
text: , freq: 1, cixing: 65536
准备, 1, 65536
text: , freq: 12435379, cixing: 0
给大家, 12435379, 0
text: , freq: 0, cixing: 0
某, 0, 0
text: , freq: 0, cixing: 0
点, 0, 0
text: , freq: 1, cixing: 65536
福利, 1, 65536
text: , freq: 0, cixing: 0
，, 0, 0
text: , freq: 0, cixing: 0
搞, 0, 0
text: , freq: 0, cixing: 0
个, 0, 0
text: , freq: 8374803, cixing: 0
团购, 8374803, 0
text: , freq: 0, cixing: 0
啥, 0, 0
text: , freq: 0, cixing: 0
的, 0, 0
text: , freq: 0, cixing: 0
。, 0, 0
text: , freq: 1, cixing: 65536
大家, 1, 65536
text: , freq: 11353282, cixing: 0
有兴趣, 11353282, 0
text: , freq: 0, cixing: 0
么, 0, 0
text: , freq: 0, cixing: 0
？, 0, 0
text: , freq: 1, cixing: 65536
希望, 1, 65536
text: , freq: 28382181, cixing: 0
不在, 28382181, 0
text: , freq: 149043892, cixing: 0
是一个, 149043892, 0
text: , freq: 0, cixing: 0
人, 0, 0
text: , freq: 0, cixing: 0
dota, 0, 0
text: , freq: 0, cixing: 0
挖, 0, 0
text: , freq: 1, cixing: 65536
鼻子, 1, 65536
text: , freq: 1, cixing: 65536
貌似, 1, 65536
text: , freq: 1, cixing: 65536
状态, 1, 65536
text: , freq: 1, cixing: 65536
恢复, 1, 65536
text: , freq: 0, cixing: 0
了, 0, 0
text: , freq: 0, cixing: 0
hehe, 0, 0
text: , freq: 0, cixing: 0
坏, 0, 0
text: , freq: 0, cixing: 0
笑, 0, 0
text: , freq: 1, cixing: 65536
牛, 1, 65536
text: , freq: 0, cixing: 0
叉, 0, 0
text: , freq: 0, cixing: 0
得, 0, 0
text: , freq: 1, cixing: 65536
不行, 1, 65536
text: , freq: 0, cixing: 0
哦, 0, 0
text: , freq: 288471, cixing: 1
流鼻涕, 288471, 1
text: , freq: 1, cixing: 65536
喜欢, 1, 65536
text: , freq: 1, cixing: 65536
海涛, 1, 65536
text: , freq: 0, cixing: 0
，, 0, 0
text: , freq: 246602692, cixing: 512
所以, 246602692, 512
text: , freq: 1, cixing: 65536
来了, 1, 65536
text: , freq: 0, cixing: 0
、, 0, 0
text: , freq: 0, cixing: 0
、, 0, 0
text: , freq: 0, cixing: 0
、, 0, 0
text: , freq: 1, cixing: 65536
拍拍, 1, 65536
text: , freq: 0, cixing: 0
27, 0, 0
text: , freq: 0, cixing: 0
杀, 0, 0
text: , freq: 0, cixing: 0
7, 0, 0
text: , freq: 0, cixing: 0
死, 0, 0
text: , freq: 0, cixing: 0
19, 0, 0
text: , freq: 1, cixing: 65536
助攻, 1, 65536
text: , freq: 16596155, cixing: 4
对面, 16596155, 4
text: , freq: 0, cixing: 0
5, 0, 0
text: , freq: 0, cixing: 0
人, 0, 0
text: , freq: 6190041, cixing: 0
见我, 6190041, 0
text: , freq: 3563996, cixing: 0
就跑, 3563996, 0
text: , freq: 74557377, cixing: 0
我就, 74557377, 0
text: , freq: 1, cixing: 65536
那么, 1, 65536
text: , freq: 6005676, cixing: 6
难看, 6005676, 6
text: , freq: 0, cixing: 0
吗, 0, 0
text: , freq: 0, cixing: 0
？, 0, 0
text: , freq: 2670380, cixing: 0
这叫, 2670380, 0
text: , freq: 4569999, cixing: 0
老夫, 4569999, 0
text: , freq: 2458933, cixing: 0
如何是好, 2458933, 0
text: , freq: 0, cixing: 0
What, 0, 0
text: , freq: 0, cixing: 0
are, 0, 0
text: , freq: 0, cixing: 0
you, 0, 0
text: , freq: 0, cixing: 0
want, 0, 0
text: , freq: 1, cixing: 65536
海涛, 1, 65536
text: , freq: 0, cixing: 0
哥, 0, 0
text: , freq: 0, cixing: 0
又, 0, 0
text: , freq: 0, cixing: 0
出, 0, 0
text: , freq: 509922, cixing: 0
视屏, 509922, 0
text: , freq: 0, cixing: 0
了, 0, 0
text: , freq: 0, cixing: 0
，, 0, 0
text: , freq: 0, cixing: 0
。, 0, 0
text: , freq: 0, cixing: 0
。, 0, 0
text: , freq: 0, cixing: 0
。, 0, 0
text: , freq: 0, cixing: 0
。, 0, 0
text: , freq: 0, cixing: 0
。, 0, 0
text: , freq: 0, cixing: 0
。, 0, 0
text: , freq: 0, cixing: 0
。, 0, 0
text: , freq: 0, cixing: 0
烦, 0, 0
text: , freq: 0, cixing: 0
衰, 0, 0
text: , freq: 1, cixing: 65536
惊吓, 1, 65536
text: , freq: 1, cixing: 65536
最近, 1, 65536
text: , freq: 0, cixing: 0
迷, 0, 0
text: , freq: 0, cixing: 0
DOTA, 0, 0
text: , freq: 1, cixing: 65536
宿舍, 1, 65536
text: , freq: 1786683, cixing: 0
的哥, 1786683, 0
text: , freq: 0, cixing: 0
们, 0, 0
text: , freq: 2616252, cixing: 0
别看, 2616252, 0
text: , freq: 81630897, cixing: 1
视频, 81630897, 1
text: , freq: 0, cixing: 0
了, 0, 0
text: , freq: 0, cixing: 0
，, 0, 0
text: , freq: 0, cixing: 0
哥, 0, 0
text: , freq: 50513655, cixing: 0
还要, 50513655, 0
text: , freq: 0, cixing: 0
打, 0, 0
text: , freq: 0, cixing: 0
dota, 0, 0
text: , freq: 0, cixing: 0
呢, 0, 0
text: , freq: 1, cixing: 65536
大家, 1, 65536
text: , freq: 10141549, cixing: 0
好啊, 10141549, 0
text: , freq: 96552514, cixing: 0
我是, 96552514, 0
text: , freq: 1, cixing: 65536
新来, 1, 65536
text: , freq: 0, cixing: 0
的, 0, 0
text: , freq: 1, cixing: 65536
惊吓, 1, 65536
text: , freq: 0, cixing: 0
。, 0, 0
text: , freq: 0, cixing: 0
。, 0, 0
text: , freq: 0, cixing: 0
。, 0, 0
text: , freq: 1, cixing: 65536
路人, 1, 65536
text: , freq: 0, cixing: 0
专, 0, 0
text: , freq: 0, cixing: 0
打, 0, 0
text: , freq: 1, cixing: 65536
酱油, 1, 65536
text: , freq: 1, cixing: 65536
寂寞, 1, 65536
text: , freq: 0, cixing: 0
的, 0, 0
text: , freq: 1, cixing: 65536
女人, 1, 65536
text: , freq: 136656, cixing: 0
穿丝袜, 136656, 0
text: , freq: 0, cixing: 0
，, 0, 0
text: , freq: 4274352, cixing: 4
空虚, 4274352, 4
text: , freq: 0, cixing: 0
的, 0, 0
text: , freq: 1, cixing: 65536
男人, 1, 65536
text: , freq: 0, cixing: 0
打, 0, 0
text: , freq: 0, cixing: 0
dota, 0, 0
text: , freq: 0, cixing: 0
DOTA, 0, 0
text: , freq: 0, cixing: 0
，, 0, 0
text: , freq: 0, cixing: 0
I, 0, 0
text: , freq: 0, cixing: 0
LOVE, 0, 0
text: , freq: 0, cixing: 0
this, 0, 0
text: , freq: 0, cixing: 0
game, 0, 0
text: , freq: 1, cixing: 65536
弄个, 1, 65536
text: , freq: 4185531, cixing: 0
玩玩, 4185531, 0
text: , freq: 5383297, cixing: 2
抽烟, 5383297, 2
text: , freq: 1, cixing: 65536
天下, 1, 65536
text: , freq: 1, cixing: 65536
风云, 1, 65536
text: , freq: 0, cixing: 0
出, 0, 0
text: , freq: 734794, cixing: 0
我辈, 734794, 0
text: , freq: 0, cixing: 0
一, 0, 0
text: , freq: 0, cixing: 0
入, 0, 0
text: , freq: 1, cixing: 65536
江湖, 1, 65536
text: , freq: 1, cixing: 65536
岁月催, 1, 65536
text: , freq: 0, cixing: 0
皇, 0, 0
text: , freq: 310954, cixing: 0
图霸, 310954, 0
text: , freq: 0, cixing: 0
业, 0, 0
text: , freq: 1431301, cixing: 2
谈笑, 1431301, 2
text: , freq: 0, cixing: 0
中, 0, 0
text: , freq: 4000182, cixing: 14
不胜, 4000182, 14
text: , freq: 66203166, cixing: 1
人生, 66203166, 1
text: , freq: 44778746, cixing: 0
一场, 44778746, 0
text: , freq: 0, cixing: 0
醉, 0, 0
text: , freq: 0, cixing: 0
人, 0, 0
text: , freq: 3321826, cixing: 0
还很, 3321826, 0
text: , freq: 0, cixing: 0
少, 0, 0
text: , freq: 0, cixing: 0
么, 0, 0
text: , freq: 1, cixing: 65536
惊吓, 1, 65536
text: , freq: 347526, cixing: 0
不图, 347526, 0
text: , freq: 1, cixing: 65536
不挂, 1, 65536
text: , freq: 0, cixing: 0
，, 0, 0
text: , freq: 1, cixing: 65536
素质游戏, 1, 65536
text: , freq: 0, cixing: 0
，, 0, 0
text: , freq: 1, cixing: 65536
和谐, 1, 65536
text: , freq: 0, cixing: 0
dota, 0, 0
text: , freq: 7521360, cixing: 0
从我, 7521360, 0
text: , freq: 0, cixing: 0
们, 0, 0
text: , freq: 6733994, cixing: 0
做起, 6733994, 0
text: , freq: 1, cixing: 65536
玩游戏, 1, 65536
text: , freq: 1, cixing: 65536
没有, 1, 65536
text: , freq: 1, cixing: 65536
牛, 1, 65536
text: , freq: 0, cixing: 0
B, 0, 0
text: , freq: 0, cixing: 0
过, 0, 0
text: , freq: 1, cixing: 65536
海涛, 1, 65536
text: , freq: 1, cixing: 65536
看到, 1, 65536
text: , freq: 1, cixing: 65536
海涛, 1, 65536
text: , freq: 0, cixing: 0
哥, 0, 0
text: , freq: 5217276, cixing: 2
解说, 5217276, 2
text: , freq: 0, cixing: 0
的, 0, 0
text: , freq: 1, cixing: 65536
狗头人, 1, 65536
text: , freq: 81630897, cixing: 1
视频, 81630897, 1
text: , freq: 0, cixing: 0
，, 0, 0
text: , freq: 1, cixing: 65536
是不是, 1, 65536
text: , freq: 1, cixing: 65536
因为, 1, 65536
text: , freq: 5780518, cixing: 0
前几天, 5780518, 0
text: , freq: 1, cixing: 65536
山寨, 1, 65536
text: , freq: 0, cixing: 0
狂, 0, 0
text: , freq: 0, cixing: 0
发, 0, 0
text: , freq: 1, cixing: 65536
狗头人, 1, 65536
text: , freq: 1, cixing: 65536
消息, 1, 65536
text: , freq: 0, cixing: 0
的, 0, 0
text: , freq: 1, cixing: 65536
原因, 1, 65536
text: , freq: 0, cixing: 0
呢, 0, 0
text: , freq: 1, cixing: 65536
海涛, 1, 65536
text: , freq: 1, cixing: 65536
支持, 1, 65536
text: , freq: 0, cixing: 0
你, 0, 0
text: , freq: 0, cixing: 0
，, 0, 0
text: , freq: 1, cixing: 65536
嘿嘿, 1, 65536
text: , freq: 40815859, cixing: 1
日子, 40815859, 1
text: , freq: 337829, cixing: 0
算错, 337829, 0
text: , freq: 1, cixing: 65536
也是, 1, 65536
text: , freq: 3384167, cixing: 1
个头, 3384167, 1
text: , freq: 0, cixing: 0
疼, 0, 0
text: , freq: 0, cixing: 0
的, 0, 0
text: , freq: 1, cixing: 65536
问题, 1, 65536
text: , freq: 0, cixing: 0
！, 0, 0
text: , freq: 1, cixing: 65536
生命, 1, 65536
text: , freq: 26663064, cixing: 2
在于, 26663064, 2
text: , freq: 4439285, cixing: 2
折腾, 4439285, 2
text: , freq: 1, cixing: 65536
和谐, 1, 65536
text: , freq: 0, cixing: 0
dota, 0, 0
text: , freq: 347526, cixing: 0
不图, 347526, 0
text: , freq: 1, cixing: 65536
不挂, 1, 65536
text: , freq: 1, cixing: 65536
净化, 1, 65536
text: , freq: 0, cixing: 0
dota, 0, 0
text: , freq: 1, cixing: 65536
环境, 1, 65536
text: , freq: 923826, cixing: 0
从我做起, 923826, 0
text: , freq: 1, cixing: 65536
可怜, 1, 65536
text: , freq: 88547574, cixing: 8
终于, 88547574, 8
text: , freq: 1, cixing: 65536
注册, 1, 65536
text: , freq: 1, cixing: 65536
好了, 1, 65536
text: , freq: 0, cixing: 0
右, 0, 0
text: , freq: 1, cixing: 65536
哼哼, 1, 65536
text: , freq: 1, cixing: 65536
花痴, 1, 65536
text: , freq: 0, cixing: 0
O, 0, 0
text: , freq: 0, cixing: 0
∩, 0, 0
text: , freq: 0, cixing: 0
∩, 0, 0
text: , freq: 0, cixing: 0
O, 0, 0
text: , freq: 1, cixing: 65536
哈哈, 1, 65536
text: , freq: 63945083, cixing: 8
曾经, 63945083, 8
text: , freq: 72572003, cixing: 0
是个, 72572003, 0
text: , freq: 1, cixing: 65536
好人, 1, 65536
text: , freq: 1, cixing: 65536
拍拍熊, 1, 65536
text: , freq: 1, cixing: 65536
无敌, 1, 65536
text: , freq: 0, cixing: 0
了, 0, 0
text: , freq: 0, cixing: 0
，, 0, 0
text: , freq: 0, cixing: 0
dota, 0, 0
text: , freq: 0, cixing: 0
不, 0, 0
text: , freq: 0, cixing: 0
黑, 0, 0
text: , freq: 1, cixing: 65536
不挂, 1, 65536
text: , freq: 0, cixing: 0
，, 0, 0
text: , freq: 1, cixing: 65536
和谐, 1, 65536
text: , freq: 0, cixing: 0
DOTA, 0, 0
text: , freq: 0, cixing: 0
，, 0, 0
text: , freq: 923826, cixing: 0
从我做起, 923826, 0
text: , freq: 0, cixing: 0
！, 0, 0
text: , freq: 0, cixing: 0
不, 0, 0
text: , freq: 0, cixing: 0
黑, 0, 0
text: , freq: 1, cixing: 65536
不挂, 1, 65536
text: , freq: 0, cixing: 0
。, 0, 0
text: , freq: 1, cixing: 65536
和谐, 1, 65536
text: , freq: 0, cixing: 0
DOTA, 0, 0
text: , freq: 0, cixing: 0
，, 0, 0
text: , freq: 1, cixing: 65536
净化, 1, 65536
text: , freq: 0, cixing: 0
DOTA, 0, 0
text: , freq: 1, cixing: 65536
环境, 1, 65536
text: , freq: 923826, cixing: 0
从我做起, 923826, 0
text: , freq: 1, cixing: 65536
我爱, 1, 65536
text: , freq: 0, cixing: 0
打, 0, 0
text: , freq: 0, cixing: 0
dota, 0, 0
text: , freq: 0, cixing: 0
来, 0, 0
text: , freq: 0, cixing: 0
咯, 0, 0
text: , freq: 77255, cixing: 0
我来了, 77255, 0
text: , freq: 0, cixing: 0
。, 0, 0
text: , freq: 0, cixing: 0
。, 0, 0
text: , freq: 1, cixing: 65536
欢迎, 1, 65536
text: , freq: 98443, cixing: 0
更多的人, 98443, 0
text: , freq: 1, cixing: 65536
加入, 1, 65536
text: , freq: 0, cixing: 0
强, 0, 0
text: , freq: 1, cixing: 65536
喜欢, 1, 65536
text: , freq: 0, cixing: 0
dota, 0, 0
text: , freq: 1, cixing: 65536
仙剑, 1, 65536
text: , freq: 241822796, cixing: 0
的人, 241822796, 0
text: , freq: 1, cixing: 65536
加我, 1, 65536
text: , freq: 1284217, cixing: 0
吼吼, 1284217, 0
text: , freq: 0, cixing: 0
，, 0, 0
text: , freq: 1, cixing: 65536
交友, 1, 65536
text: , freq: 0, cixing: 0
啦, 0, 0
text: , freq: 0, cixing: 0
偶, 0, 0
text: , freq: 0, cixing: 0
是, 0, 0
text: , freq: 0, cixing: 0
来, 0, 0
text: , freq: 1, cixing: 65536
支持, 1, 65536
text: , freq: 0, cixing: 0
涛, 0, 0
text: , freq: 0, cixing: 0
哥, 0, 0
text: , freq: 0, cixing: 0
的, 0, 0
text: , freq: 0, cixing: 0
坏, 0, 0
text: , freq: 0, cixing: 0
笑, 0, 0
text: , freq: 0, cixing: 0
DOTAing, 0, 0
text: , freq: 0, cixing: 0
哎, 0, 0
text: , freq: 2114873, cixing: 0
毕业了, 2114873, 0
text: , freq: 0, cixing: 0
要, 0, 0
text: , freq: 0, cixing: 0
和, 0, 0
text: , freq: 14886321, cixing: 0
朋友们, 14886321, 0
text: , freq: 33594, cixing: 0
分开了, 33594, 0
text: , freq: 1, cixing: 65536
伤心, 1, 65536
text: , freq: 0, cixing: 0
压, 0, 0
text: , freq: 1, cixing: 65536
哈哈, 1, 65536
text: , freq: 1, cixing: 65536
希望, 1, 65536
text: , freq: 5486224, cixing: 0
每一天, 5486224, 0
text: , freq: 25801796, cixing: 0
都能, 25801796, 0
text: , freq: 1, cixing: 65536
开心, 1, 65536
text: , freq: 0, cixing: 0
！, 0, 0
text: , freq: 1, cixing: 65536
月骑, 1, 65536
text: , freq: 39848849, cixing: 0
出了, 39848849, 0
text: , freq: 1, cixing: 65536
刷新, 1, 65536
text: , freq: 6661098, cixing: 0
还说, 6661098, 0
text: , freq: 12430867, cixing: 0
看我, 12430867, 0
text: , freq: 0, cixing: 0
2, 0, 0
text: , freq: 0, cixing: 0
个, 0, 0
text: , freq: 0, cixing: 0
大, 0, 0
text: , freq: 0, cixing: 0
去, 0, 0
text: , freq: 0, cixing: 0
秒, 0, 0
text: , freq: 1, cixing: 65536
他们, 1, 65536
text: , freq: 0, cixing: 0
75, 0, 0
text: , freq: 1, cixing: 65536
分钟, 1, 65536
text: , freq: 0, cixing: 0
啊, 0, 0
text: , freq: 0, cixing: 0
我, 0, 0
text: , freq: 1, cixing: 65536
火女, 1, 65536
text: , freq: 1, cixing: 65536
推倒, 1, 65536
text: , freq: 1, cixing: 65536
冰封王座, 1, 65536
text: , freq: 0, cixing: 0
太, 0, 0
text: , freq: 1, cixing: 65536
无语, 1, 65536
text: , freq: 0, cixing: 0
了, 0, 0
text: , freq: 1, cixing: 65536
自己, 1, 65536
text: , freq: 1, cixing: 65536
小白, 1, 65536
text: , freq: 22826525, cixing: 0
还不, 22826525, 0
text: , freq: 62449779, cixing: 0
让人, 62449779, 0
text: , freq: 0, cixing: 0
说, 0, 0
text: , freq: 1703637, cixing: 0
杨过, 1703637, 0
text: , freq: 0, cixing: 0
跳, 0, 0
text: , freq: 0, cixing: 0
崖, 0, 0
text: , freq: 0, cixing: 0
的, 0, 0
text: , freq: 90036769, cixing: 4
真正, 90036769, 4
text: , freq: 1, cixing: 65536
原因, 1, 65536
text: , freq: 0, cixing: 0
—, 0, 0
text: , freq: 0, cixing: 0
—, 0, 0
text: , freq: 0, cixing: 0
父, 0, 0
text: , freq: 0, cixing: 0
是, 0, 0
text: , freq: 0, cixing: 0
康, 0, 0
text: , freq: 1, cixing: 65536
初来乍到, 1, 65536
text: , freq: 0, cixing: 0
，, 0, 0
text: , freq: 1, cixing: 65536
多多包涵, 1, 65536
text: , freq: 0, cixing: 0
DOTA, 0, 0
text: , freq: 4114950, cixing: 1
万岁, 4114950, 1
text: , freq: 0, cixing: 0
涛, 0, 0
text: , freq: 0, cixing: 0
哥, 0, 0
text: , freq: 1, cixing: 65536
无敌, 1, 65536
text: , freq: 1, cixing: 65536
佳佳姐, 1, 65536
text: , freq: 1709777, cixing: 4
威武, 1709777, 4
text: , freq: 1, cixing: 65536
犯罪, 1, 65536
text: , freq: 0, cixing: 0
ing, 0, 0
text: , freq: 6420568, cixing: 0
好想, 6420568, 0
text: , freq: 1, cixing: 65536
有个, 1, 65536
text: , freq: 16021444, cixing: 1
女朋友, 16021444, 1
text: , freq: 1, cixing: 65536
大哭, 1, 65536
text: , freq: 1, cixing: 65536
初来乍到, 1, 65536
text: , freq: 0, cixing: 0
我, 0, 0
text: , freq: 8896904, cixing: 0
中了, 8896904, 0
text: , freq: 1, cixing: 65536
沉默, 1, 65536
text: , freq: 0, cixing: 0
。, 0, 0
text: , freq: 0, cixing: 0
。, 0, 0
text: , freq: 0, cixing: 0
。, 0, 0
text: , freq: 88547574, cixing: 8
终于, 88547574, 8
text: , freq: 1, cixing: 65536
激活, 1, 65536
text: , freq: 1, cixing: 65536
账号, 1, 65536
text: , freq: 0, cixing: 0
了, 0, 0
text: , freq: 13079774, cixing: 0
不容易, 13079774, 0
text: , freq: 0, cixing: 0
啊, 0, 0
text: , freq: 1, cixing: 65536
惊吓, 1, 65536
text: , freq: 0, cixing: 0
YY, 0, 0
text: , freq: 0, cixing: 0
号, 0, 0
text: , freq: 0, cixing: 0
59844666, 0, 0
text: , freq: 0, cixing: 0
，, 0, 0
text: , freq: 1, cixing: 65536
大家, 1, 65536
text: , freq: 1, cixing: 65536
可以, 1, 65536
text: , freq: 111435, cixing: 0
找我聊, 111435, 0
text: , freq: 453082, cixing: 0
天开, 453082, 0
text: , freq: 0, cixing: 0
黑, 0, 0
text: , freq: 0, cixing: 0
顶, 0, 0
text: , freq: 1, cixing: 65536
海涛, 1, 65536
text: , freq: 1228910, cixing: 2
待会儿, 1228910, 2
text: , freq: 1, cixing: 65536
乐乐, 1, 65536
text: , freq: 3101178, cixing: 2
请客, 3101178, 2
text: , freq: 0, cixing: 0
，, 0, 0
text: , freq: 1, cixing: 65536
哈哈, 1, 65536
text: , freq: 0, cixing: 0
，, 0, 0
text: , freq: 0, cixing: 0
灌, 0, 0
text: , freq: 1, cixing: 65536
丫的, 1, 65536
text: , freq: 0, cixing: 0
！, 0, 0
text: , freq: 0, cixing: 0
！, 0, 0
text: , freq: 0, cixing: 0
！, 0, 0
text: , freq: 0, cixing: 0
dota, 0, 0
text: , freq: 1, cixing: 65536
花痴, 1, 65536
text: , freq: 50323399, cixing: 2
声明, 50323399, 2
text: , freq: 1, cixing: 65536
一下, 1, 65536
text: , freq: 96552514, cixing: 0
我是, 96552514, 0
text: , freq: 1, cixing: 65536
山寨, 1, 65536
text: , freq: 0, cixing: 0
坏, 0, 0
text: , freq: 0, cixing: 0
笑, 0, 0
text: , freq: 0, cixing: 0
衰, 0, 0
text: , freq: 1, cixing: 65536
支持, 1, 65536
text: , freq: 0, cixing: 0
17gaming, 0, 0
text: , freq: 0, cixing: 0
！, 0, 0
text: , freq: 0, cixing: 0
dota, 0, 0
text: , freq: 1, cixing: 65536
菜鸟, 1, 65536
text: , freq: 924566, cixing: 0
看海, 924566, 0
text: , freq: 0, cixing: 0
涛, 0, 0
text: , freq: 0, cixing: 0
打, 0, 0
text: , freq: 0, cixing: 0
DOTA, 0, 0
text: , freq: 66203166, cixing: 1
人生, 66203166, 1
text: , freq: 1, cixing: 65536
就是, 1, 65536
text: , freq: 1, cixing: 65536
一个, 1, 65536
text: , freq: 1943014, cixing: 1
茶几, 1943014, 1
text: , freq: 1, cixing: 65536
可爱, 1, 65536
text: , freq: 2114873, cixing: 0
毕业了, 2114873, 0
text: , freq: 2114873, cixing: 0
毕业了, 2114873, 0
text: , freq: 0, cixing: 0
Esports, 0, 0
text: , freq: 1, cixing: 65536
海涛, 1, 65536
text: , freq: 0, cixing: 0
绿, 0, 0
text: , freq: 0, cixing: 0
衫, 0, 0
text: , freq: 0, cixing: 0
军, 0, 0
text: , freq: 4275886, cixing: 2
重返, 4275886, 2
text: , freq: 1, cixing: 65536
总决赛, 1, 65536
text: , freq: 1, cixing: 65536
还是, 1, 65536
text: , freq: 1, cixing: 65536
那个, 1, 65536
text: , freq: 1, cixing: 65536
冷血, 1, 65536
text: , freq: 0, cixing: 0
的, 0, 0
text: , freq: 0, cixing: 0
Ray, 0, 0
text: , freq: 0, cixing: 0
Allen, 0, 0
text: , freq: 1, cixing: 65536
今天, 1, 65536
text: , freq: 0, cixing: 0
在, 0, 0
text: , freq: 0, cixing: 0
BN, 0, 0
text: , freq: 0, cixing: 0
上, 0, 0
text: , freq: 7637653, cixing: 0
打得, 7637653, 0
text: , freq: 657277, cixing: 0
很不爽, 657277, 0
text: , freq: 46123884, cixing: 66
出去, 46123884, 66
text: , freq: 0, cixing: 0
和, 0, 0
text: , freq: 1, cixing: 65536
同学, 1, 65536
text: , freq: 0, cixing: 0
在, 0, 0
text: , freq: 1, cixing: 65536
浩方, 1, 65536
text: , freq: 0, cixing: 0
开, 0, 0
text: , freq: 0, cixing: 0
黑, 0, 0
text: , freq: 0, cixing: 0
，, 0, 0
text: , freq: 0, cixing: 0
连, 0, 0
text: , freq: 0, cixing: 0
赢, 0, 0
text: , freq: 0, cixing: 0
6, 0, 0
text: , freq: 0, cixing: 0
局, 0, 0
text: , freq: 0, cixing: 0
，, 0, 0
text: , freq: 23193165, cixing: 8
算是, 23193165, 8
text: , freq: 1, cixing: 65536
找回, 1, 65536
text: , freq: 1, cixing: 65536
来了, 1, 65536
text: , freq: 0, cixing: 0
。, 0, 0
text: , freq: 1, cixing: 65536
路人, 1, 65536
text: , freq: 0, cixing: 0
中, 0, 0
text: , freq: 1, cixing: 65536
好多, 1, 65536
text: , freq: 0, cixing: 0
不, 0, 0
text: , freq: 1, cixing: 65536
素质, 1, 65536
text: , freq: 0, cixing: 0
…, 0, 0
text: , freq: 0, cixing: 0
…, 0, 0
text: , freq: 3040407, cixing: 0
对啊, 3040407, 0
text: , freq: 0, cixing: 0
，, 0, 0
text: , freq: 52374566, cixing: 0
我在, 52374566, 0
text: , freq: 7537636, cixing: 8192
干嘛, 7537636, 8192
text: , freq: 0, cixing: 0
呢, 0, 0
text: , freq: 0, cixing: 0
？, 0, 0
text: , freq: 1, cixing: 65536
白眼, 1, 65536
text: , freq: 1, cixing: 65536
海涛, 1, 65536
text: , freq: 0, cixing: 0
把, 0, 0
text: , freq: 1, cixing: 65536
一起, 1, 65536
text: , freq: 1, cixing: 65536
游戏, 1, 65536
text: , freq: 239082, cixing: 0
网带, 239082, 0
text: , freq: 1586139, cixing: 0
火了, 1586139, 0
text: , freq: 1414705, cixing: 0
还我, 1414705, 0
text: , freq: 0, cixing: 0
ctm, 0, 0
text: , freq: 0, cixing: 0
。, 0, 0
text: , freq: 0, cixing: 0
。, 0, 0
text: , freq: 0, cixing: 0
。, 0, 0
text: , freq: 0, cixing: 0
。, 0, 0
text: , freq: 0, cixing: 0
。, 0, 0
text: , freq: 0, cixing: 0
。, 0, 0
text: , freq: 0, cixing: 0
。, 0, 0
text: , freq: 0, cixing: 0
。, 0, 0
text: , freq: 0, cixing: 0
。, 0, 0
text: , freq: 0, cixing: 0
。, 0, 0
text: , freq: 0, cixing: 0
。, 0, 0
text: , freq: 0, cixing: 0
。, 0, 0
text: , freq: 0, cixing: 0
。, 0, 0
text: , freq: 0, cixing: 0
。, 0, 0
text: , freq: 0, cixing: 0
。, 0, 0
text: , freq: 12648330, cixing: 1
小弟, 12648330, 1
text: , freq: 1, cixing: 65536
初来乍到, 1, 65536
text: , freq: 0, cixing: 0
，, 0, 0
text: , freq: 5305643, cixing: 8
未曾, 5305643, 8
text: , freq: 1434405, cixing: 2
拜见, 1434405, 2
text: , freq: 44902615, cixing: 5
各位, 44902615, 5
text: , freq: 1, cixing: 65536
大神, 1, 65536
text: , freq: 0, cixing: 0
，, 0, 0
text: , freq: 1536822, cixing: 0
还望, 1536822, 0
text: , freq: 2620238, cixing: 0
见谅, 2620238, 0
text: , freq: 0, cixing: 0
，, 0, 0
text: , freq: 1, cixing: 65536
希望, 1, 65536
text: , freq: 1, cixing: 65536
多多, 1, 65536
text: , freq: 556170, cixing: 0
提携, 556170, 0
text: , freq: 12648330, cixing: 1
小弟, 12648330, 1
text: , freq: 0, cixing: 0
晕, 0, 0
text: , freq: 0, cixing: 0
DOTAER, 0, 0
text: , freq: 0, cixing: 0
们, 0, 0
text: , freq: 0, cixing: 0
，, 0, 0
text: , freq: 1, cixing: 65536
一起, 1, 65536
text: , freq: 0, cixing: 0
DOTA, 0, 0
text: , freq: 0, cixing: 0
吧, 0, 0
text: , freq: 1, cixing: 65536
花痴, 1, 65536
text: , freq: 0, cixing: 0
黑, 0, 0
text: , freq: 1, cixing: 65536
鄙视, 1, 65536
text: , freq: 1, cixing: 65536
我的人, 1, 65536
text: , freq: 22880856, cixing: 0
那么多, 22880856, 0
text: , freq: 0, cixing: 0
，, 0, 0
text: , freq: 0, cixing: 0
你, 0, 0
text: , freq: 0, cixing: 0
算, 0, 0
text: , freq: 235157, cixing: 0
老几, 235157, 0
text: , freq: 0, cixing: 0
吖, 0, 0
text: , freq: 1, cixing: 65536
没有, 1, 65536
text: , freq: 15308146, cixing: 5
一辈子, 15308146, 5
text: , freq: 0, cixing: 0
的, 0, 0
text: , freq: 1, cixing: 65536
游戏, 1, 65536
text: , freq: 0, cixing: 0
但, 0, 0
text: , freq: 74285338, cixing: 0
有一, 74285338, 0
text: , freq: 1149470, cixing: 1
辈子, 1149470, 1
text: , freq: 0, cixing: 0
的, 0, 0
text: , freq: 1, cixing: 65536
朋友, 1, 65536
text: , freq: 1, cixing: 65536
海涛, 1, 65536
text: , freq: 0, cixing: 0
哥, 0, 0
text: , freq: 77255, cixing: 0
我来了, 77255, 0
text: , freq: 1, cixing: 65536
好无聊, 1, 65536
text: , freq: 0, cixing: 0
啊, 0, 0
text: , freq: 9335090, cixing: 0
欢迎大家, 9335090, 0
text: , freq: 0, cixing: 0
来, 0, 0
text: , freq: 1, cixing: 65536
我的, 1, 65536
text: , freq: 0, cixing: 0
优, 0, 0
text: , freq: 0, cixing: 0
酷, 0, 0
text: , freq: 1, cixing: 65536
空间, 1, 65536
text: , freq: 3834414, cixing: 2
做客, 3834414, 2
text: , freq: 1755299, cixing: 0
感谢大家, 1755299, 0
text: , freq: 0, cixing: 0
对, 0, 0
text: , freq: 233982, cixing: 0
小坏蛋, 233982, 0
text: , freq: 0, cixing: 0
的, 0, 0
text: , freq: 1, cixing: 65536
支持, 1, 65536
text: , freq: 0, cixing: 0
挺, 0, 0
text: , freq: 4164610, cixing: 0
想找, 4164610, 0
text: , freq: 0, cixing: 0
到, 0, 0
text: , freq: 0, cixing: 0
72, 0, 0
text: , freq: 0, cixing: 0
QQ416387855, 0, 0
text: , freq: 34817697, cixing: 512
既然, 34817697, 512
text: , freq: 1, cixing: 65536
堕落, 1, 65536
text: , freq: 0, cixing: 0
，, 0, 0
text: , freq: 5057315, cixing: 0
何不, 5057315, 0
text: , freq: 30343932, cixing: 4
彻底, 30343932, 4
text: , freq: 0, cixing: 0
！, 0, 0
text: , freq: 0, cixing: 0
衰, 0, 0
text: , freq: 1, cixing: 65536
看到, 1, 65536
text: , freq: 961596, cixing: 0
那棵, 961596, 0
text: , freq: 1, cixing: 65536
象征, 1, 65536
text: , freq: 1, cixing: 65536
永恒, 1, 65536
text: , freq: 0, cixing: 0
的, 0, 0
text: , freq: 1, cixing: 65536
古树, 1, 65536
text: , freq: 0, cixing: 0
了, 0, 0
text: , freq: 0, cixing: 0
吗, 0, 0
text: , freq: 0, cixing: 0
？, 0, 0
text: , freq: 0, cixing: 0
它, 0, 0
text: , freq: 1, cixing: 65536
没有, 1, 65536
text: , freq: 0, cixing: 0
倒, 0, 0
text: , freq: 0, cixing: 0
，, 0, 0
text: , freq: 1, cixing: 65536
我们, 1, 65536
text: , freq: 9884807, cixing: 0
就不能, 9884807, 0
text: , freq: 0, cixing: 0
倒, 0, 0
text: , freq: 0, cixing: 0
！, 0, 0
text: , freq: 0, cixing: 0
！, 0, 0
text: , freq: 0, cixing: 0
！, 0, 0
text: , freq: 1, cixing: 65536
惊吓, 1, 65536
text: , freq: 0, cixing: 0
蛋, 0, 0
text: , freq: 0, cixing: 0
疼, 0, 0
text: , freq: 0, cixing: 0
的, 0, 0
text: , freq: 1, cixing: 65536
表情, 1, 65536
text: , freq: 0, cixing: 0
把, 0, 0
text: , freq: 0, cixing: 0
圆, 0, 0
text: , freq: 0, cixing: 0
的, 0, 0
text: , freq: 59417160, cixing: 2
变成, 59417160, 2
text: , freq: 0, cixing: 0
方, 0, 0
text: , freq: 0, cixing: 0
的, 0, 0
text: , freq: 0, cixing: 0
了, 0, 0
text: , freq: 0, cixing: 0
LGD, 0, 0
text: , freq: 884599, cixing: 0
当世, 884599, 0
text: , freq: 0, cixing: 0
VP, 0, 0
text: , freq: 1, cixing: 65536
第一, 1, 65536
text: , freq: 0, cixing: 0
次, 0, 0
text: , freq: 16643386, cixing: 2
完了, 16643386, 2
text: , freq: 0, cixing: 0
吧, 0, 0
text: , freq: 0, cixing: 0
cw, 0, 0
text: , freq: 0, cixing: 0
！, 0, 0
text: , freq: 0, cixing: 0
！, 0, 0
text: , freq: 1, cixing: 65536
悲剧, 1, 65536
text: , freq: 0, cixing: 0
了, 0, 0
text: , freq: 0, cixing: 0
！, 0, 0
text: , freq: 0, cixing: 0
！, 0, 0
text: , freq: 141000, cixing: 0
俄而, 141000, 0
text: , freq: 1, cixing: 65536
游戏, 1, 65536
text: , freq: 0, cixing: 0
下, 0, 0
text: , freq: 10859760, cixing: 4
偷偷, 10859760, 4
text: , freq: 0, cixing: 0
闲, 0, 0
text: , freq: 1, cixing: 65536
心情, 1, 65536
text: , freq: 0, cixing: 0
灰, 0, 0
text: , freq: 0, cixing: 0
常, 0, 0
text: , freq: 0, cixing: 0
的, 0, 0
text: , freq: 10141549, cixing: 0
好啊, 10141549, 0
text: , freq: 1, cixing: 65536
鼓掌, 1, 65536
text: , freq: 9230775, cixing: 0
作为一个, 9230775, 0
text: , freq: 1, cixing: 65536
菜鸟, 1, 65536
text: , freq: 0, cixing: 0
dota, 0, 0
text: , freq: 1, cixing: 65536
玩家, 1, 65536
text: , freq: 0, cixing: 0
，, 0, 0
text: , freq: 0, cixing: 0
好, 0, 0
text: , freq: 1, cixing: 65536
希望, 1, 65536
text: , freq: 11540307, cixing: 0
能有, 11540307, 0
text: , freq: 8748204, cixing: 0
人来, 8748204, 0
text: , freq: 1, cixing: 65536
带带, 1, 65536
text: , freq: 0, cixing: 0
我, 0, 0
text: , freq: 0, cixing: 0
！, 0, 0
text: , freq: 4945547, cixing: 0
新一轮, 4945547, 0
text: , freq: 0, cixing: 0
的, 0, 0
text: , freq: 1, cixing: 65536
开始, 1, 65536
text: , freq: 1, cixing: 65536
喜欢, 1, 65536
text: , freq: 0, cixing: 0
玩, 0, 0
text: , freq: 0, cixing: 0
DOTA, 0, 0
text: , freq: 0, cixing: 0
的, 0, 0
text: , freq: 0, cixing: 0
，, 0, 0
text: , freq: 0, cixing: 0
来, 0, 0
text: , freq: 0, cixing: 0
加, 0, 0
text: , freq: 0, cixing: 0
个, 0, 0
text: , freq: 1, cixing: 65536
好友, 1, 65536
text: , freq: 0, cixing: 0
吧, 0, 0
text: , freq: 4726329, cixing: 2
冲着, 4726329, 2
text: , freq: 0, cixing: 0
涛, 0, 0
text: , freq: 0, cixing: 0
哥, 0, 0
text: , freq: 1, cixing: 65536
来的, 1, 65536
text: , freq: 0, cixing: 0
s, 0, 0
text: , freq: 0, cixing: 0
简, 0, 0
text: , freq: 1, cixing: 65536
简单, 1, 65536
text: , freq: 0, cixing: 0
单, 0, 0
text: , freq: 0, cixing: 0
，, 0, 0
text: , freq: 4768201, cixing: 4
平平, 4768201, 4
text: , freq: 8265186, cixing: 2
谈谈, 8265186, 2
text: , freq: 0, cixing: 0
的, 0, 0
text: , freq: 1, cixing: 65536
生活, 1, 65536
text: , freq: 0, cixing: 0
着, 0, 0
text: , freq: 1, cixing: 65536
哈哈, 1, 65536
text: , freq: 0, cixing: 0
，, 0, 0
text: , freq: 1, cixing: 65536
今天, 1, 65536
text: , freq: 455340, cixing: 0
看到了, 455340, 0
text: , freq: 1, cixing: 65536
好多, 1, 65536
text: , freq: 1, cixing: 65536
老鼠, 1, 65536
text: , freq: 0, cixing: 0
，, 0, 0
text: , freq: 1, cixing: 65536
兔子, 1, 65536
text: , freq: 0, cixing: 0
，, 0, 0
text: , freq: 0, cixing: 0
和, 0, 0
text: , freq: 0, cixing: 0
狗, 0, 0
text: , freq: 1, cixing: 65536
开心, 1, 65536
text: , freq: 0, cixing: 0
O, 0, 0
text: , freq: 0, cixing: 0
NO, 0, 0
text: , freq: 0, cixing: 0
。, 0, 0
text: , freq: 0, cixing: 0
。, 0, 0
text: , freq: 1, cixing: 65536
为什么, 1, 65536
text: , freq: 1, cixing: 65536
没人, 1, 65536
text: , freq: 0, cixing: 0
来, 0, 0
text: , freq: 1, cixing: 65536
带我, 1, 65536
text: , freq: 0, cixing: 0
DOTA, 0, 0
text: , freq: 1, cixing: 65536
上路, 1, 65536
text: , freq: 1, cixing: 65536
浩方, 1, 65536
text: , freq: 1, cixing: 65536
游戏中, 1, 65536
text: , freq: 1, cixing: 65536
害羞, 1, 65536
text: , freq: 0, cixing: 0
搞, 0, 0
text: , freq: 276219, cixing: 0
个人主页, 276219, 0
text: , freq: 1, cixing: 65536
希望, 1, 65536
text: , freq: 0, cixing: 0
17gaming, 0, 0
text: , freq: 697470, cixing: 0
越办, 697470, 0
text: , freq: 7110832, cixing: 0
越好, 7110832, 0
text: , freq: 0, cixing: 0
！, 0, 0
text: , freq: 56031002, cixing: 0
一天, 56031002, 0
text: , freq: 1, cixing: 65536
游戏, 1, 65536
text: , freq: 0, cixing: 0
没, 0, 0
text: , freq: 1, cixing: 65536
怎么, 1, 65536
text: , freq: 0, cixing: 0
赢, 0, 0
text: , freq: 17685383, cixing: 2
赢得, 17685383, 2
text: , freq: 1, cixing: 65536
也是, 1, 65536
text: , freq: 1, cixing: 65536
那么, 1, 65536
text: , freq: 3161580, cixing: 4
惊险, 3161580, 4
text: , freq: 1, cixing: 65536
好不容易, 1, 65536
text: , freq: 1, cixing: 65536
顺风, 1, 65536
text: , freq: 0, cixing: 0
大, 0, 0
text: , freq: 4354180, cixing: 0
赢了, 4354180, 0
text: , freq: 31281011, cixing: 0
一把, 31281011, 0
text: , freq: 1, cixing: 65536
主机, 1, 65536
text: , freq: 0, cixing: 0
一, 0, 0
text: , freq: 0, cixing: 0
T, 0, 0
text: , freq: 0, cixing: 0
人, 0, 0
text: , freq: 0, cixing: 0
挂, 0, 0
text: , freq: 0, cixing: 0
我, 0, 0
text: , freq: 1, cixing: 65536
断线, 1, 65536
text: , freq: 0, cixing: 0
了, 0, 0
text: , freq: 0, cixing: 0
0, 0, 0
text: , freq: 0, cixing: 0
0, 0, 0
text: , freq: 0, cixing: 0
囧, 0, 0
text: , freq: 0, cixing: 0
要, 0, 0
text: , freq: 922854, cixing: 0
换新, 922854, 0
text: , freq: 466194564, cixing: 3
工作, 466194564, 3
text: , freq: 0, cixing: 0
了, 0, 0
text: , freq: 0, cixing: 0
。, 0, 0
text: , freq: 0, cixing: 0
。, 0, 0
text: , freq: 6419203, cixing: 2
舍不得, 6419203, 2
text: , freq: 1, cixing: 65536
我的, 1, 65536
text: , freq: 1, cixing: 65536
美女, 1, 65536
text: , freq: 16918532, cixing: 3
同事, 16918532, 3
text: , freq: 0, cixing: 0
挖, 0, 0
text: , freq: 1, cixing: 65536
鼻子, 1, 65536
text: , freq: 2526720, cixing: 0
六一, 2526720, 0
text: , freq: 10141549, cixing: 0
好啊, 10141549, 0
text: , freq: 0, cixing: 0
坏, 0, 0
text: , freq: 0, cixing: 0
笑, 0, 0
text: , freq: 11320705, cixing: 2
迎接, 11320705, 2
text: , freq: 2526720, cixing: 0
六一, 2526720, 0
text: , freq: 5383297, cixing: 2
抽烟, 5383297, 2
text: , freq: 0, cixing: 0
巨, 0, 0
text: , freq: 0, cixing: 0
馍, 0, 0
text: , freq: 0, cixing: 0
蘸, 0, 0
text: , freq: 0, cixing: 0
酱, 0, 0
text: , freq: 18775641, cixing: 2
上班, 18775641, 2
text: , freq: 1, cixing: 65536
无聊, 1, 65536
text: , freq: 0, cixing: 0
中, 0, 0
text: , freq: 0, cixing: 0
毛, 0, 0
text: , freq: 1, cixing: 65536
马上, 1, 65536
text: , freq: 558607, cixing: 0
期末考, 558607, 0
text: , freq: 2969640, cixing: 0
试了, 2969640, 0
text: , freq: 0, cixing: 0
，, 0, 0
text: , freq: 50921076, cixing: 0
不想, 50921076, 0
text: , freq: 0, cixing: 0
挂, 0, 0
text: , freq: 0, cixing: 0
科, 0, 0
text: , freq: 0, cixing: 0
，, 0, 0
text: , freq: 8928585, cixing: 136
只得, 8928585, 136
text: , freq: 0, cixing: 0
先, 0, 0
text: , freq: 0, cixing: 0
不, 0, 0
text: , freq: 0, cixing: 0
DOTA, 0, 0
text: , freq: 0, cixing: 0
了, 0, 0
text: , freq: 0, cixing: 0
，, 0, 0
text: , freq: 0, cixing: 0
但, 0, 0
text: , freq: 0, cixing: 0
涛, 0, 0
text: , freq: 0, cixing: 0
哥, 0, 0
text: , freq: 43688726, cixing: 0
我还, 43688726, 0
text: , freq: 0, cixing: 0
得, 0, 0
text: , freq: 1, cixing: 65536
支持, 1, 65536
text: , freq: 0, cixing: 0
！, 0, 0
text: , freq: 0, cixing: 0
无, 0, 0
text: , freq: 1, cixing: 65536
兄弟, 1, 65536
text: , freq: 0, cixing: 0
，, 0, 0
text: , freq: 0, cixing: 0
不, 0, 0
text: , freq: 0, cixing: 0
DOTA, 0, 0
text: , freq: 0, cixing: 0
ganking, 0, 0
text: , freq: 0, cixing: 0
莪, 0, 0
text: , freq: 1043908, cixing: 0
所思, 1043908, 0
text: , freq: 0, cixing: 0
念, 0, 0
text: , freq: 0, cixing: 0
人, 0, 0
text: , freq: 1, cixing: 65536
的地方, 1, 65536
text: , freq: 0, cixing: 0
，, 0, 0
text: , freq: 1, cixing: 65536
就是, 1, 65536
text: , freq: 1, cixing: 65536
我的, 1, 65536
text: , freq: 0, cixing: 0
归, 0, 0
text: , freq: 0, cixing: 0
处, 0, 0
text: , freq: 0, cixing: 0
，, 0, 0
text: , freq: 1, cixing: 65536
寻找, 1, 65536
text: , freq: 0, cixing: 0
dnf, 0, 0
text: , freq: 56587779, cixing: 1
山东, 56587779, 1
text: , freq: 1, cixing: 65536
四区, 1, 65536
text: , freq: 0, cixing: 0
的, 0, 0
text: , freq: 1, cixing: 65536
朋友, 1, 65536
text: , freq: 0, cixing: 0
，, 0, 0
text: , freq: 1, cixing: 65536
找个, 1, 65536
text: , freq: 11103596, cixing: 0
手动, 11103596, 0
text: , freq: 0, cixing: 0
的, 0, 0
text: , freq: 1, cixing: 65536
公会, 1, 65536
text: , freq: 0, cixing: 0
。, 0, 0
text: , freq: 105616, cixing: 0
我一个, 105616, 0
text: , freq: 0, cixing: 0
dota, 0, 0
text: , freq: 1, cixing: 65536
菜鸟, 1, 65536
text: , freq: 0, cixing: 0
。, 0, 0
text: , freq: 90036769, cixing: 4
真正, 90036769, 4
text: , freq: 0, cixing: 0
的, 0, 0
text: , freq: 1, cixing: 65536
菜鸟, 1, 65536
text: , freq: 0, cixing: 0
…, 0, 0
text: , freq: 0, cixing: 0
…, 0, 0
text: , freq: 0, cixing: 0
找, 0, 0
text: , freq: 0, cixing: 0
DOTA, 0, 0
text: , freq: 1, cixing: 65536
神, 1, 65536
text: , freq: 0, cixing: 0
级, 0, 0
text: , freq: 1, cixing: 65536
玩家, 1, 65536
text: , freq: 1, cixing: 65536
师傅, 1, 65536
text: , freq: 0, cixing: 0
！, 0, 0
text: , freq: 0, cixing: 0
哥, 0, 0
text: , freq: 0, cixing: 0
是, 0, 0
text: , freq: 493043, cixing: 0
听海, 493043, 0
text: , freq: 0, cixing: 0
涛, 0, 0
text: , freq: 1, cixing: 65536
才来, 1, 65536
text: , freq: 0, cixing: 0
的, 0, 0
text: , freq: 1, cixing: 65536
没有, 1, 65536
text: , freq: 1, cixing: 65536
永远, 1, 65536
text: , freq: 0, cixing: 0
的, 0, 0
text: , freq: 1, cixing: 65536
游戏, 1, 65536
text: , freq: 0, cixing: 0
，, 0, 0
text: , freq: 1, cixing: 65536
只有, 1, 65536
text: , freq: 1, cixing: 65536
永远, 1, 65536
text: , freq: 241822796, cixing: 0
的人, 241822796, 0
text: , freq: 0, cixing: 0
生, 0, 0
text: , freq: 1, cixing: 65536
一起, 1, 65536
text: , freq: 1, cixing: 65536
游戏, 1, 65536
text: , freq: 0, cixing: 0
，, 0, 0
text: , freq: 1, cixing: 65536
一起, 1, 65536
text: , freq: 1, cixing: 65536
开心, 1, 65536
text: , freq: 0, cixing: 0
！, 0, 0
text: , freq: 1, cixing: 65536
可怜, 1, 65536
text: , freq: 0, cixing: 0
看, 0, 0
text: , freq: 0, cixing: 0
涛, 0, 0
text: , freq: 0, cixing: 0
哥, 0, 0
text: , freq: 0, cixing: 0
来, 0, 0
text: , freq: 0, cixing: 0
滴, 0, 0
text: , freq: 0, cixing: 0
·, 0, 0
text: , freq: 0, cixing: 0
·, 0, 0
text: , freq: 0, cixing: 0
·, 0, 0
text: , freq: 0, cixing: 0
坏, 0, 0
text: , freq: 0, cixing: 0
笑, 0, 0
text: , freq: 1, cixing: 65536
鼓掌, 1, 65536
text: , freq: 0, cixing: 0
DotA, 0, 0
text: , freq: 0, cixing: 0
is, 0, 0
text: , freq: 0, cixing: 0
a, 0, 0
text: , freq: 0, cixing: 0
great, 0, 0
text: , freq: 0, cixing: 0
game, 0, 0
text: , freq: 0, cixing: 0
！, 0, 0
text: , freq: 924566, cixing: 0
看海, 924566, 0
text: , freq: 0, cixing: 0
涛, 0, 0
text: , freq: 0, cixing: 0
是, 0, 0
text: , freq: 81630897, cixing: 1
视频, 81630897, 1
text: , freq: 0, cixing: 0
多, 0, 0
text: , freq: 0, cixing: 0
了, 0, 0
text: , freq: 0, cixing: 0
就, 0, 0
text: , freq: 1, cixing: 65536
注册, 1, 65536
text: , freq: 0, cixing: 0
了, 0, 0
text: , freq: 1, cixing: 65536
哈哈, 1, 65536
text: , freq: 1, cixing: 65536
支持, 1, 65536
text: , freq: 1, cixing: 65536
海涛, 1, 65536
text: , freq: 4615629, cixing: 0
看看吧, 4615629, 0
text: , freq: 0, cixing: 0
，, 0, 0
text: , freq: 3470002, cixing: 1
名言, 3470002, 1
text: , freq: 1, cixing: 65536
不错, 1, 65536
text: , freq: 0, cixing: 0
。, 0, 0
text: , freq: 1, cixing: 65536
心情, 1, 65536
text: , freq: 1, cixing: 65536
不错, 1, 65536
text: , freq: 466194564, cixing: 3
工作, 466194564, 3
text: , freq: 1, cixing: 65536
继续, 1, 65536
text: , freq: 0, cixing: 0
dota, 0, 0
text: , freq: 1, cixing: 65536
继续, 1, 65536
text: , freq: 0, cixing: 0
黑, 0, 0
text: , freq: 239100, cixing: 0
我就是, 239100, 0
text: , freq: 1, cixing: 65536
骂了, 1, 65536
text: , freq: 1, cixing: 65536
隔壁, 1, 65536
text: , freq: 1, cixing: 65536
大神, 1, 65536
text: , freq: 0, cixing: 0
OK, 0, 0
text: , freq: 0, cixing: 0
了, 0, 0
text: , freq: 0, cixing: 0
！, 0, 0
text: , freq: 0, cixing: 0
！, 0, 0
text: , freq: 0, cixing: 0
！, 0, 0
text: , freq: 1, cixing: 65536
弹弹堂, 1, 65536
text: , freq: 3908851, cixing: 0
这个游戏, 3908851, 0
text: , freq: 53264, cixing: 0
谁玩过, 53264, 0
text: , freq: 0, cixing: 0
？, 0, 0
text: , freq: 0, cixing: 0
有, 0, 0
text: , freq: 1, cixing: 65536
弹弹堂, 1, 65536
text: , freq: 0, cixing: 0
的, 0, 0
text: , freq: 1, cixing: 65536
高手, 1, 65536
text: , freq: 0, cixing: 0
吗, 0, 0
text: , freq: 0, cixing: 0
DOTA, 0, 0
text: , freq: 1, cixing: 65536
攻击, 1, 65536
text: , freq: 1, cixing: 65536
网站, 1, 65536
text: , freq: 0, cixing: 0
的, 0, 0
text: , freq: 0, cixing: 0
，, 0, 0
text: , freq: 9443409, cixing: 4
有种, 9443409, 4
text: , freq: 0, cixing: 0
站, 0, 0
text: , freq: 119151630, cixing: 66
出来, 119151630, 66
text: , freq: 1, cixing: 65536
我们, 1, 65536
text: , freq: 1, cixing: 65536
真人, 1, 65536
text: , freq: 0, cixing: 0
pk, 0, 0
text: , freq: 0, cixing: 0
！, 0, 0
text: , freq: 88547574, cixing: 8
终于, 88547574, 8
text: , freq: 0, cixing: 0
，, 0, 0
text: , freq: 88547574, cixing: 8
终于, 88547574, 8
text: , freq: 1, cixing: 65536
能登, 1, 65536
text: , freq: 0, cixing: 0
陆, 0, 0
text: , freq: 2621210, cixing: 0
进来了, 2621210, 0
text: , freq: 1, cixing: 65536
好不容易, 1, 65536
text: , freq: 0, cixing: 0
啊, 0, 0
text: , freq: 1, cixing: 65536
弱水三千, 1, 65536
text: , freq: 0, cixing: 0
忘, 0, 0
text: , freq: 0, cixing: 0
了, 0, 0
text: , freq: 1, cixing: 65536
带走, 1, 65536
text: , freq: 0, cixing: 0
、, 0, 0
text: , freq: 103752, cixing: 0
南回, 103752, 0
text: , freq: 0, cixing: 0
归, 0, 0
text: , freq: 0, cixing: 0
线, 0, 0
text: , freq: 1793229, cixing: 8
以南, 1793229, 8
text: , freq: 0, cixing: 0
拥, 0, 0
text: , freq: 0, cixing: 0
簇, 0, 0
text: , freq: 0, cixing: 0
的, 0, 0
text: , freq: 0, cixing: 0
寂, 0, 0
text: , freq: 0, cixing: 0
。, 0, 0
text: , freq: 8454636, cixing: 2
相爱, 8454636, 2
text: , freq: 1, cixing: 65536
百年, 1, 65536
text: , freq: 0, cixing: 0
忘, 0, 0
text: , freq: 0, cixing: 0
了, 0, 0
text: , freq: 57494847, cixing: 2
看见, 57494847, 2
text: , freq: 0, cixing: 0
、, 0, 0
text: , freq: 0, cixing: 0
北, 0, 0
text: , freq: 96685, cixing: 1
回归线, 96685, 1
text: , freq: 1751127, cixing: 8
以北, 1751127, 8
text: , freq: 964596, cixing: 2
倒出, 964596, 2
text: , freq: 0, cixing: 0
的, 0, 0
text: , freq: 0, cixing: 0
凉, 0, 0
text: , freq: 0, cixing: 0
。, 0, 0
text: , freq: 1, cixing: 65536
存在, 1, 65536
text: , freq: 0, cixing: 0
在, 0, 0
text: , freq: 0, cixing: 0
你, 0, 0
text: , freq: 1, cixing: 65536
陌生的, 1, 65536
text: , freq: 1, cixing: 65536
环境, 1, 65536
text: , freq: 0, cixing: 0
中, 0, 0
text: , freq: 0, cixing: 0
、, 0, 0
text: , freq: 23030710, cixing: 4
彼此, 23030710, 4
text: , freq: 1, cixing: 65536
依靠, 1, 65536
text: , freq: 0, cixing: 0
、, 0, 0
text: , freq: 1, cixing: 65536
一切, 1, 65536
text: , freq: 0, cixing: 0
的, 0, 0
text: , freq: 20708150, cixing: 0
一切都, 20708150, 0
text: , freq: 64214679, cixing: 0
不可, 64214679, 0
text: , freq: 1, cixing: 65536
相信, 1, 65536
text: , freq: 0, cixing: 0
、, 0, 0
text: , freq: 1, cixing: 65536
网站, 1, 65536
text: , freq: 44471647, cixing: 8
居然, 44471647, 8
text: , freq: 0, cixing: 0
被, 0, 0
text: , freq: 2420924, cixing: 0
黑了, 2420924, 0
text: , freq: 67354601, cixing: 1
对方, 67354601, 1
text: , freq: 2354624, cixing: 0
还挺, 2354624, 0
text: , freq: 1, cixing: 65536
专业, 1, 65536
text: , freq: 1596369, cixing: 0
你正, 1596369, 0
text: , freq: 0, cixing: 0
在, 0, 0
text: , freq: 7537636, cixing: 8192
干嘛, 7537636, 8192
text: , freq: 0, cixing: 0
呢, 0, 0
text: , freq: 0, cixing: 0
17, 0, 0
text: , freq: 1237330, cixing: 0
打篮球, 1237330, 0
text: , freq: 7748261, cixing: 0
去吧, 7748261, 0
text: , freq: 1, cixing: 65536
喜欢, 1, 65536
text: , freq: 0, cixing: 0
dota, 0, 0
text: , freq: 0, cixing: 0
玩, 0, 0
text: , freq: 0, cixing: 0
高, 0, 0
text: , freq: 0, cixing: 0
毛, 0, 0
text: , freq: 3182457, cixing: 2
留恋, 3182457, 2
text: , freq: 3657636, cixing: 4
一刹那, 3657636, 4
text: , freq: 0, cixing: 0
的, 0, 0
text: , freq: 4150418, cixing: 4
绚丽, 4150418, 4
text: , freq: 0, cixing: 0
，, 0, 0
text: , freq: 1, cixing: 65536
可是, 1, 65536
text: , freq: 1, cixing: 65536
已经, 1, 65536
text: , freq: 3168382, cixing: 0
逝去, 3168382, 0
text: , freq: 0, cixing: 0
坏, 0, 0
text: , freq: 0, cixing: 0
笑, 0, 0
text: , freq: 4164610, cixing: 0
想找, 4164610, 0
text: , freq: 1, cixing: 65536
个人, 1, 65536
text: , freq: 1, cixing: 65536
一起玩, 1, 65536
text: , freq: 0, cixing: 0
dota, 0, 0
text: , freq: 1, cixing: 65536
海涛, 1, 65536
text: , freq: 58556069, cixing: 12
绝对, 58556069, 12
text: , freq: 1, cixing: 65536
开挂, 1, 65536
text: , freq: 0, cixing: 0
了, 0, 0
text: , freq: 0, cixing: 0
，, 0, 0
text: , freq: 1, cixing: 65536
这个, 1, 65536
text: , freq: 0, cixing: 0
比, 0, 0
text: , freq: 7262208, cixing: 0
没能, 7262208, 0
text: , freq: 0, cixing: 0
力, 0, 0
text: , freq: 0, cixing: 0
阿, 0, 0
text: , freq: 105939765, cixing: 64
正在, 105939765, 64
text: , freq: 0, cixing: 0
DOTA, 0, 0
text: , freq: 0, cixing: 0
中, 0, 0
text: , freq: 0, cixing: 0
！, 0, 0
text: , freq: 0, cixing: 0
！, 0, 0
text: , freq: 0, cixing: 0
！, 0, 0
text: , freq: 0, cixing: 0
！, 0, 0
text: , freq: 0, cixing: 0
！, 0, 0
text: , freq: 0, cixing: 0
1, 0, 0
text: , freq: 0, cixing: 0
EHOME, 0, 0
text: , freq: 0, cixing: 0
ESWC, 0, 0
text: , freq: 1, cixing: 65536
冠军, 1, 65536
text: , freq: 2162904, cixing: 4
老牌, 2162904, 4
text: , freq: 1393858, cixing: 1
强队, 1393858, 1
text: , freq: 1, cixing: 65536
果然, 1, 65536
text: , freq: 1709777, cixing: 4
威武, 1709777, 4
text: , freq: 259494, cixing: 0
哈哈哈, 259494, 0
text: , freq: 0, cixing: 0
，, 0, 0
text: , freq: 0, cixing: 0
真, 0, 0
text: , freq: 1, cixing: 65536
讨厌, 1, 65536
text: , freq: 0, cixing: 0
啊, 0, 0
text: , freq: 0, cixing: 0
。, 0, 0
text: , freq: 0, cixing: 0
。, 0, 0
text: , freq: 0, cixing: 0
。, 0, 0
text: , freq: 0, cixing: 0
。, 0, 0
text: , freq: 0, cixing: 0
。, 0, 0
text: , freq: 12648330, cixing: 1
小弟, 12648330, 1
text: , freq: 1193769, cixing: 0
跪求, 1193769, 0
text: , freq: 1, cixing: 65536
高手, 1, 65536
text: , freq: 0, cixing: 0
求, 0, 0
text: , freq: 1, cixing: 65536
高手, 1, 65536
text: , freq: 14537679, cixing: 2
带领, 14537679, 2
text: , freq: 1, cixing: 65536
前进, 1, 65536
text: , freq: 0, cixing: 0
←, 0, 0
text: , freq: 0, cixing: 0
DOTA, 0, 0
text: , freq: 1, cixing: 65536
菜鸟, 1, 65536
text: , freq: 0, cixing: 0
挖, 0, 0
text: , freq: 1, cixing: 65536
鼻子, 1, 65536
text: , freq: 0, cixing: 0
很, 0, 0
text: , freq: 1, cixing: 65536
悲剧, 1, 65536
text: , freq: 0, cixing: 0
。, 0, 0
text: , freq: 0, cixing: 0
。, 0, 0
text: , freq: 1, cixing: 65536
一个, 1, 65536
text: , freq: 1, cixing: 65536
好友, 1, 65536
text: , freq: 24642748, cixing: 0
都没, 24642748, 0
text: , freq: 0, cixing: 0
有, 0, 0
text: , freq: 0, cixing: 0
。, 0, 0
text: , freq: 0, cixing: 0
。, 0, 0
text: , freq: 0, cixing: 0
女, 0, 0
text: , freq: 1, cixing: 65536
寂寞, 1, 65536
text: , freq: 3457037, cixing: 1
丝袜, 3457037, 1
text: , freq: 0, cixing: 0
，, 0, 0
text: , freq: 0, cixing: 0
男, 0, 0
text: , freq: 1, cixing: 65536
寂寞, 1, 65536
text: , freq: 0, cixing: 0
DOTA, 0, 0
text: , freq: 0, cixing: 0
，, 0, 0
text: , freq: 1, cixing: 65536
海涛, 1, 65536
text: , freq: 0, cixing: 0
FANS, 0, 0
text: , freq: 0, cixing: 0
团, 0, 0
text: , freq: 5383297, cixing: 2
抽烟, 5383297, 2
text: , freq: 24080982, cixing: 0
跟着, 24080982, 0
text: , freq: 1, cixing: 65536
海涛, 1, 65536
text: , freq: 0, cixing: 0
哥, 0, 0
text: , freq: 60107944, cixing: 2
来到, 60107944, 2
text: , freq: 0, cixing: 0
17, 0, 0
text: , freq: 0, cixing: 0
。, 0, 0
text: , freq: 0, cixing: 0
。, 0, 0
text: , freq: 0, cixing: 0
。, 0, 0
text: , freq: 0, cixing: 0
。, 0, 0
text: , freq: 1, cixing: 65536
期待, 1, 65536
text: , freq: 0, cixing: 0
ing, 0, 0
text: , freq: 0, cixing: 0
坏, 0, 0
text: , freq: 0, cixing: 0
笑, 0, 0
text: , freq: 1, cixing: 65536
游戏, 1, 65536
text: , freq: 3076556, cixing: 0
再好, 3076556, 0
text: , freq: 0, cixing: 0
也, 0, 0
text: , freq: 164325317, cixing: 264
只是, 164325317, 264
text: , freq: 1, cixing: 65536
游戏, 1, 65536
text: , freq: 0, cixing: 0
，, 0, 0
text: , freq: 1, cixing: 65536
玩游戏, 1, 65536
text: , freq: 687098, cixing: 0
玩出, 687098, 0
text: , freq: 1, cixing: 65536
朋友, 1, 65536
text: , freq: 1, cixing: 65536
才是, 1, 65536
text: , freq: 23442015, cixing: 0
最重要, 23442015, 0
text: , freq: 0, cixing: 0
的, 0, 0
text: , freq: 0, cixing: 0
！, 0, 0
text: , freq: 1, cixing: 65536
支持, 1, 65536
text: , freq: 1, cixing: 65536
海涛, 1, 65536
text: , freq: 0, cixing: 0
、, 0, 0
text: , freq: 288471, cixing: 1
流鼻涕, 288471, 1
text: , freq: 0, cixing: 0
哇, 0, 0
text: , freq: 1, cixing: 65536
今天, 1, 65536
text: , freq: 1, cixing: 65536
早上, 1, 65536
text: , freq: 54891297, cixing: 8
竟然, 54891297, 8
text: , freq: 0, cixing: 0
能, 0, 0
text: , freq: 1, cixing: 65536
上来, 1, 65536
text: , freq: 0, cixing: 0
！, 0, 0
text: , freq: 1, cixing: 65536
奇迹, 1, 65536
text: , freq: 0, cixing: 0
！, 0, 0
text: , freq: 1, cixing: 65536
第一, 1, 65536
text: , freq: 0, cixing: 0
次, 0, 0
text: , freq: 0, cixing: 0
来, 0, 0
text: , freq: 0, cixing: 0
，, 0, 0
text: , freq: 18431931, cixing: 0
请大家, 18431931, 0
text: , freq: 1, cixing: 65536
多多, 1, 65536
text: , freq: 3934710, cixing: 2
关照, 3934710, 2
text: , freq: 0, cixing: 0
。, 0, 0
text: , freq: 0, cixing: 0
。, 0, 0
text: , freq: 0, cixing: 0
。, 0, 0
text: , freq: 0, cixing: 0
。, 0, 0
text: , freq: 18775641, cixing: 2
上班, 18775641, 2
text: , freq: 10139724, cixing: 1
生理, 10139724, 1
text: , freq: 0, cixing: 0
帝, 0, 0
text: , freq: 1, cixing: 32768
玩物丧志, 1, 32768
text: , freq: 1, cixing: 65536
寂寞, 1, 65536
text: , freq: 1, cixing: 65536
男人, 1, 65536
text: , freq: 0, cixing: 0
打, 0, 0
text: , freq: 0, cixing: 0
DOTA, 0, 0
text: , freq: 0, cixing: 0
。, 0, 0
text: , freq: 0, cixing: 0
。, 0, 0
text: , freq: 0, cixing: 0
。, 0, 0
text: , freq: 1, cixing: 65536
银鳞胸甲, 1, 65536
text: , freq: 16227498, cixing: 1
五金, 16227498, 1
text: , freq: 35557319, cixing: 0
一件, 35557319, 0
text: , freq: 1, cixing: 65536
呵呵, 1, 65536
text: , freq: 0, cixing: 0
Dooooota, 0, 0
text: , freq: 0, cixing: 0
11111111111, 0, 0
text: , freq: 1, cixing: 65536
为了, 1, 65536
text: , freq: 0, cixing: 0
涛, 0, 0
text: , freq: 0, cixing: 0
哥, 0, 0
text: , freq: 1, cixing: 65536
才来, 1, 65536
text: , freq: 0, cixing: 0
的, 0, 0
text: , freq: 1, cixing: 65536
为了, 1, 65536
text: , freq: 0, cixing: 0
涛, 0, 0
text: , freq: 0, cixing: 0
哥, 0, 0
text: , freq: 22287013, cixing: 0
而来, 22287013, 0
text: , freq: 0, cixing: 0
的, 0, 0
text: , freq: 0, cixing: 0
！, 0, 0
text: , freq: 0, cixing: 0
！, 0, 0
text: , freq: 1, cixing: 65536
刚刚, 1, 65536
text: , freq: 1, cixing: 65536
注册, 1, 65536
text: , freq: 22826525, cixing: 0
还不, 22826525, 0
text: , freq: 638534, cixing: 0
会玩, 638534, 0
text: , freq: 1, cixing: 65536
惊吓, 1, 65536
text: , freq: 0, cixing: 0
挖, 0, 0
text: , freq: 1, cixing: 65536
鼻子, 1, 65536
text: , freq: 0, cixing: 0
打, 0, 0
text: , freq: 0, cixing: 0
DOTA, 0, 0
text: , freq: 1397934, cixing: 0
想找个, 1397934, 0
text: , freq: 0, cixing: 0
DOTA, 0, 0
text: , freq: 0, cixing: 0
群, 0, 0
text: , freq: 1, cixing: 65536
一起, 1, 65536
text: , freq: 0, cixing: 0
黑, 0, 0
text: , freq: 0, cixing: 0
，, 0, 0
text: , freq: 0, cixing: 0
QQ, 0, 0
text: , freq: 0, cixing: 0
65965970, 0, 0
text: , freq: 0, cixing: 0
求, 0, 0
text: , freq: 1, cixing: 65536
犀利, 1, 65536
text: , freq: 0, cixing: 0
的, 0, 0
text: , freq: 1, cixing: 65536
大神, 1, 65536
text: , freq: 0, cixing: 0
带, 0, 0
text: , freq: 0, cixing: 0
哦, 0, 0
text: , freq: 0, cixing: 0
！, 0, 0
text: , freq: 0, cixing: 0
DOTA, 0, 0
text: , freq: 0, cixing: 0
的, 0, 0
text: , freq: 1, cixing: 65536
朋友, 1, 65536
text: , freq: 0, cixing: 0
来, 0, 0
text: , freq: 1, cixing: 65536
一起, 1, 65536
text: , freq: 4185531, cixing: 0
玩玩, 4185531, 0
text: , freq: 1, cixing: 65536
支持, 1, 65536
text: , freq: 1, cixing: 65536
海涛, 1, 65536
text: , freq: 96552514, cixing: 0
我是, 96552514, 0
text: , freq: 0, cixing: 0
DOTA, 0, 0
text: , freq: 1, cixing: 65536
菜鸟, 1, 65536
text: , freq: 0, cixing: 0
啊, 0, 0
text: , freq: 0, cixing: 0
来, 0, 0
text: , freq: 0, cixing: 0
衰, 0, 0
text: , freq: 0, cixing: 0
facebook, 0, 0
text: , freq: 1, cixing: 65536
非, 1, 65536
text: , freq: 0, cixing: 0
死, 0, 0
text: , freq: 64214679, cixing: 0
不可, 64214679, 0
text: , freq: 0, cixing: 0
，, 0, 0
text: , freq: 1, cixing: 65536
什么时候, 1, 65536
text: , freq: 4851538, cixing: 0
能不, 4851538, 0
text: , freq: 0, cixing: 0
用, 0, 0
text: , freq: 0, cixing: 0
翻, 0, 0
text: , freq: 0, cixing: 0
墙, 0, 0
text: , freq: 0, cixing: 0
啊, 0, 0
text: , freq: 0, cixing: 0
！, 0, 0
text: , freq: 0, cixing: 0
come, 0, 0
text: , freq: 0, cixing: 0
on, 0, 0
text: , freq: 1, cixing: 65536
才来, 1, 65536
text: , freq: 0, cixing: 0
ddd, 0, 0
text: , freq: 1, cixing: 65536
没有, 1, 65536
text: , freq: 15308146, cixing: 5
一辈子, 15308146, 5
text: , freq: 0, cixing: 0
的, 0, 0
text: , freq: 1, cixing: 65536
游戏, 1, 65536
text: , freq: 0, cixing: 0
，, 0, 0
text: , freq: 1, cixing: 65536
只有, 1, 65536
text: , freq: 15308146, cixing: 5
一辈子, 15308146, 5
text: , freq: 0, cixing: 0
的, 0, 0
text: , freq: 1, cixing: 65536
朋友, 1, 65536
text: , freq: 0, cixing: 0
！, 0, 0
text: , freq: 0, cixing: 0
找, 0, 0
text: , freq: 0, cixing: 0
呀, 0, 0
text: , freq: 0, cixing: 0
找, 0, 0
text: , freq: 0, cixing: 0
呀, 0, 0
text: , freq: 1, cixing: 65536
找朋友, 1, 65536
text: , freq: 0, cixing: 0
！, 0, 0
text: , freq: 0, cixing: 0
！, 0, 0
text: , freq: 0, cixing: 0
！, 0, 0
text: , freq: 1, cixing: 65536
呵呵, 1, 65536
text: , freq: 0, cixing: 0
，, 0, 0
text: , freq: 1, cixing: 65536
网站, 1, 65536
text: , freq: 88547574, cixing: 8
终于, 88547574, 8
text: , freq: 2749784, cixing: 0
恢复正常, 2749784, 0
text: , freq: 0, cixing: 0
了, 0, 0
text: , freq: 0, cixing: 0
，, 0, 0
text: , freq: 1, cixing: 65536
人气, 1, 65536
text: , freq: 479226, cixing: 2
高就, 479226, 2
text: , freq: 0, cixing: 0
是, 0, 0
text: , freq: 1, cixing: 65536
招人, 1, 65536
text: , freq: 1, cixing: 65536
嫉妒, 1, 65536
text: , freq: 0, cixing: 0
啊, 0, 0
text: , freq: 0, cixing: 0
…, 0, 0
text: , freq: 18551202, cixing: 8
一下子, 18551202, 8
text: , freq: 1, cixing: 65536
看了, 1, 65536
text: , freq: 0, cixing: 0
三, 0, 0
text: , freq: 0, cixing: 0
集, 0, 0
text: , freq: 1, cixing: 65536
迷离, 1, 65536
text: , freq: 1, cixing: 65536
档案, 1, 65536
text: , freq: 0, cixing: 0
，, 0, 0
text: , freq: 1119797, cixing: 0
第二季, 1119797, 0
text: , freq: 42986653, cixing: 0
就要, 42986653, 0
text: , freq: 11228216, cixing: 0
看完, 11228216, 0
text: , freq: 0, cixing: 0
啦, 0, 0
text: , freq: 0, cixing: 0
，, 0, 0
text: , freq: 1, cixing: 65536
秋天, 1, 65536
text: , freq: 1, cixing: 65536
再见, 1, 65536
text: , freq: 0, cixing: 0
…, 0, 0
text: , freq: 1, cixing: 65536
纠结, 1, 65536
text: , freq: 0, cixing: 0
啊, 0, 0
text: , freq: 0, cixing: 0
…, 0, 0
text: , freq: 0, cixing: 0
玩, 0, 0
text: , freq: 0, cixing: 0
DOTA, 0, 0
text: , freq: 1, cixing: 65536
发现, 1, 65536
text: , freq: 1, cixing: 65536
没什么, 1, 65536
text: , freq: 10277961, cixing: 4
好玩, 10277961, 4
text: , freq: 0, cixing: 0
的, 0, 0
text: , freq: 0, cixing: 0
了, 0, 0
text: , freq: 0, cixing: 0
。, 0, 0
text: , freq: 0, cixing: 0
。, 0, 0
text: , freq: 0, cixing: 0
囧, 0, 0
text: , freq: 1, cixing: 65536
惊吓, 1, 65536
text: , freq: 0, cixing: 0
晕, 0, 0
text: , freq: 0, cixing: 0
facebook, 0, 0
text: , freq: 1, cixing: 65536
绿巨人, 1, 65536
text: , freq: 0, cixing: 0
被, 0, 0
text: , freq: 0, cixing: 0
完, 0, 0
text: , freq: 0, cixing: 0
爆, 0, 0
text: , freq: 0, cixing: 0
杯, 0, 0
text: , freq: 0, cixing: 0
具, 0, 0
text: , freq: 0, cixing: 0
0, 0, 0
text: , freq: 0, cixing: 0
1, 0, 0
text: , freq: 0, cixing: 0
ds, 0, 0
text: , freq: 0, cixing: 0
dota, 0, 0
text: , freq: 0, cixing: 0
中, 0, 0
text: , freq: 1, cixing: 65536
看看, 1, 65536
text: , freq: 769519, cixing: 4
亲爱, 769519, 4
text: , freq: 1, cixing: 65536
的老婆, 1, 65536
text: , freq: 24273533, cixing: 1
大人, 24273533, 1
text: , freq: 0, cixing: 0
啦, 0, 0
text: , freq: 0, cixing: 0
啥, 0, 0
text: , freq: 0, cixing: 0
时, 0, 0
text: , freq: 0, cixing: 0
搞, 0, 0
text: , freq: 0, cixing: 0
个, 0, 0
text: , freq: 3515503, cixing: 0
实况, 3515503, 0
text: , freq: 1, cixing: 65536
比赛, 1, 65536
text: , freq: 1, cixing: 65536
双鱼, 1, 65536
text: , freq: 1, cixing: 65536
玉佩, 1, 65536
text: , freq: 0, cixing: 0
…, 0, 0
text: , freq: 0, cixing: 0
Mortred, 0, 0
text: , freq: 1, cixing: 65536
巨大, 1, 65536
text: , freq: 54552570, cixing: 1
优势, 54552570, 1
text: , freq: 1, cixing: 65536
迷茫, 1, 65536
text: , freq: 0, cixing: 0
，, 0, 0
text: , freq: 1, cixing: 65536
巨大, 1, 65536
text: , freq: 2439811, cixing: 1
劣势, 2439811, 1
text: , freq: 615411, cixing: 0
送钱, 615411, 0
text: , freq: 0, cixing: 0
哭, 0, 0
text: , freq: 0, cixing: 0
玩, 0, 0
text: , freq: 0, cixing: 0
DOTA, 0, 0
text: , freq: 8072173, cixing: 0
哈哈哈哈, 8072173, 0
text: , freq: 0, cixing: 0
。, 0, 0
text: , freq: 225291, cixing: 0
我发现, 225291, 0
text: , freq: 3734399, cixing: 1
这个地方, 3734399, 1
text: , freq: 1, cixing: 65536
还有, 1, 65536
text: , freq: 0, cixing: 0
待, 0, 0
text: , freq: 1, cixing: 65536
改进, 1, 65536
text: , freq: 0, cixing: 0
灰, 0, 0
text: , freq: 0, cixing: 0
常, 0, 0
text: , freq: 1770702, cixing: 4
不完善, 1770702, 4
text: , freq: 30239043, cixing: 0
的说, 30239043, 0
text: , freq: 1, cixing: 65536
这个, 1, 65536
text: , freq: 1, cixing: 65536
网站, 1, 65536
text: , freq: 57898006, cixing: 8
到底, 57898006, 8
text: , freq: 0, cixing: 0
是, 0, 0
text: , freq: 1805308, cixing: 0
干啥, 1805308, 0
text: , freq: 0, cixing: 0
用, 0, 0
text: , freq: 0, cixing: 0
的, 0, 0
text: , freq: 0, cixing: 0
啊, 0, 0
text: , freq: 0, cixing: 0
？, 0, 0
text: , freq: 0, cixing: 0
晕, 0, 0
text: , freq: 31684515, cixing: 66
进来, 31684515, 66
text: , freq: 42423248, cixing: 0
都不, 42423248, 0
text: , freq: 2327375, cixing: 0
知道该, 2327375, 0
text: , freq: 7537636, cixing: 8192
干嘛, 7537636, 8192
text: , freq: 0, cixing: 0
坏, 0, 0
text: , freq: 0, cixing: 0
笑, 0, 0
text: , freq: 0, cixing: 0
涛, 0, 0
text: , freq: 0, cixing: 0
哥, 0, 0
text: , freq: 1, cixing: 65536
加我, 1, 65536
text: , freq: 2196971, cixing: 0
为好, 2196971, 0
text: , freq: 0, cixing: 0
友, 0, 0
text: , freq: 0, cixing: 0
了, 0, 0
text: , freq: 0, cixing: 0
？, 0, 0
text: , freq: 0, cixing: 0
涛, 0, 0
text: , freq: 0, cixing: 0
哥, 0, 0
text: , freq: 1, cixing: 65536
加我, 1, 65536
text: , freq: 2196971, cixing: 0
为好, 2196971, 0
text: , freq: 0, cixing: 0
友, 0, 0
text: , freq: 0, cixing: 0
了, 0, 0
text: , freq: 0, cixing: 0
！, 0, 0
text: , freq: 10841525, cixing: 8
顺便, 10841525, 8
text: , freq: 0, cixing: 0
说, 0, 0
text: , freq: 1, cixing: 65536
一句, 1, 65536
text: , freq: 0, cixing: 0
，, 0, 0
text: , freq: 1, cixing: 65536
狗头, 1, 65536
text: , freq: 0, cixing: 0
那, 0, 0
text: , freq: 0, cixing: 0
盘, 0, 0
text: , freq: 66183645, cixing: 64
真是, 66183645, 64
text: , freq: 1, cixing: 65536
悲剧, 1, 65536
text: , freq: 0, cixing: 0
啊, 0, 0
text: , freq: 0, cixing: 0
！, 0, 0
text: , freq: 0, cixing: 0
！, 0, 0
text: , freq: 0, cixing: 0
！, 0, 0
text: , freq: 0, cixing: 0
啥, 0, 0
text: , freq: 384638, cixing: 2
破网, 384638, 2
text: , freq: 0, cixing: 0
站, 0, 0
text: , freq: 0, cixing: 0
？, 0, 0
text: , freq: 0, cixing: 0
？, 0, 0
text: , freq: 0, cixing: 0
？, 0, 0
text: , freq: 1, cixing: 65536
留言, 1, 65536
text: , freq: 2119639, cixing: 0
都不行, 2119639, 0
text: , freq: 0, cixing: 0
了, 0, 0
text: , freq: 0, cixing: 0
？, 0, 0
text: , freq: 0, cixing: 0
？, 0, 0
text: , freq: 0, cixing: 0
？, 0, 0
text: , freq: 0, cixing: 0
？, 0, 0
text: , freq: 1, cixing: 65536
新三, 1, 65536
text: , freq: 0, cixing: 0
国, 0, 0
text: , freq: 8031973, cixing: 0
还不错, 8031973, 0
text: , freq: 1, cixing: 65536
吃惊, 1, 65536
text: , freq: 96552514, cixing: 0
我是, 96552514, 0
text: , freq: 1, cixing: 65536
新来, 1, 65536
text: , freq: 0, cixing: 0
的, 0, 0
text: , freq: 20975702, cixing: 0
本次, 20975702, 0
text: , freq: 0, cixing: 0
DOTA, 0, 0
text: , freq: 1, cixing: 65536
主题, 1, 65536
text: , freq: 0, cixing: 0
T, 0, 0
text: , freq: 0, cixing: 0
恤, 0, 0
text: , freq: 8374803, cixing: 0
团购, 8374803, 0
text: , freq: 81745, cixing: 0
造就了, 81745, 0
text: , freq: 1, cixing: 65536
无数, 1, 65536
text: , freq: 0, cixing: 0
班, 0, 0
text: , freq: 0, cixing: 0
服, 0, 0
text: , freq: 0, cixing: 0
，, 0, 0
text: , freq: 1, cixing: 65536
海涛, 1, 65536
text: , freq: 132271232, cixing: 3
表示, 132271232, 3
text: , freq: 34862707, cixing: 0
对此, 34862707, 0
text: , freq: 1, cixing: 65536
事件, 1, 65536
text: , freq: 81465560, cixing: 6
负责, 81465560, 6
text: , freq: 0, cixing: 0
。, 0, 0
text: , freq: 96552514, cixing: 0
我是, 96552514, 0
text: , freq: 0, cixing: 0
奔, 0, 0
text: , freq: 0, cixing: 0
涛, 0, 0
text: , freq: 0, cixing: 0
哥, 0, 0
text: , freq: 1, cixing: 65536
来的, 1, 65536
text: , freq: 0, cixing: 0
。, 0, 0
text: , freq: 0, cixing: 0
。, 0, 0
text: , freq: 0, cixing: 0
。, 0, 0
text: , freq: 0, cixing: 0
DOTA, 0, 0
text: , freq: 18775641, cixing: 2
上班, 18775641, 2
text: , freq: 0, cixing: 0
中, 0, 0
text: , freq: 2175617, cixing: 0
好累, 2175617, 0
text: , freq: 0, cixing: 0
啊, 0, 0
text: , freq: 0, cixing: 0
连, 0, 0
text: , freq: 34715316, cixing: 4
好好, 34715316, 4
text: , freq: 947821, cixing: 0
打游戏, 947821, 0
text: , freq: 0, cixing: 0
的, 0, 0
text: , freq: 1, cixing: 65536
时间, 1, 65536
text: , freq: 24642748, cixing: 0
都没, 24642748, 0
text: , freq: 0, cixing: 0
有, 0, 0
text: , freq: 1, cixing: 65536
这样, 1, 65536
text: , freq: 43688726, cixing: 0
我还, 43688726, 0
text: , freq: 1, cixing: 65536
怎么, 1, 65536
text: , freq: 1, cixing: 65536
连技, 1, 65536
text: , freq: 0, cixing: 0
术, 0, 0
text: , freq: 0, cixing: 0
哦, 0, 0
text: , freq: 0, cixing: 0
哭, 0, 0
text: , freq: 66479902, cixing: 8
重新, 66479902, 8
text: , freq: 2394804, cixing: 0
捡起, 2394804, 0
text: , freq: 1, cixing: 65536
台服, 1, 65536
text: , freq: 1, cixing: 65536
黑龙军团, 1, 65536
text: , freq: 0, cixing: 0
DK, 0, 0
text: , freq: 0, cixing: 0
号, 0, 0
text: , freq: 0, cixing: 0
，, 0, 0
text: , freq: 13373360, cixing: 0
希望能, 13373360, 0
text: , freq: 1, cixing: 65536
认识, 1, 65536
text: , freq: 147603604, cixing: 0
更多, 147603604, 0
text: , freq: 0, cixing: 0
的, 0, 0
text: , freq: 1, cixing: 65536
朋友, 1, 65536
text: , freq: 0, cixing: 0
啊, 0, 0
text: , freq: 96552514, cixing: 0
我是, 96552514, 0
text: , freq: 35339155, cixing: 4096
来看, 35339155, 4096
text: , freq: 0, cixing: 0
涛, 0, 0
text: , freq: 0, cixing: 0
哥, 0, 0
text: , freq: 0, cixing: 0
的, 0, 0
text: , freq: 0, cixing: 0
！, 0, 0
text: , freq: 1, cixing: 65536
呵呵, 1, 65536
text: , freq: 0, cixing: 0
呵, 0, 0
text: , freq: 1, cixing: 65536
因为, 1, 65536
text: , freq: 0, cixing: 0
涛, 0, 0
text: , freq: 0, cixing: 0
哥, 0, 0
text: , freq: 0, cixing: 0
，, 0, 0
text: , freq: 77255, cixing: 0
我来了, 77255, 0
text: , freq: 0, cixing: 0
17gaming, 0, 0
text: , freq: 1, cixing: 65536
发现, 1, 65536
text: , freq: 1, cixing: 65536
还是, 1, 65536
text: , freq: 648183, cixing: 0
很亲切, 648183, 0
text: , freq: 0, cixing: 0
的, 0, 0
text: , freq: 0, cixing: 0
额, 0, 0
text: , freq: 45544866, cixing: 514
不管, 45544866, 514
text: , freq: 78245604, cixing: 8192
是什么, 78245604, 8192
text: , freq: 10205084, cixing: 1
后期, 10205084, 1
text: , freq: 1, cixing: 65536
软件, 1, 65536
text: , freq: 49924080, cixing: 0
我不, 49924080, 0
text: , freq: 1, cixing: 65536
担心, 1, 65536
text: , freq: 3094952, cixing: 0
做着, 3094952, 0
text: , freq: 0, cixing: 0
累, 0, 0
text: , freq: 26954839, cixing: 0
我只, 26954839, 0
text: , freq: 1, cixing: 65536
担心, 1, 65536
text: , freq: 4464564, cixing: 0
做完, 4464564, 0
text: , freq: 0, cixing: 0
后, 0, 0
text: , freq: 4708751, cixing: 2
渲染, 4708751, 2
text: , freq: 1, cixing: 65536
不出来, 1, 65536
text: , freq: 1, cixing: 65536
今天, 1, 65536
text: , freq: 1, cixing: 65536
刚刚, 1, 65536
text: , freq: 1, cixing: 65536
注册的, 1, 65536
text: , freq: 0, cixing: 0
。, 0, 0
text: , freq: 0, cixing: 0
。, 0, 0
text: , freq: 0, cixing: 0
。, 0, 0
text: , freq: 66183645, cixing: 64
真是, 66183645, 64
text: , freq: 0, cixing: 0
难, 0, 0
text: , freq: 1, cixing: 65536
注册, 1, 65536
text: , freq: 0, cixing: 0
啊, 0, 0
text: , freq: 0, cixing: 0
！, 0, 0
text: , freq: 0, cixing: 0
！, 0, 0
text: , freq: 288471, cixing: 1
流鼻涕, 288471, 1
text: , freq: 0, cixing: 0
我, 0, 0
text: , freq: 1, cixing: 65536
活着, 1, 65536
text: , freq: 0, cixing: 0
从, 0, 0
text: , freq: 685477, cixing: 0
世博, 685477, 0
text: , freq: 5309592, cixing: 0
园区, 5309592, 0
text: , freq: 1, cixing: 65536
回来, 1, 65536
text: , freq: 0, cixing: 0
了, 0, 0
text: , freq: 0, cixing: 0
糗, 0, 0
text: , freq: 0, cixing: 0
忙, 0, 0
text: , freq: 0, cixing: 0
啊, 0, 0
text: , freq: 0, cixing: 0
！, 0, 0
text: , freq: 1, cixing: 65536
没时间, 1, 65536
text: , freq: 0, cixing: 0
玩, 0, 0
text: , freq: 0, cixing: 0
dota, 0, 0
text: , freq: 0, cixing: 0
了, 0, 0
text: , freq: 0, cixing: 0
！, 0, 0
text: , freq: 259494, cixing: 0
哈哈哈, 259494, 0
text: , freq: 748136, cixing: 0
注册成功, 748136, 0
text: , freq: 1599015, cixing: 0
刚来, 1599015, 0
text: , freq: 0, cixing: 0
的, 0, 0
text: , freq: 22826525, cixing: 0
还不, 22826525, 0
text: , freq: 1, cixing: 65536
知道, 1, 65536
text: , freq: 31319145, cixing: 0
在这, 31319145, 0
text: , freq: 636003, cixing: 0
多能, 636003, 0
text: , freq: 7537636, cixing: 8192
干嘛, 7537636, 8192
text: , freq: 0, cixing: 0
呢, 0, 0
text: , freq: 105939765, cixing: 64
正在, 105939765, 64
text: , freq: 0, cixing: 0
dota, 0, 0
text: , freq: 1, cixing: 65536
的时候, 1, 65536
text: , freq: 1, cixing: 65536
地震, 1, 65536
text: , freq: 0, cixing: 0
了, 0, 0
text: , freq: 0, cixing: 0
！, 0, 0
text: , freq: 1, cixing: 65536
无聊啊, 1, 65536
text: , freq: 0, cixing: 0
！, 0, 0
text: , freq: 0, cixing: 0
！, 0, 0
text: , freq: 0, cixing: 0
！, 0, 0
text: , freq: 0, cixing: 0
！, 0, 0
text: , freq: 0, cixing: 0
！, 0, 0
text: , freq: 1, cixing: 65536
爱生活, 1, 65536
text: , freq: 0, cixing: 0
，, 0, 0
text: , freq: 0, cixing: 0
爱, 0, 0
text: , freq: 0, cixing: 0
DOTA, 0, 0
text: , freq: 0, cixing: 0
。, 0, 0
text: , freq: 0, cixing: 0
Two, 0, 0
text: , freq: 0, cixing: 0
Ⅲ, 0, 0
text: , freq: 0, cixing: 0
跳, 0, 0
text: , freq: 0, cixing: 0
票, 0, 0
text: , freq: 0, cixing: 0
～, 0, 0
text: , freq: 1, cixing: 65536
谢谢, 1, 65536
text: , freq: 0, cixing: 0
～, 0, 0
text: , freq: 4236106, cixing: 2
回想, 4236106, 2
text: , freq: 264132664, cixing: 0
自己的, 264132664, 0
text: , freq: 0, cixing: 0
DOTA, 0, 0
text: , freq: 16485422, cixing: 1
岁月, 16485422, 1
text: , freq: 0, cixing: 0
。, 0, 0
text: , freq: 0, cixing: 0
。, 0, 0
text: , freq: 0, cixing: 0
。, 0, 0
text: , freq: 1, cixing: 65536
嘎嘎, 1, 65536
text: , freq: 1, cixing: 65536
隐身, 1, 65536
text: , freq: 0, cixing: 0
中, 0, 0
text: , freq: 0, cixing: 0
啊, 0, 0
text: , freq: 0, cixing: 0
？, 0, 0
text: , freq: 0, cixing: 0
啊, 0, 0
text: , freq: 0, cixing: 0
！, 0, 0
text: , freq: 77255, cixing: 0
我来了, 77255, 0
text: , freq: 0, cixing: 0
，, 0, 0
text: , freq: 52683, cixing: 0
只为了, 52683, 0
text: , freq: 1, cixing: 65536
更好, 1, 65536
text: , freq: 29040356, cixing: 2
体验, 29040356, 2
text: , freq: 0, cixing: 0
TOTA, 0, 0
text: , freq: 22287013, cixing: 0
而来, 22287013, 0
text: , freq: 10500274, cixing: 0
来看看, 10500274, 0
text: , freq: 13196998, cixing: 2
罢了, 13196998, 2
text: , freq: 0, cixing: 0
DOTA, 0, 0
text: , freq: 1, cixing: 65536
疯狂, 1, 65536
text: , freq: 0, cixing: 0
拆, 0, 0
text: , freq: 0, cixing: 0
黑, 0, 0
text: , freq: 0, cixing: 0
ING, 0, 0
text: , freq: 1, cixing: 65536
骷髅, 1, 65536
text: , freq: 0, cixing: 0
衰, 0, 0
text: , freq: 1, cixing: 65536
原来, 1, 65536
text: , freq: 0, cixing: 0
涛, 0, 0
text: , freq: 0, cixing: 0
哥, 0, 0
text: , freq: 1, cixing: 65536
也是, 1, 65536
text: , freq: 1, cixing: 65536
江西, 1, 65536
text: , freq: 0, cixing: 0
的, 0, 0
text: , freq: 0, cixing: 0
啊, 0, 0
text: , freq: 0, cixing: 0
，, 0, 0
text: , freq: 1, cixing: 65536
哈哈, 1, 65536
text: , freq: 1060375, cixing: 2
欢庆, 1060375, 2
text: , freq: 1, cixing: 65536
世界杯, 1, 65536
text: , freq: 0, cixing: 0
！, 0, 0
text: , freq: 0, cixing: 0
First, 0, 0
text: , freq: 0, cixing: 0
Blood, 0, 0
text: , freq: 0, cixing: 0
！, 0, 0
text: , freq: 0, cixing: 0
哦, 0, 0
text: , freq: 1, cixing: 65536
哈哈, 1, 65536
text: , freq: 0, cixing: 0
。, 0, 0
text: , freq: 0, cixing: 0
。, 0, 0
text: , freq: 0, cixing: 0
。, 0, 0
text: , freq: 1, cixing: 65536
今天, 1, 65536
text: , freq: 0, cixing: 0
又, 0, 0
text: , freq: 0, cixing: 0
超, 0, 0
text: , freq: 0, cixing: 0
鬼, 0, 0
text: , freq: 0, cixing: 0
了, 0, 0
text: , freq: 0, cixing: 0
。, 0, 0
text: , freq: 0, cixing: 0
。, 0, 0
text: , freq: 0, cixing: 0
。, 0, 0
text: , freq: 0, cixing: 0
。, 0, 0
text: , freq: 0, cixing: 0
。, 0, 0
text: , freq: 0, cixing: 0
DG, 0, 0
text: , freq: 66203166, cixing: 1
人生, 66203166, 1
text: , freq: 426697, cixing: 0
苦短, 426697, 0
text: , freq: 1, cixing: 32768
及时行乐, 1, 32768
text: , freq: 1, cixing: 65536
支持, 1, 65536
text: , freq: 1, cixing: 65536
海涛, 1, 65536
text: , freq: 1, cixing: 65536
支持, 1, 65536
text: , freq: 1, cixing: 65536
海涛, 1, 65536
text: , freq: 1, cixing: 65536
才来, 1, 65536
text: , freq: 0, cixing: 0
加, 0, 0
text: , freq: 1, cixing: 65536
这个, 1, 65536
text: , freq: 0, cixing: 0
网, 0, 0
text: , freq: 0, cixing: 0
的, 0, 0
text: , freq: 0, cixing: 0
祝, 0, 0
text: , freq: 0, cixing: 0
涛, 0, 0
text: , freq: 0, cixing: 0
哥, 0, 0
text: , freq: 4619994, cixing: 2
新婚, 4619994, 2
text: , freq: 1, cixing: 65536
快乐, 1, 65536
text: , freq: 76464647, cixing: 0
我想, 76464647, 0
text: , freq: 96552514, cixing: 0
我是, 96552514, 0
text: , freq: 1, cixing: 65536
太极, 1, 65536
text: , freq: 875194, cixing: 0
端了, 875194, 0
text: , freq: 0, cixing: 0
唉, 0, 0
text: , freq: 1, cixing: 65536
原谅, 1, 65536
text: , freq: 1, cixing: 65536
我的, 1, 65536
text: , freq: 4373705, cixing: 4
任性, 4373705, 4
text: , freq: 66183645, cixing: 64
真是, 66183645, 64
text: , freq: 1, cixing: 65536
无聊啊, 1, 65536
text: , freq: 1, cixing: 65536
寂寞, 1, 65536
text: , freq: 1, cixing: 65536
男人, 1, 65536
text: , freq: 0, cixing: 0
打, 0, 0
text: , freq: 0, cixing: 0
dota, 0, 0
text: , freq: 1, cixing: 65536
新人, 1, 65536
text: , freq: 1, cixing: 65536
报到, 1, 65536
text: , freq: 0, cixing: 0
，, 0, 0
text: , freq: 1, cixing: 65536
多多, 1, 65536
text: , freq: 6572097, cixing: 2
指教, 6572097, 2
text: , freq: 1, cixing: 65536
可爱, 1, 65536
text: , freq: 96552514, cixing: 0
我是, 96552514, 0
text: , freq: 1, cixing: 65536
新人, 1, 65536
text: , freq: 18431931, cixing: 0
请大家, 18431931, 0
text: , freq: 1, cixing: 65536
多多, 1, 65536
text: , freq: 3934710, cixing: 2
关照, 3934710, 2
text: , freq: 0, cixing: 0
顶, 0, 0
text: , freq: 1, cixing: 65536
海涛, 1, 65536
text: , freq: 0, cixing: 0
！, 0, 0
text: , freq: 1596369, cixing: 0
你正, 1596369, 0
text: , freq: 0, cixing: 0
在, 0, 0
text: , freq: 7537636, cixing: 8192
干嘛, 7537636, 8192
text: , freq: 0, cixing: 0
呢, 0, 0
text: , freq: 0, cixing: 0
囧, 0, 0
text: , freq: 1, cixing: 65536
纠结, 1, 65536
text: , freq: 0, cixing: 0
啊, 0, 0
text: , freq: 1, cixing: 65536
多少, 1, 65536
text: , freq: 1881204, cixing: 0
天了, 1881204, 0
text: , freq: 98956596, cixing: 131
才能, 98956596, 131
text: , freq: 1, cixing: 65536
激活, 1, 65536
text: , freq: 1, cixing: 65536
一起, 1, 65536
text: , freq: 1, cixing: 65536
游戏, 1, 65536
text: , freq: 0, cixing: 0
啊, 0, 0
text: , freq: 28635022, cixing: 0
我都, 28635022, 0
text: , freq: 0, cixing: 0
快, 0, 0
text: , freq: 1, cixing: 65536
失去, 1, 65536
text: , freq: 1, cixing: 65536
信心, 1, 65536
text: , freq: 0, cixing: 0
了, 0, 0
text: , freq: 1, cixing: 65536
怎么, 1, 65536
text: , freq: 0, cixing: 0
没, 0, 0
text: , freq: 1, cixing: 65536
几个, 1, 65536
text: , freq: 1, cixing: 65536
一起, 1, 65536
text: , freq: 1, cixing: 65536
游戏, 1, 65536
text: , freq: 0, cixing: 0
的, 0, 0
text: , freq: 0, cixing: 0
啊, 0, 0
text: , freq: 0, cixing: 0
！, 0, 0
text: , freq: 0, cixing: 0
？, 0, 0
text: , freq: 0, cixing: 0
17gaming, 0, 0
text: , freq: 5877130, cixing: 1
冷汗, 5877130, 1
text: , freq: 1, cixing: 65536
貌似, 1, 65536
text: , freq: 1, cixing: 65536
这里, 1, 65536
text: , freq: 9242083, cixing: 0
人不, 9242083, 0
text: , freq: 0, cixing: 0
多, 0, 0
text: , freq: 0, cixing: 0
。, 0, 0
text: , freq: 0, cixing: 0
。, 0, 0
text: , freq: 0, cixing: 0
。, 0, 0
text: , freq: 1, cixing: 65536
新手, 1, 65536
text: , freq: 1, cixing: 65536
谢谢, 1, 65536
text: , freq: 10422138, cixing: 2
指点, 10422138, 2
text: , freq: 1, cixing: 65536
寂寞, 1, 65536
text: , freq: 2521189, cixing: 0
就打, 2521189, 0
text: , freq: 0, cixing: 0
dota, 0, 0
text: , freq: 0, cixing: 0
吧, 0, 0
text: , freq: 1, cixing: 65536
大叫, 1, 65536
text: , freq: 0, cixing: 0
好, 0, 0
text: , freq: 96552514, cixing: 0
我是, 96552514, 0
text: , freq: 1, cixing: 65536
新来, 1, 65536
text: , freq: 0, cixing: 0
的, 0, 0
text: , freq: 1, cixing: 65536
寂寞, 1, 65536
text: , freq: 0, cixing: 0
的, 0, 0
text: , freq: 1, cixing: 65536
女人, 1, 65536
text: , freq: 0, cixing: 0
玩, 0, 0
text: , freq: 1, cixing: 65536
炫舞, 1, 65536
text: , freq: 1, cixing: 65536
孤独, 1, 65536
text: , freq: 0, cixing: 0
的, 0, 0
text: , freq: 1, cixing: 65536
男人, 1, 65536
text: , freq: 0, cixing: 0
玩, 0, 0
text: , freq: 0, cixing: 0
DOTA, 0, 0
text: , freq: 0, cixing: 0
dnf, 0, 0
text: , freq: 0, cixing: 0
蠢, 0, 0
text: , freq: 3173998, cixing: 0
不谈, 3173998, 0
text: , freq: 1, cixing: 65536
第一, 1, 65536
text: , freq: 0, cixing: 0
次, 0, 0
text: , freq: 0, cixing: 0
来, 0, 0
text: , freq: 0, cixing: 0
，, 0, 0
text: , freq: 1, cixing: 65536
请多关照, 1, 65536
text: , freq: 87529881, cixing: 2
考试, 87529881, 2
text: , freq: 0, cixing: 0
了, 0, 0
text: , freq: 0, cixing: 0
。, 0, 0
text: , freq: 0, cixing: 0
。, 0, 0
text: , freq: 0, cixing: 0
该, 0, 0
text: , freq: 1, cixing: 65536
加油, 1, 65536
text: , freq: 0, cixing: 0
了, 0, 0
text: , freq: 1, cixing: 65536
为什么, 1, 65536
text: , freq: 1, cixing: 65536
这么, 1, 65536
text: , freq: 0, cixing: 0
燃, 0, 0
text: , freq: 0, cixing: 0
啊, 0, 0
text: , freq: 0, cixing: 0
，, 0, 0
text: , freq: 0, cixing: 0
打, 0, 0
text: , freq: 31281011, cixing: 0
一把, 31281011, 0
text: , freq: 0, cixing: 0
DOTA, 0, 0
text: , freq: 0, cixing: 0
3, 0, 0
text: , freq: 0, cixing: 0
路, 0, 0
text: , freq: 0, cixing: 0
被, 0, 0
text: , freq: 0, cixing: 0
破, 0, 0
text: , freq: 1, cixing: 65536
超级, 1, 65536
text: , freq: 0, cixing: 0
兵, 0, 0
text: , freq: 1, cixing: 65536
翻盘, 1, 65536
text: , freq: 0, cixing: 0
，, 0, 0
text: , freq: 1, cixing: 65536
一个, 1, 65536
text: , freq: 1, cixing: 65536
半小时, 1, 65536
text: , freq: 0, cixing: 0
累, 0, 0
text: , freq: 0, cixing: 0
崩, 0, 0
text: , freq: 1, cixing: 65536
鼓掌, 1, 65536
text: , freq: 0, cixing: 0
o, 0, 0
text: , freq: 0, cixing: 0
o, 0, 0
text: , freq: 557614, cixing: 0
大傻, 557614, 0
text: , freq: 4274352, cixing: 4
空虚, 4274352, 4
text: , freq: 0, cixing: 0
的, 0, 0
text: , freq: 1, cixing: 65536
女人, 1, 65536
text: , freq: 136656, cixing: 0
穿丝袜, 136656, 0
text: , freq: 0, cixing: 0
，, 0, 0
text: , freq: 1, cixing: 65536
寂寞, 1, 65536
text: , freq: 0, cixing: 0
的, 0, 0
text: , freq: 1, cixing: 65536
男人, 1, 65536
text: , freq: 0, cixing: 0
打, 0, 0
text: , freq: 0, cixing: 0
Dota, 0, 0
text: , freq: 0, cixing: 0
·, 0, 0
text: , freq: 0, cixing: 0
·, 0, 0
text: , freq: 0, cixing: 0
·, 0, 0
text: , freq: 0, cixing: 0
·, 0, 0
text: , freq: 0, cixing: 0
·, 0, 0
text: , freq: 0, cixing: 0
·, 0, 0
text: , freq: 0, cixing: 0
·, 0, 0
text: , freq: 0, cixing: 0
·, 0, 0
text: , freq: 0, cixing: 0
·, 0, 0
text: , freq: 0, cixing: 0
·, 0, 0
text: , freq: 0, cixing: 0
·, 0, 0
text: , freq: 1, cixing: 65536
新手, 1, 65536
text: , freq: 1, cixing: 65536
一个, 1, 65536
text: , freq: 1, cixing: 65536
世界杯, 1, 65536
text: , freq: 1, cixing: 65536
来临, 1, 65536
text: , freq: 0, cixing: 0
dota, 0, 0
text: , freq: 1, cixing: 65536
酱油, 1, 65536
text: , freq: 0, cixing: 0
啊, 0, 0
text: , freq: 1, cixing: 65536
酱油, 1, 65536
text: , freq: 172072, cixing: 2
打呵欠, 172072, 2
text: , freq: 0, cixing: 0
G, 0, 0
text: , freq: 1, cixing: 65536
联赛, 1, 65536
text: , freq: 1, cixing: 65536
风云, 1, 65536
text: , freq: 5437360, cixing: 2
争霸, 5437360, 2
text: , freq: 3051598, cixing: 0
第一届, 3051598, 0
text: , freq: 0, cixing: 0
擂, 0, 0
text: , freq: 0, cixing: 0
主, 0, 0
text: , freq: 0, cixing: 0
LGD, 0, 0
text: , freq: 1364699, cixing: 2
揭幕, 1364699, 2
text: , freq: 2439943, cixing: 1
战后, 2439943, 1
text: , freq: 0, cixing: 0
do, 0, 0
text: , freq: 0, cixing: 0
两, 0, 0
text: , freq: 0, cixing: 0
局, 0, 0
text: , freq: 0, cixing: 0
，, 0, 0
text: , freq: 1, cixing: 65536
继续, 1, 65536
text: , freq: 1172689, cixing: 0
看球, 1172689, 0
text: , freq: 2155641, cixing: 0
洗了, 2155641, 0
text: , freq: 264132664, cixing: 0
自己的, 264132664, 0
text: , freq: 1, cixing: 65536
武神, 1, 65536
text: , freq: 0, cixing: 0
，, 0, 0
text: , freq: 0, cixing: 0
由, 0, 0
text: , freq: 0, cixing: 0
PK, 0, 0
text: , freq: 0, cixing: 0
洗, 0, 0
text: , freq: 0, cixing: 0
成, 0, 0
text: , freq: 0, cixing: 0
刷, 0, 0
text: , freq: 0, cixing: 0
图, 0, 0
text: , freq: 0, cixing: 0
点, 0, 0
text: , freq: 0, cixing: 0
。, 0, 0
text: , freq: 0, cixing: 0
。, 0, 0
text: , freq: 0, cixing: 0
哎, 0, 0
text: , freq: 0, cixing: 0
，, 0, 0
text: , freq: 1, cixing: 65536
不习惯, 1, 65536
text: , freq: 0, cixing: 0
啊, 0, 0
text: , freq: 252686, cixing: 0
小年, 252686, 0
text: , freq: 0, cixing: 0
轻, 0, 0
text: , freq: 0, cixing: 0
无, 0, 0
text: , freq: 1, cixing: 65536
南非, 1, 65536
text: , freq: 0, cixing: 0
啊, 0, 0
text: , freq: 0, cixing: 0
！, 0, 0
text: , freq: 0, cixing: 0
！, 0, 0
text: , freq: 10644958, cixing: 0
真不, 10644958, 0
text: , freq: 1, cixing: 65536
争气, 1, 65536
text: , freq: 0, cixing: 0
！, 0, 0
text: , freq: 1, cixing: 65536
我的, 1, 65536
text: , freq: 0, cixing: 0
200, 0, 0
text: , freq: 0, cixing: 0
块, 0, 0
text: , freq: 0, cixing: 0
。, 0, 0
text: , freq: 0, cixing: 0
。, 0, 0
text: , freq: 0, cixing: 0
。, 0, 0
text: , freq: 0, cixing: 0
。, 0, 0
text: , freq: 264132664, cixing: 0
自己的, 264132664, 0
text: , freq: 66203166, cixing: 1
人生, 66203166, 1
text: , freq: 1, cixing: 65536
自己, 1, 65536
text: , freq: 1, cixing: 65536
做主, 1, 65536
text: , freq: 5383297, cixing: 2
抽烟, 5383297, 2
text: , freq: 0, cixing: 0
新, 0, 0
text: , freq: 1, cixing: 65536
成员, 1, 65536
text: , freq: 1, cixing: 65536
报到, 1, 65536
text: , freq: 0, cixing: 0
！, 0, 0
text: , freq: 5383297, cixing: 2
抽烟, 5383297, 2
text: , freq: 1, cixing: 65536
我爱你, 1, 65536
text: , freq: 0, cixing: 0
ln, 0, 0
text: , freq: 0, cixing: 0
应, 0, 0
text: , freq: 0, cixing: 0
涛, 0, 0
text: , freq: 0, cixing: 0
哥, 0, 0
text: , freq: 3909884, cixing: 2
号召, 3909884, 2
text: , freq: 61517152, cixing: 2
过来, 61517152, 2
text: , freq: 1, cixing: 65536
看看, 1, 65536
text: , freq: 0, cixing: 0
！, 0, 0
text: , freq: 0, cixing: 0
！, 0, 0
text: , freq: 0, cixing: 0
！, 0, 0
text: , freq: 0, cixing: 0
！, 0, 0
text: , freq: 0, cixing: 0
！, 0, 0
text: , freq: 1, cixing: 65536
吃惊, 1, 65536
text: , freq: 1, cixing: 65536
棒子, 1, 65536
text: , freq: 4354180, cixing: 0
赢了, 4354180, 0
text: , freq: 0, cixing: 0
…, 0, 0
text: , freq: 0, cixing: 0
…, 0, 0
text: , freq: 1, cixing: 65536
大便, 1, 65536
text: , freq: 0, cixing: 0
中, 0, 0
text: , freq: 1, cixing: 65536
哇哈哈, 1, 65536
text: , freq: 1, cixing: 65536
哈哈, 1, 65536
text: , freq: 0, cixing: 0
O, 0, 0
text: , freq: 0, cixing: 0
∩, 0, 0
text: , freq: 0, cixing: 0
∩, 0, 0
text: , freq: 0, cixing: 0
O, 0, 0
text: , freq: 0, cixing: 0
涛, 0, 0
text: , freq: 0, cixing: 0
哥, 0, 0
text: , freq: 0, cixing: 0
的, 0, 0
text: , freq: 1, cixing: 65536
小火, 1, 65536
text: , freq: 0, cixing: 0
枪, 0, 0
text: , freq: 627777, cixing: 0
很强大, 627777, 0
text: , freq: 0, cixing: 0
啊, 0, 0
text: , freq: 0, cixing: 0
这, 0, 0
text: , freq: 1, cixing: 65536
网页, 1, 65536
text: , freq: 0, cixing: 0
有, 0, 0
text: , freq: 1, cixing: 65536
问题, 1, 65536
text: , freq: 0, cixing: 0
吧, 0, 0
text: , freq: 0, cixing: 0
，, 0, 0
text: , freq: 1, cixing: 65536
照片, 1, 65536
text: , freq: 0, cixing: 0
传, 0, 0
text: , freq: 14818943, cixing: 0
不上, 14818943, 0
text: , freq: 0, cixing: 0
去, 0, 0
text: , freq: 0, cixing: 0
，, 0, 0
text: , freq: 0, cixing: 0
建, 0, 0
text: , freq: 1, cixing: 65536
相册, 1, 65536
text: , freq: 0, cixing: 0
都, 0, 0
text: , freq: 0, cixing: 0
建, 0, 0
text: , freq: 1, cixing: 65536
不了, 1, 65536
text: , freq: 1, cixing: 65536
惊吓, 1, 65536
text: , freq: 1, cixing: 65536
什么, 1, 65536
text: , freq: 0, cixing: 0
都, 0, 0
text: , freq: 0, cixing: 0
干, 0, 0
text: , freq: 1, cixing: 65536
不了, 1, 65536
text: , freq: 0, cixing: 0
加, 0, 0
text: , freq: 1, cixing: 65536
好友, 1, 65536
text: , freq: 67482678, cixing: 0
也不, 67482678, 0
text: , freq: 0, cixing: 0
行, 0, 0
text: , freq: 0, cixing: 0
·, 0, 0
text: , freq: 0, cixing: 0
汗, 0, 0
text: , freq: 0, cixing: 0
·, 0, 0
text: , freq: 1, cixing: 65536
英格兰, 1, 65536
text: , freq: 3467664, cixing: 1
门将, 3467664, 1
text: , freq: 42321273, cixing: 10
依然, 42321273, 10
text: , freq: 1, cixing: 65536
飘逸, 1, 65536
text: , freq: 87734699, cixing: 0
我也, 87734699, 0
text: , freq: 1, cixing: 65536
来了, 1, 65536
text: , freq: 2159977, cixing: 0
累得, 2159977, 0
text: , freq: 0, cixing: 0
慌, 0, 0
text: , freq: 0, cixing: 0
啊, 0, 0
text: , freq: 0, cixing: 0
。, 0, 0
text: , freq: 0, cixing: 0
。, 0, 0
text: , freq: 0, cixing: 0
。, 0, 0
text: , freq: 0, cixing: 0
不, 0, 0
text: , freq: 0, cixing: 0
黑, 0, 0
text: , freq: 1, cixing: 65536
不挂, 1, 65536
text: , freq: 1, cixing: 65536
素质游戏, 1, 65536
text: , freq: 0, cixing: 0
，, 0, 0
text: , freq: 1, cixing: 65536
净化, 1, 65536
text: , freq: 0, cixing: 0
dota, 0, 0
text: , freq: 1, cixing: 65536
环境, 1, 65536
text: , freq: 923826, cixing: 0
从我做起, 923826, 0
text: , freq: 0, cixing: 0
！, 0, 0
text: , freq: 0, cixing: 0
！, 0, 0
text: , freq: 0, cixing: 0
！, 0, 0
text: , freq: 0, cixing: 0
涛, 0, 0
text: , freq: 0, cixing: 0
哥, 0, 0
text: , freq: 0, cixing: 0
，, 0, 0
text: , freq: 31675273, cixing: 0
我和, 31675273, 0
text: , freq: 1, cixing: 65536
朋友, 1, 65536
text: , freq: 0, cixing: 0
玩, 0, 0
text: , freq: 0, cixing: 0
Dota, 0, 0
text: , freq: 0, cixing: 0
就, 0, 0
text: , freq: 1, cixing: 65536
特别, 1, 65536
text: , freq: 1, cixing: 65536
牛, 1, 65536
text: , freq: 0, cixing: 0
，, 0, 0
text: , freq: 1, cixing: 65536
为什么, 1, 65536
text: , freq: 1, cixing: 65536
以上, 1, 65536
text: , freq: 0, cixing: 0
VS, 0, 0
text: , freq: 0, cixing: 0
就, 0, 0
text: , freq: 11258937, cixing: 4
整天, 11258937, 4
text: , freq: 0, cixing: 0
打, 0, 0
text: , freq: 63420, cixing: 0
不起来, 63420, 0
text: , freq: 0, cixing: 0
呢, 0, 0
text: , freq: 0, cixing: 0
？, 0, 0
text: , freq: 4087745, cixing: 0
可不可以, 4087745, 0
text: , freq: 0, cixing: 0
教, 0, 0
text: , freq: 5932358, cixing: 0
教我, 5932358, 0
text: , freq: 1, cixing: 65536
嘟嘟嘟嘟, 1, 65536
text: , freq: 0, cixing: 0
。, 0, 0
text: , freq: 0, cixing: 0
。, 0, 0
text: , freq: 0, cixing: 0
。, 0, 0
text: , freq: 0, cixing: 0
。, 0, 0
text: , freq: 1, cixing: 65536
端午节, 1, 65536
text: , freq: 0, cixing: 0
咯, 0, 0
text: , freq: 1, cixing: 65536
吃粽子, 1, 65536
text: , freq: 0, cixing: 0
了, 0, 0
text: , freq: 0, cixing: 0
ACG, 0, 0
text: , freq: 1, cixing: 65536
中国, 1, 65536
text: , freq: 0, cixing: 0
区, 0, 0
text: , freq: 1, cixing: 65536
冠军, 1, 65536
text: , freq: 1, cixing: 65536
神韵, 1, 65536
text: , freq: 0, cixing: 0
好, 0, 0
text: , freq: 0, cixing: 0
假, 0, 0
text: , freq: 0, cixing: 0
开, 0, 0
text: , freq: 1, cixing: 65536
黑天, 1, 65536
text: , freq: 0, cixing: 0
灾, 0, 0
text: , freq: 1, cixing: 65536
还是, 1, 65536
text: , freq: 0, cixing: 0
赢, 0, 0
text: , freq: 1, cixing: 65536
不了, 1, 65536
text: , freq: 0, cixing: 0
…, 0, 0
text: , freq: 0, cixing: 0
…, 0, 0
text: , freq: 2670380, cixing: 0
这叫, 2670380, 0
text: , freq: 4569999, cixing: 0
老夫, 4569999, 0
text: , freq: 2458933, cixing: 0
如何是好, 2458933, 0
text: , freq: 1, cixing: 65536
应该, 1, 65536
text: , freq: 1631741, cixing: 0
多来, 1631741, 0
text: , freq: 0, cixing: 0
的, 0, 0
text: , freq: 1, cixing: 65536
快点, 1, 65536
text: , freq: 4504570, cixing: 2
放假, 4504570, 2
text: , freq: 0, cixing: 0
吧, 0, 0
text: , freq: 0, cixing: 0
啊, 0, 0
text: , freq: 0, cixing: 0
战, 0, 0
text: , freq: 0, cixing: 0
萨, 0, 0
text: , freq: 0, cixing: 0
无, 0, 0
text: , freq: 1, cixing: 65536
兄弟, 1, 65536
text: , freq: 0, cixing: 0
不, 0, 0
text: , freq: 0, cixing: 0
DOTA, 0, 0
text: , freq: 1, cixing: 65536
一起, 1, 65536
text: , freq: 2752305, cixing: 0
游戏网, 2752305, 0
text: , freq: 0, cixing: 0
的, 0, 0
text: , freq: 176046676, cixing: 1
新闻, 176046676, 1
text: , freq: 1, cixing: 65536
还是, 1, 65536
text: , freq: 1, cixing: 65536
不错的, 1, 65536
text: , freq: 0, cixing: 0
强, 0, 0
text: , freq: 0, cixing: 0
dota, 0, 0
text: , freq: 1, cixing: 65536
惊吓, 1, 65536
text: , freq: 0, cixing: 0
我, 0, 0
text: , freq: 0, cixing: 0
擦, 0, 0
text: , freq: 0, cixing: 0
雷, 0, 0
text: , freq: 0, cixing: 0
衰, 0, 0
text: , freq: 0, cixing: 0
DNF, 0, 0
text: , freq: 1, cixing: 65536
魔兽世界, 1, 65536
text: , freq: 1, cixing: 65536
喜欢, 1, 65536
text: , freq: 1, cixing: 65536
玩竞技, 1, 65536
text: , freq: 1, cixing: 65536
游戏, 1, 65536
text: , freq: 0, cixing: 0
。, 0, 0
text: , freq: 1, cixing: 65536
不要, 1, 65536
text: , freq: 1, cixing: 65536
朋友, 1, 65536
text: , freq: 0, cixing: 0
要, 0, 0
text: , freq: 1, cixing: 65536
战友, 1, 65536
text: , freq: 0, cixing: 0
，, 0, 0
text: , freq: 8626777, cixing: 4
不当, 8626777, 4
text: , freq: 1, cixing: 65536
猪, 1, 65536
text: , freq: 1, cixing: 65536
一样, 1, 65536
text: , freq: 0, cixing: 0
的, 0, 0
text: , freq: 5978753, cixing: 1
队友, 5978753, 1
text: , freq: 0, cixing: 0
，, 0, 0
text: , freq: 3931722, cixing: 0
就当, 3931722, 0
text: , freq: 1, cixing: 65536
神, 1, 65536
text: , freq: 1, cixing: 65536
一样, 1, 65536
text: , freq: 0, cixing: 0
的, 0, 0
text: , freq: 1, cixing: 65536
对手, 1, 65536
text: , freq: 0, cixing: 0
。, 0, 0
text: , freq: 0, cixing: 0
DOTA, 0, 0
text: , freq: 0, cixing: 0
OE, 0, 0
text: , freq: 0, cixing: 0
YE, 0, 0
text: , freq: 0, cixing: 0
再, 0, 0
text: , freq: 1, cixing: 65536
一次, 1, 65536
text: , freq: 5002464, cixing: 2
回首, 5002464, 2
text: , freq: 0, cixing: 0
，, 0, 0
text: , freq: 0, cixing: 0
一, 0, 0
text: , freq: 17588555, cixing: 16
公斤, 17588555, 16
text: , freq: 0, cixing: 0
的, 0, 0
text: , freq: 1, cixing: 65536
眼泪, 1, 65536
text: , freq: 1, cixing: 65536
今天, 1, 65536
text: , freq: 12196201, cixing: 0
才发现, 12196201, 0
text: , freq: 1, cixing: 65536
这个, 1, 65536
text: , freq: 1, cixing: 65536
网站, 1, 65536
text: , freq: 0, cixing: 0
，, 0, 0
text: , freq: 46082296, cixing: 8200
难道, 46082296, 8200
text: , freq: 0, cixing: 0
我, 0, 0
text: , freq: 23517301, cixing: 6
提前, 23517301, 6
text: , freq: 0, cixing: 0
OUT, 0, 0
text: , freq: 0, cixing: 0
了, 0, 0
text: , freq: 0, cixing: 0
？, 0, 0
text: , freq: 288471, cixing: 1
流鼻涕, 288471, 1
text: , freq: 0, cixing: 0
应, 0, 0
text: , freq: 1, cixing: 65536
涛涛, 1, 65536
text: , freq: 1, cixing: 65536
邀请, 1, 65536
text: , freq: 0, cixing: 0
、, 0, 0
text: , freq: 0, cixing: 0
、, 0, 0
text: , freq: 288471, cixing: 1
流鼻涕, 288471, 1
text: , freq: 1, cixing: 65536
最近, 1, 65536
text: , freq: 0, cixing: 0
老, 0, 0
text: , freq: 0, cixing: 0
输, 0, 0
text: , freq: 0, cixing: 0
啊, 0, 0
text: , freq: 0, cixing: 0
哭, 0, 0
text: , freq: 0, cixing: 0
哭, 0, 0
text: , freq: 0, cixing: 0
youyouyouxi, 0, 0
text: , freq: 1, cixing: 65536
支持, 1, 65536
text: , freq: 1, cixing: 65536
海涛, 1, 65536
text: , freq: 0, cixing: 0
，, 0, 0
text: , freq: 1, cixing: 65536
支持, 1, 65536
text: , freq: 362916, cixing: 0
中国电, 362916, 0
text: , freq: 0, cixing: 0
竞, 0, 0
text: , freq: 56735893, cixing: 1
事业, 56735893, 1
text: , freq: 138730, cixing: 0
这是什么, 138730, 0
text: , freq: 0, cixing: 0
鬼, 0, 0
text: , freq: 1, cixing: 65536
世界杯, 1, 65536
text: , freq: 0, cixing: 0
？, 0, 0
text: , freq: 12642998, cixing: 0
看得, 12642998, 0
text: , freq: 76464647, cixing: 0
我想, 76464647, 0
text: , freq: 1, cixing: 65536
睡觉, 1, 65536
text: , freq: 0, cixing: 0
！, 0, 0
text: , freq: 18659867, cixing: 0
很久, 18659867, 0
text: , freq: 374864, cixing: 0
没来了, 374864, 0
text: , freq: 0, cixing: 0
，, 0, 0
text: , freq: 12351710, cixing: 0
又要, 12351710, 0
text: , freq: 0, cixing: 0
忙, 0, 0
text: , freq: 5537190, cixing: 0
中考, 5537190, 0
text: , freq: 0, cixing: 0
。, 0, 0
text: , freq: 0, cixing: 0
。, 0, 0
text: , freq: 0, cixing: 0
。, 0, 0
text: , freq: 1, cixing: 65536
朝鲜, 1, 65536
text: , freq: 1709777, cixing: 4
威武, 1709777, 4
text: , freq: 0, cixing: 0
，, 0, 0
text: , freq: 1, cixing: 65536
让我, 1, 65536
text: , freq: 4354180, cixing: 0
赢了, 4354180, 0
text: , freq: 0, cixing: 0
20, 0, 0
text: , freq: 1, cixing: 65536
欧元, 1, 65536
text: , freq: 0, cixing: 0
。, 0, 0
text: , freq: 0, cixing: 0
。, 0, 0
text: , freq: 0, cixing: 0
。, 0, 0
text: , freq: 1, cixing: 65536
今天, 1, 65536
text: , freq: 18930229, cixing: 8192
能不能, 18930229, 8192
text: , freq: 0, cixing: 0
赢, 0, 0
text: , freq: 0, cixing: 0
40, 0, 0
text: , freq: 1, cixing: 65536
欧元, 1, 65536
text: , freq: 0, cixing: 0
就, 0, 0
text: , freq: 0, cixing: 0
靠, 0, 0
text: , freq: 1, cixing: 65536
智力, 1, 65536
text: , freq: 0, cixing: 0
了, 0, 0
text: , freq: 1, cixing: 65536
幸福, 1, 65536
text: , freq: 1, cixing: 65536
子弹, 1, 65536
text: , freq: 0, cixing: 0
dota, 0, 0
text: , freq: 1, cixing: 65536
西班牙, 1, 65536
text: , freq: 0, cixing: 0
傻, 0, 0
text: , freq: 0, cixing: 0
逼, 0, 0
text: , freq: 0, cixing: 0
臭, 0, 0
text: , freq: 1, cixing: 65536
脚, 1, 65536
text: , freq: 0, cixing: 0
粪, 0, 0
text: , freq: 0, cixing: 0
草, 0, 0
text: , freq: 1425230, cixing: 0
气死, 1425230, 0
text: , freq: 1, cixing: 65536
老子, 1, 65536
text: , freq: 0, cixing: 0
了, 0, 0
text: , freq: 0, cixing: 0
DOTA, 0, 0
text: , freq: 0, cixing: 0
恩, 0, 0
text: , freq: 0, cixing: 0
，, 0, 0
text: , freq: 1, cixing: 65536
西班牙, 1, 65536
text: , freq: 1, cixing: 65536
让我, 1, 65536
text: , freq: 5531509, cixing: 0
输了, 5531509, 0
text: , freq: 0, cixing: 0
40, 0, 0
text: , freq: 1, cixing: 65536
欧元, 1, 65536
text: , freq: 0, cixing: 0
。, 0, 0
text: , freq: 0, cixing: 0
。, 0, 0
text: , freq: 0, cixing: 0
。, 0, 0
text: , freq: 67365848, cixing: 8
几乎, 67365848, 8
text: , freq: 296277, cixing: 0
输光, 296277, 0
text: , freq: 0, cixing: 0
了, 0, 0
text: , freq: 4504570, cixing: 2
放假, 4504570, 2
text: , freq: 7951694, cixing: 2
归来, 7951694, 2
text: , freq: 0, cixing: 0
咯, 0, 0
text: , freq: 1, cixing: 65536
备战, 1, 65536
text: , freq: 87529881, cixing: 2
考试, 87529881, 2
text: , freq: 0, cixing: 0
唉, 0, 0
text: , freq: 0, cixing: 0
再, 0, 0
text: , freq: 0, cixing: 0
输, 0, 0
text: , freq: 44778746, cixing: 0
一场, 44778746, 0
text: , freq: 74557377, cixing: 0
我就, 74557377, 0
text: , freq: 30343932, cixing: 4
彻底, 30343932, 4
text: , freq: 829686, cixing: 1
血本, 829686, 1
text: , freq: 505518, cixing: 0
无归, 505518, 0
text: , freq: 0, cixing: 0
了, 0, 0
text: , freq: 0, cixing: 0
阿, 0, 0
text: , freq: 1, cixing: 65536
全神贯注, 1, 65536
text: , freq: 0, cixing: 0
！, 0, 0
text: , freq: 52374566, cixing: 0
我在, 52374566, 0
text: , freq: 0, cixing: 0
打, 0, 0
text: , freq: 0, cixing: 0
dota, 0, 0
text: , freq: 0, cixing: 0
DOTA, 0, 0
text: , freq: 0, cixing: 0
的, 0, 0
text: , freq: 1, cixing: 65536
朋友, 1, 65536
text: , freq: 1, cixing: 65536
都来, 1, 65536
text: , freq: 120868, cixing: 0
加我吧, 120868, 0
text: , freq: 1, cixing: 65536
新手, 1, 65536
text: , freq: 1, cixing: 65536
上路, 1, 65536
text: , freq: 0, cixing: 0
求, 0, 0
text: , freq: 1, cixing: 65536
践踏, 1, 65536
text: , freq: 607429, cixing: 0
黑哨, 607429, 0
text: , freq: 0, cixing: 0
啊, 0, 0
text: , freq: 0, cixing: 0
！, 0, 0
text: , freq: 316206, cixing: 0
六四, 316206, 0
text: , freq: 0, cixing: 0
组, 0, 0
text: , freq: 52990681, cixing: 0
不到, 52990681, 0
text: , freq: 1, cixing: 65536
黑人, 1, 65536
text: , freq: 0, cixing: 0
啊, 0, 0
text: , freq: 0, cixing: 0
kuso, 0, 0
text: , freq: 0, cixing: 0
THE, 0, 0
text: , freq: 0, cixing: 0
WORLD, 0, 0
text: , freq: 0, cixing: 0
CUP, 0, 0
text: , freq: 0, cixing: 0
GOGOGO, 0, 0
text: , freq: 1596369, cixing: 0
你正, 1596369, 0
text: , freq: 0, cixing: 0
在, 0, 0
text: , freq: 7537636, cixing: 8192
干嘛, 7537636, 8192
text: , freq: 0, cixing: 0
呢, 0, 0
text: , freq: 9533112, cixing: 0
我刚, 9533112, 0
text: , freq: 0, cixing: 0
来, 0, 0
text: , freq: 0, cixing: 0
这, 0, 0
text: , freq: 0, cixing: 0
，, 0, 0
text: , freq: 44902615, cixing: 5
各位, 44902615, 5
text: , freq: 1, cixing: 65536
有意, 1, 65536
text: , freq: 3621157, cixing: 0
交朋友, 3621157, 0
text: , freq: 0, cixing: 0
的, 0, 0
text: , freq: 1, cixing: 65536
加我啊, 1, 65536
text: , freq: 1, cixing: 65536
吃饭, 1, 65536
text: , freq: 1, cixing: 65536
喝水, 1, 65536
text: , freq: 1, cixing: 65536
睡觉, 1, 65536
text: , freq: 7117639, cixing: 2
起床, 7117639, 2
text: , freq: 1, cixing: 65536
然后, 1, 65536
text: , freq: 1, cixing: 65536
上网, 1, 65536
text: , freq: 0, cixing: 0
我, 0, 0
text: , freq: 456926, cixing: 1
肚子痛, 456926, 1
text: , freq: 0, cixing: 0
啊, 0, 0
text: , freq: 347526, cixing: 0
不图, 347526, 0
text: , freq: 1, cixing: 65536
不挂, 1, 65536
text: , freq: 0, cixing: 0
，, 0, 0
text: , freq: 1, cixing: 65536
素质游戏, 1, 65536
text: , freq: 0, cixing: 0
，, 0, 0
text: , freq: 1, cixing: 65536
净化, 1, 65536
text: , freq: 0, cixing: 0
DotA, 0, 0
text: , freq: 1, cixing: 65536
环境, 1, 65536
text: , freq: 923826, cixing: 0
从我做起, 923826, 0
text: , freq: 0, cixing: 0
！, 0, 0
text: , freq: 1484096, cixing: 2
酷爱, 1484096, 2
text: , freq: 0, cixing: 0
FARM, 0, 0
text: , freq: 0, cixing: 0
的, 0, 0
text: , freq: 0, cixing: 0
好, 0, 0
text: , freq: 1, cixing: 65536
青年, 1, 65536
text: , freq: 0, cixing: 0
I, 0, 0
text: , freq: 0, cixing: 0
m, 0, 0
text: , freq: 0, cixing: 0
back, 0, 0
text: , freq: 76464647, cixing: 0
我想, 76464647, 0
text: , freq: 1, cixing: 65536
吃饭, 1, 65536
text: , freq: 264261, cixing: 0
海云, 264261, 0
text: , freq: 1, cixing: 65536
坦克, 1, 65536
text: , freq: 0, cixing: 0
，, 0, 0
text: , freq: 9335090, cixing: 0
欢迎大家, 9335090, 0
text: , freq: 2411527, cixing: 0
来玩, 2411527, 0
text: , freq: 0, cixing: 0
fantasy, 0, 0
text: , freq: 1, cixing: 65536
超级玛丽, 1, 65536
text: , freq: 0, cixing: 0
练, 0, 0
text: , freq: 1, cixing: 65536
手速, 1, 65536
text: , freq: 1, cixing: 65536
最近, 1, 65536
text: , freq: 1, cixing: 65536
发现, 1, 65536
text: , freq: 1, cixing: 65536
百度, 1, 65536
text: , freq: 0, cixing: 0
的, 0, 0
text: , freq: 0, cixing: 0
2012, 0, 0
text: , freq: 3142378, cixing: 0
贴吧, 3142378, 0
text: , freq: 0, cixing: 0
里, 0, 0
text: , freq: 1, cixing: 65536
神棍, 1, 65536
text: , freq: 1572653, cixing: 0
甚多, 1572653, 0
text: , freq: 0, cixing: 0
，, 0, 0
text: , freq: 1, cixing: 65536
烦躁, 1, 65536
text: , freq: 0, cixing: 0
。, 0, 0
text: , freq: 0, cixing: 0
。, 0, 0
text: , freq: 0, cixing: 0
。, 0, 0
text: , freq: 0, cixing: 0
。, 0, 0
text: , freq: 0, cixing: 0
。, 0, 0
text: , freq: 0, cixing: 0
。, 0, 0
text: , freq: 0, cixing: 0
。, 0, 0
text: , freq: 0, cixing: 0
。, 0, 0
text: , freq: 0, cixing: 0
。, 0, 0
text: , freq: 0, cixing: 0
《, 0, 0
text: , freq: 1, cixing: 65536
梦幻诛仙, 1, 65536
text: , freq: 0, cixing: 0
》, 0, 0
text: , freq: 1, cixing: 65536
神话, 1, 65536
text: , freq: 607799, cixing: 0
贺岁版, 607799, 0
text: , freq: 7462205, cixing: 1
明日, 7462205, 1
text: , freq: 1, cixing: 65536
震撼, 1, 65536
text: , freq: 1, cixing: 65536
开启, 1, 65536
text: , freq: 0, cixing: 0
MD, 0, 0
text: , freq: 1, cixing: 65536
一个, 1, 65536
text: , freq: 0, cixing: 0
破, 0, 0
text: , freq: 1, cixing: 65536
相册, 1, 65536
text: , freq: 0, cixing: 0
都, 0, 0
text: , freq: 1, cixing: 65536
新建, 1, 65536
text: , freq: 1, cixing: 65536
不了, 1, 65536
text: , freq: 6661098, cixing: 0
还说, 6661098, 0
text: , freq: 9565859, cixing: 0
我为, 9565859, 0
text: , freq: 1, cixing: 65536
什么, 1, 65536
text: , freq: 4871416, cixing: 0
这么久, 4871416, 0
text: , freq: 24642748, cixing: 0
都没, 24642748, 0
text: , freq: 0, cixing: 0
来, 0, 0
text: , freq: 1, cixing: 65536
以后, 1, 65536
text: , freq: 1, cixing: 65536
别来, 1, 65536
text: , freq: 1, cixing: 65536
烦我, 1, 65536
text: , freq: 1, cixing: 65536
无聊, 1, 65536
text: , freq: 1, cixing: 65536
期待, 1, 65536
text: , freq: 0, cixing: 0
涛, 0, 0
text: , freq: 0, cixing: 0
哥, 0, 0
text: , freq: 0, cixing: 0
的, 0, 0
text: , freq: 81630897, cixing: 1
视频, 81630897, 1
text: , freq: 0, cixing: 0
中, 0, 0
text: , freq: 5383297, cixing: 2
抽烟, 5383297, 2
text: , freq: 1, cixing: 65536
最近, 1, 65536
text: , freq: 0, cixing: 0
很, 0, 0
text: , freq: 0, cixing: 0
蛋, 0, 0
text: , freq: 0, cixing: 0
疼, 0, 0
text: , freq: 0, cixing: 0
。, 0, 0
text: , freq: 0, cixing: 0
，, 0, 0
text: , freq: 0, cixing: 0
。, 0, 0
text: , freq: 0, cixing: 0
。, 0, 0
text: , freq: 2471241, cixing: 0
习惯性, 2471241, 0
text: , freq: 1, cixing: 65536
超神, 1, 65536
text: , freq: 1, cixing: 65536
一个, 1, 65536
text: , freq: 835362, cixing: 0
爱笑, 835362, 0
text: , freq: 0, cixing: 0
，, 0, 0
text: , freq: 880185, cixing: 0
爱玩, 880185, 0
text: , freq: 0, cixing: 0
，, 0, 0
text: , freq: 0, cixing: 0
爱, 0, 0
text: , freq: 469200, cixing: 0
放羊, 469200, 0
text: , freq: 0, cixing: 0
的, 0, 0
text: , freq: 1, cixing: 65536
坏小孩, 1, 65536
text: , freq: 1, cixing: 65536
瑞士, 1, 65536
text: , freq: 5531509, cixing: 0
输了, 5531509, 0
text: , freq: 0, cixing: 0
我, 0, 0
text: , freq: 0, cixing: 0
XXOO, 0, 0
text: , freq: 0, cixing: 0
太, 0, 0
text: , freq: 1, cixing: 65536
尴尬, 1, 65536
text: , freq: 0, cixing: 0
了, 0, 0
text: , freq: 0, cixing: 0
衰, 0, 0
text: , freq: 1, cixing: 65536
最近, 1, 65536
text: , freq: 128727877, cixing: 8
一直, 128727877, 8
text: , freq: 0, cixing: 0
dota, 0, 0
text: , freq: 0, cixing: 0
中, 0, 0
text: , freq: 1, cixing: 65536
新人, 1, 65536
text: , freq: 60107944, cixing: 2
来到, 60107944, 2
text: , freq: 5922142, cixing: 1
掌声, 5922142, 1
text: , freq: 14213184, cixing: 2
响起, 14213184, 2
text: , freq: 5537190, cixing: 0
中考, 5537190, 0
text: , freq: 16643386, cixing: 2
完了, 16643386, 2
text: , freq: 0, cixing: 0
，, 0, 0
text: , freq: 679804, cixing: 0
爽了, 679804, 0
text: , freq: 0, cixing: 0
！, 0, 0
text: , freq: 2190470, cixing: 1
小菜, 2190470, 1
text: , freq: 0, cixing: 0
鸟, 0, 0
text: , freq: 0, cixing: 0
，, 0, 0
text: , freq: 0, cixing: 0
是, 0, 0
text: , freq: 1, cixing: 65536
新人, 1, 65536
text: , freq: 0, cixing: 0
！, 0, 0
text: , freq: 0, cixing: 0
！, 0, 0
text: , freq: 0, cixing: 0
慕, 0, 0
text: , freq: 0, cixing: 0
涛, 0, 0
text: , freq: 0, cixing: 0
哥, 0, 0
text: , freq: 3382977, cixing: 0
之名, 3382977, 0
text: , freq: 22287013, cixing: 0
而来, 22287013, 0
text: , freq: 0, cixing: 0
！, 0, 0
text: , freq: 0, cixing: 0
！, 0, 0
text: , freq: 1742587, cixing: 0
韩流, 1742587, 0
text: , freq: 0, cixing: 0
渐, 0, 0
text: , freq: 0, cixing: 0
退, 0, 0
text: , freq: 40274731, cixing: 4
国产, 40274731, 4
text: , freq: 853472, cixing: 2
当道, 853472, 2
text: , freq: 2179773, cixing: 0
中韩, 2179773, 0
text: , freq: 1, cixing: 65536
网游, 1, 65536
text: , freq: 0, cixing: 0
“, 0, 0
text: , freq: 1, cixing: 65536
暗战, 1, 65536
text: , freq: 0, cixing: 0
”, 0, 0
text: , freq: 21107347, cixing: 4
激烈, 21107347, 4
text: , freq: 702619, cixing: 1
俗人, 702619, 1
text: , freq: 1, cixing: 65536
一个, 1, 65536
text: , freq: 0, cixing: 0
，, 0, 0
text: , freq: 1, cixing: 65536
爱游, 1, 65536
text: , freq: 0, cixing: 0
戏, 0, 0
text: , freq: 2248048, cixing: 0
爱美, 2248048, 0
text: , freq: 0, cixing: 0
女, 0, 0
text: , freq: 0, cixing: 0
，, 0, 0
text: , freq: 0, cixing: 0
太, 0, 0
text: , freq: 0, cixing: 0
俗, 0, 0
text: , freq: 0, cixing: 0
！, 0, 0
text: , freq: 1, cixing: 65536
最近, 1, 65536
text: , freq: 1, cixing: 65536
没什么, 1, 65536
text: , freq: 1, cixing: 65536
时间, 1, 65536
text: , freq: 0, cixing: 0
dota, 0, 0
text: , freq: 0, cixing: 0
啦, 0, 0
text: , freq: 7607216, cixing: 0
想看, 7607216, 0
text: , freq: 0, cixing: 0
vs, 0, 0
text: , freq: 775509, cixing: 0
第一人称, 775509, 0
text: , freq: 1, cixing: 65536
视角, 1, 65536
text: , freq: 0, cixing: 0
a, 0, 0
text: , freq: 0, cixing: 0
place, 0, 0
text: , freq: 0, cixing: 0
nearby, 0, 0
text: , freq: 0, cixing: 0
！, 0, 0
text: , freq: 43345315, cixing: 0
我会, 43345315, 0
text: , freq: 0, cixing: 0
玩, 0, 0
text: , freq: 0, cixing: 0
dota, 0, 0
text: , freq: 9565859, cixing: 0
我为, 9565859, 0
text: , freq: 1, cixing: 65536
海涛, 1, 65536
text: , freq: 22287013, cixing: 0
而来, 22287013, 0
text: , freq: 1, cixing: 65536
学习, 1, 65536
text: , freq: 1, cixing: 65536
学习, 1, 65536
text: , freq: 0, cixing: 0
！, 0, 0
text: , freq: 0, cixing: 0
打, 0, 0
text: , freq: 1, cixing: 65536
路人, 1, 65536
text: , freq: 1, cixing: 65536
悲剧, 1, 65536
text: , freq: 0, cixing: 0
了, 0, 0
text: , freq: 67887, cixing: 0
很久了, 67887, 0
text: , freq: 4164610, cixing: 0
想找, 4164610, 0
text: , freq: 1, cixing: 65536
几个, 1, 65536
text: , freq: 2347477, cixing: 0
朋友一起, 2347477, 0
text: , freq: 0, cixing: 0
打, 0, 0
text: , freq: 0, cixing: 0
dota, 0, 0
text: , freq: 2757879, cixing: 0
不求, 2757879, 0
text: , freq: 1, cixing: 65536
高手, 1, 65536
text: , freq: 29519142, cixing: 0
不太, 29519142, 0
text: , freq: 0, cixing: 0
菜, 0, 0
text: , freq: 314038, cixing: 0
就行了, 314038, 0
text: , freq: 1, cixing: 65536
可怜, 1, 65536
text: , freq: 0, cixing: 0
dota, 0, 0
text: , freq: 1, cixing: 65536
新手, 1, 65536
text: , freq: 0, cixing: 0
求, 0, 0
text: , freq: 4221349, cixing: 1
高人, 4221349, 1
text: , freq: 10422138, cixing: 2
指点, 10422138, 2
text: , freq: 0, cixing: 0
！, 0, 0
text: , freq: 1, cixing: 65536
没有, 1, 65536
text: , freq: 15308146, cixing: 5
一辈子, 15308146, 5
text: , freq: 0, cixing: 0
的, 0, 0
text: , freq: 1, cixing: 65536
网游, 1, 65536
text: , freq: 0, cixing: 0
但, 0, 0
text: , freq: 74285338, cixing: 0
有一, 74285338, 0
text: , freq: 1149470, cixing: 1
辈子, 1149470, 1
text: , freq: 0, cixing: 0
的, 0, 0
text: , freq: 1, cixing: 65536
战友, 1, 65536
text: , freq: 1, cixing: 65536
诛仙, 1, 65536
text: , freq: 0, cixing: 0
，, 0, 0
text: , freq: 0, cixing: 0
DOTA, 0, 0
text: , freq: 1, cixing: 65536
是我, 1, 65536
text: , freq: 0, cixing: 0
的, 0, 0
text: , freq: 0, cixing: 0
最, 0, 0
text: , freq: 0, cixing: 0
爱, 0, 0
text: , freq: 1, cixing: 65536
和谐, 1, 65536
text: , freq: 1, cixing: 65536
多塔, 1, 65536
text: , freq: 0, cixing: 0
我, 0, 0
text: , freq: 1, cixing: 65536
寂寞, 1, 65536
text: , freq: 0, cixing: 0
，, 0, 0
text: , freq: 0, cixing: 0
我, 0, 0
text: , freq: 0, cixing: 0
DOTA, 0, 0
text: , freq: 1, cixing: 65536
鼓掌, 1, 65536
text: , freq: 0, cixing: 0
“, 0, 0
text: , freq: 0, cixing: 0
墨, 0, 0
text: , freq: 0, cixing: 0
索, 0, 0
text: , freq: 1, cixing: 65536
里尼, 1, 65536
text: , freq: 0, cixing: 0
”, 0, 0
text: , freq: 1, cixing: 65536
已经, 1, 65536
text: , freq: 3135770, cixing: 2
出局, 3135770, 2
text: , freq: 0, cixing: 0
，, 0, 0
text: , freq: 15925049, cixing: 512
接下来, 15925049, 512
text: , freq: 118253501, cixing: 512
是否, 118253501, 512
text: , freq: 0, cixing: 0
是, 0, 0
text: , freq: 0, cixing: 0
“, 0, 0
text: , freq: 2131600, cixing: 1
希特勒, 2131600, 1
text: , freq: 0, cixing: 0
”, 0, 0
text: , freq: 0, cixing: 0
“, 0, 0
text: , freq: 951172, cixing: 0
山本, 951172, 0
text: , freq: 515364, cixing: 0
五十六, 515364, 0
text: , freq: 0, cixing: 0
”, 0, 0
text: , freq: 0, cixing: 0
呢, 0, 0
text: , freq: 0, cixing: 0
？, 0, 0
text: , freq: 0, cixing: 0
？, 0, 0
text: , freq: 1, cixing: 65536
什么时候, 1, 65536
text: , freq: 8374803, cixing: 0
团购, 8374803, 0
text: , freq: 1, cixing: 65536
鼠标, 1, 65536
text: , freq: 0, cixing: 0
呢, 0, 0
text: , freq: 0, cixing: 0
？, 0, 0
text: , freq: 2511605, cixing: 0
买个, 2511605, 0
text: , freq: 1, cixing: 65536
金环蛇, 1, 65536
text: , freq: 1, cixing: 65536
回来, 1, 65536
text: , freq: 4185531, cixing: 0
玩玩, 4185531, 0
text: , freq: 582517, cixing: 2
求和, 582517, 2
text: , freq: 0, cixing: 0
谐, 0, 0
text: , freq: 1, cixing: 65536
游戏, 1, 65536
text: , freq: 0, cixing: 0
的, 0, 0
text: , freq: 497467, cixing: 0
童鞋, 497467, 0
text: , freq: 1, cixing: 65536
交流, 1, 65536
text: , freq: 1, cixing: 65536
无聊, 1, 65536
text: , freq: 0, cixing: 0
求, 0, 0
text: , freq: 0, cixing: 0
个, 0, 0
text: , freq: 1, cixing: 65536
好游戏, 1, 65536
text: , freq: 0, cixing: 0
涛, 0, 0
text: , freq: 0, cixing: 0
哥, 0, 0
text: , freq: 0, cixing: 0
，, 0, 0
text: , freq: 207682140, cixing: 0
你的, 207682140, 0
text: , freq: 81630897, cixing: 1
视频, 81630897, 1
text: , freq: 2619108, cixing: 520
几时, 2619108, 520
text: , freq: 2142543, cixing: 0
要做好, 2142543, 0
text: , freq: 0, cixing: 0
。, 0, 0
text: , freq: 18230009, cixing: 0
我很, 18230009, 0
text: , freq: 7607216, cixing: 0
想看, 7607216, 0
text: , freq: 0, cixing: 0
啦, 0, 0
text: , freq: 0, cixing: 0
新, 0, 0
text: , freq: 0, cixing: 0
《, 0, 0
text: , freq: 1, cixing: 65536
蜀门, 1, 65536
text: , freq: 0, cixing: 0
》, 0, 0
text: , freq: 1, cixing: 65536
最好, 1, 65536
text: , freq: 0, cixing: 0
玩, 0, 0
text: , freq: 0, cixing: 0
的, 0, 0
text: , freq: 1, cixing: 65536
网游, 1, 65536
text: , freq: 1, cixing: 65536
下载, 1, 65536
text: , freq: 0, cixing: 0
10, 0, 0
text: , freq: 1, cixing: 65536
分钟, 1, 65536
text: , freq: 1, cixing: 65536
棒子, 1, 65536
text: , freq: 1, cixing: 65536
回家, 1, 65536
text: , freq: 0, cixing: 0
啦, 0, 0
text: , freq: 0, cixing: 0
！, 0, 0
text: , freq: 1, cixing: 65536
心情, 1, 65536
text: , freq: 13305160, cixing: 4
愉快, 13305160, 4
text: , freq: 0, cixing: 0
啊, 0, 0
text: , freq: 0, cixing: 0
！, 0, 0
text: , freq: 0, cixing: 0
打, 0, 0
text: , freq: 0, cixing: 0
DOTA, 0, 0
text: , freq: 9229760, cixing: 0
还得, 9229760, 0
text: , freq: 1, cixing: 65536
被虐, 1, 65536
text: , freq: 0, cixing: 0
哭, 0, 0
text: , freq: 4524458, cixing: 0
太久, 4524458, 0
text: , freq: 1, cixing: 65536
不打, 1, 65536
text: , freq: 42423248, cixing: 0
都不, 42423248, 0
text: , freq: 1863354, cixing: 0
会了, 1863354, 0
text: , freq: 1, cixing: 65536
悲剧, 1, 65536
text: , freq: 0, cixing: 0
杯, 0, 0
text: , freq: 0, cixing: 0
具, 0, 0
text: , freq: 0, cixing: 0
的, 0, 0
text: , freq: 56031002, cixing: 0
一天, 56031002, 0
text: , freq: 0, cixing: 0
，, 0, 0
text: , freq: 0, cixing: 0
，, 0, 0
text: , freq: 1, cixing: 65536
鞋子, 1, 65536
text: , freq: 1, cixing: 65536
全部, 1, 65536
text: , freq: 1650016, cixing: 4
湿透, 1650016, 4
text: , freq: 0, cixing: 0
的, 0, 0
text: , freq: 0, cixing: 0
咋, 0, 0
text: , freq: 0, cixing: 0
晕, 0, 0
text: , freq: 0, cixing: 0
DOTA, 0, 0
text: , freq: 0, cixing: 0
DOTA, 0, 0
text: , freq: 1, cixing: 65536
欢迎, 1, 65536
text: , freq: 0, cixing: 0
玩, 0, 0
text: , freq: 1, cixing: 65536
魔兽争霸, 1, 65536
text: , freq: 0, cixing: 0
DOTA, 0, 0
text: , freq: 0, cixing: 0
的, 0, 0
text: , freq: 1, cixing: 65536
朋友, 1, 65536
text: , freq: 0, cixing: 0
！, 0, 0
text: , freq: 0, cixing: 0
申, 0, 0
text: , freq: 0, cixing: 0
华, 0, 0
text: , freq: 1, cixing: 65536
建设, 1, 65536
text: , freq: 76587956, cixing: 2
关注, 76587956, 2
text: , freq: 1, cixing: 65536
海涛, 1, 65536
text: , freq: 0, cixing: 0
hoho, 0, 0
text: , freq: 0, cixing: 0
哥, 0, 0
text: , freq: 1, cixing: 65536
又回来了, 1, 65536
text: , freq: 0, cixing: 0
Dota, 0, 0
text: , freq: 1, cixing: 65536
就是, 1, 65536
text: , freq: 0, cixing: 0
打, 0, 0
text: , freq: 1, cixing: 65536
不好, 1, 65536
text: , freq: 0, cixing: 0
。, 0, 0
text: , freq: 0, cixing: 0
。, 0, 0
text: , freq: 0, cixing: 0
。, 0, 0
text: , freq: 0, cixing: 0
william, 0, 0
text: , freq: 0, cixing: 0
hill, 0, 0
text: , freq: 9151321, cixing: 2
不见了, 9151321, 2
text: , freq: 0, cixing: 0
！, 0, 0
text: , freq: 0, cixing: 0
！, 0, 0
text: , freq: 0, cixing: 0
！, 0, 0
text: , freq: 0, cixing: 0
！, 0, 0
text: , freq: 0, cixing: 0
！, 0, 0
text: , freq: 0, cixing: 0
！, 0, 0
text: , freq: 0, cixing: 0
！, 0, 0
text: , freq: 0, cixing: 0
！, 0, 0
text: , freq: 0, cixing: 0
！, 0, 0
text: , freq: 0, cixing: 0
！, 0, 0
text: , freq: 1596369, cixing: 0
你正, 1596369, 0
text: , freq: 0, cixing: 0
在, 0, 0
text: , freq: 7537636, cixing: 8192
干嘛, 7537636, 8192
text: , freq: 0, cixing: 0
呢, 0, 0
text: , freq: 1, cixing: 65536
支持, 1, 65536
text: , freq: 0, cixing: 0
，, 0, 0
text: , freq: 1185092, cixing: 0
顶起, 1185092, 0
text: , freq: 0, cixing: 0
想, 0, 0
text: , freq: 2463664, cixing: 2
结交, 2463664, 2
text: , freq: 0, cixing: 0
打, 0, 0
text: , freq: 0, cixing: 0
dota, 0, 0
text: , freq: 0, cixing: 0
的, 0, 0
text: , freq: 1, cixing: 65536
朋友, 1, 65536
text: , freq: 0, cixing: 0
！, 0, 0
text: , freq: 1, cixing: 65536
海涛, 1, 65536
text: , freq: 0, cixing: 0
的, 0, 0
text: , freq: 1, cixing: 65536
主页, 1, 65536
text: , freq: 1, cixing: 65536
打不开, 1, 65536
text: , freq: 0, cixing: 0
搞, 0, 0
text: , freq: 0, cixing: 0
个, 0, 0
text: , freq: 1, cixing: 65536
什么啊, 1, 65536
text: , freq: 20175755, cixing: 0
更大, 20175755, 0
text: , freq: 0, cixing: 0
的, 0, 0
text: , freq: 0, cixing: 0
雨, 0, 0
text: , freq: 0, cixing: 0
，, 0, 0
text: , freq: 189365, cixing: 0
爽死了, 189365, 0
text: , freq: 0, cixing: 0
有, 0, 0
text: , freq: 452273, cixing: 0
玩传奇, 452273, 0
text: , freq: 1, cixing: 65536
私服, 1, 65536
text: , freq: 0, cixing: 0
的, 0, 0
text: , freq: 0, cixing: 0
没, 0, 0
text: , freq: 0, cixing: 0
。, 0, 0
text: , freq: 0, cixing: 0
。, 0, 0
text: , freq: 0, cixing: 0
。, 0, 0
text: , freq: 1, cixing: 65536
初来乍到, 1, 65536
text: , freq: 0, cixing: 0
，, 0, 0
text: , freq: 1464150, cixing: 4
高调, 1464150, 4
text: , freq: 1, cixing: 65536
一下, 1, 65536
text: , freq: 288471, cixing: 1
流鼻涕, 288471, 1
text: , freq: 1, cixing: 65536
嘿嘿, 1, 65536
text: , freq: 1, cixing: 65536
天堂, 1, 65536
text: , freq: 0, cixing: 0
2, 0, 0
text: , freq: 49738, cixing: 0
五服, 49738, 0
text: , freq: 1, cixing: 65536
艾瑞卡, 1, 65536
text: , freq: 0, cixing: 0
的, 0, 0
text: , freq: 1, cixing: 65536
朋友, 1, 65536
text: , freq: 1, cixing: 65536
还有, 1, 65536
text: , freq: 0, cixing: 0
么, 0, 0
text: , freq: 0, cixing: 0
挖, 0, 0
text: , freq: 1, cixing: 65536
鼻子, 1, 65536
text: , freq: 1596369, cixing: 0
你正, 1596369, 0
text: , freq: 0, cixing: 0
在, 0, 0
text: , freq: 7537636, cixing: 8192
干嘛, 7537636, 8192
text: , freq: 0, cixing: 0
呢, 0, 0
text: , freq: 6329257, cixing: 0
说实话, 6329257, 0
text: , freq: 0, cixing: 0
吗, 0, 0
text: , freq: 1, cixing: 65536
老大, 1, 65536
text: , freq: 13880589, cixing: 0
给了, 13880589, 0
text: , freq: 16105979, cixing: 0
一大, 16105979, 0
text: , freq: 0, cixing: 0
张, 0, 0
text: , freq: 0, cixing: 0
A4, 0, 0
text: , freq: 0, cixing: 0
纸, 0, 0
text: , freq: 0, cixing: 0
的, 0, 0
text: , freq: 1, cixing: 65536
电话, 1, 65536
text: , freq: 1, cixing: 65536
清单, 1, 65536
text: , freq: 0, cixing: 0
让, 0, 0
text: , freq: 1, cixing: 65536
一个, 1, 65536
text: , freq: 1, cixing: 65536
一个, 1, 65536
text: , freq: 1, cixing: 65536
打电话, 1, 65536
text: , freq: 1, cixing: 65536
那个, 1, 65536
text: , freq: 0, cixing: 0
叫, 0, 0
text: , freq: 1, cixing: 65536
一个, 1, 65536
text: , freq: 466995, cixing: 0
烦啊, 466995, 0
text: , freq: 1, cixing: 65536
惊吓, 1, 65536
text: , freq: 0, cixing: 0
A, 0, 0
text: , freq: 0, cixing: 0
pouring, 0, 0
text: , freq: 0, cixing: 0
rain, 0, 0
text: , freq: 0, cixing: 0
DOTA, 0, 0
text: , freq: 1, cixing: 65536
哈哈, 1, 65536
text: , freq: 1, cixing: 65536
初来乍到, 1, 65536
text: , freq: 1, cixing: 65536
不知道, 1, 65536
text: , freq: 1, cixing: 65536
怎么, 1, 65536
text: , freq: 0, cixing: 0
玩, 0, 0
text: , freq: 88547574, cixing: 8
终于, 88547574, 8
text: , freq: 1686210, cixing: 0
考完, 1686210, 0
text: , freq: 0, cixing: 0
了, 0, 0
text: , freq: 0, cixing: 0
，, 0, 0
text: , freq: 1, cixing: 65536
可是, 1, 65536
text: , freq: 1, cixing: 65536
爱生活, 1, 65536
text: , freq: 0, cixing: 0
，, 0, 0
text: , freq: 0, cixing: 0
爱, 0, 0
text: , freq: 0, cixing: 0
Dota, 0, 0
text: , freq: 0, cixing: 0
，, 0, 0
text: , freq: 1, cixing: 65536
支持, 1, 65536
text: , freq: 1, cixing: 65536
海涛, 1, 65536
text: , freq: 0, cixing: 0
。, 0, 0
text: , freq: 61517152, cixing: 2
过来, 61517152, 2
text: , freq: 1765575, cixing: 0
留个, 1765575, 0
text: , freq: 1, cixing: 65536
脚印, 1, 65536
text: , freq: 0, cixing: 0
挖, 0, 0
text: , freq: 1, cixing: 65536
鼻子, 1, 65536
text: , freq: 1, cixing: 65536
海涛, 1, 65536
text: , freq: 1, cixing: 65536
期待, 1, 65536
text: , freq: 1, cixing: 65536
海涛, 1, 65536
text: , freq: 0, cixing: 0
sven, 0, 0
text: , freq: 0, cixing: 0
的, 0, 0
text: , freq: 81630897, cixing: 1
视频, 81630897, 1
text: , freq: 0, cixing: 0
啊, 0, 0
text: , freq: 0, cixing: 0
爱, 0, 0
text: , freq: 0, cixing: 0
Dota, 0, 0
text: , freq: 0, cixing: 0
！, 0, 0
text: , freq: 0, cixing: 0
！, 0, 0
text: , freq: 0, cixing: 0
！, 0, 0
text: , freq: 0, cixing: 0
喜, 0, 0
text: , freq: 0, cixing: 0
涛, 0, 0
text: , freq: 0, cixing: 0
哥, 0, 0
text: , freq: 0, cixing: 0
！, 0, 0
text: , freq: 0, cixing: 0
！, 0, 0
text: , freq: 0, cixing: 0
！, 0, 0
text: , freq: 0, cixing: 0
o, 0, 0
text: , freq: 0, cixing: 0
∩, 0, 0
text: , freq: 0, cixing: 0
∩, 0, 0
text: , freq: 0, cixing: 0
o, 0, 0
text: , freq: 1, cixing: 65536
鼓掌, 1, 65536
text: , freq: 1, cixing: 65536
新手, 1, 65536
text: , freq: 1, cixing: 65536
上路, 1, 65536
text: , freq: 184083, cixing: 0
多指, 184083, 0
text: , freq: 0, cixing: 0
教, 0, 0
text: , freq: 0, cixing: 0
。, 0, 0
text: , freq: 0, cixing: 0
。, 0, 0
text: , freq: 0, cixing: 0
。, 0, 0
text: , freq: 0, cixing: 0
哭, 0, 0
text: , freq: 1, cixing: 65536
看了, 1, 65536
text: , freq: 0, cixing: 0
ESWC, 0, 0
text: , freq: 0, cixing: 0
的, 0, 0
text: , freq: 5253998, cixing: 2
分组, 5253998, 2
text: , freq: 1, cixing: 65536
感觉, 1, 65536
text: , freq: 35007, cixing: 0
有好多, 35007, 0
text: , freq: 1, cixing: 65536
美欧, 1, 65536
text: , freq: 1, cixing: 65536
队伍, 1, 65536
text: , freq: 8825658, cixing: 0
不认识, 8825658, 0
text: , freq: 1, cixing: 65536
悲剧, 1, 65536
text: , freq: 15502625, cixing: 4
还好, 15502625, 4
text: , freq: 1, cixing: 65536
可爱, 1, 65536
text: , freq: 1, cixing: 65536
一起, 1, 65536
text: , freq: 0, cixing: 0
DOTA, 0, 0
text: , freq: 0, cixing: 0
吧, 0, 0
text: , freq: 0, cixing: 0
。, 0, 0
text: , freq: 1, cixing: 65536
囧囧有神, 1, 65536
text: , freq: 0, cixing: 0
挖, 0, 0
text: , freq: 1, cixing: 65536
鼻子, 1, 65536
text: , freq: 0, cixing: 0
DOTAing, 0, 0
text: , freq: 1, cixing: 65536
高兴, 1, 65536
text: , freq: 2698729, cixing: 1
这个家伙, 2698729, 1
text: , freq: 0, cixing: 0
很, 0, 0
text: , freq: 0, cixing: 0
懒, 0, 0
text: , freq: 1, cixing: 65536
其实, 1, 65536
text: , freq: 0, cixing: 0
…, 0, 0
text: , freq: 0, cixing: 0
…, 0, 0
text: , freq: 0, cixing: 0
嗯, 0, 0
text: , freq: 0, cixing: 0
…, 0, 0
text: , freq: 0, cixing: 0
…, 0, 0
text: , freq: 96552514, cixing: 0
我是, 96552514, 0
text: , freq: 5684031, cixing: 1
精神病, 5684031, 1
text: , freq: 0, cixing: 0
…, 0, 0
text: , freq: 0, cixing: 0
…, 0, 0
text: , freq: 20053548, cixing: 4
是的, 20053548, 4
text: , freq: 0, cixing: 0
…, 0, 0
text: , freq: 0, cixing: 0
…, 0, 0
text: , freq: 1, cixing: 65536
其实, 1, 65536
text: , freq: 0, cixing: 0
…, 0, 0
text: , freq: 0, cixing: 0
…, 0, 0
text: , freq: 0, cixing: 0
嗯, 0, 0
text: , freq: 0, cixing: 0
…, 0, 0
text: , freq: 0, cixing: 0
…, 0, 0
text: , freq: 96552514, cixing: 0
我是, 96552514, 0
text: , freq: 5684031, cixing: 1
精神病, 5684031, 1
text: , freq: 0, cixing: 0
…, 0, 0
text: , freq: 0, cixing: 0
…, 0, 0
text: , freq: 5383297, cixing: 2
抽烟, 5383297, 2
text: , freq: 0, cixing: 0
GOGOGOGO, 0, 0
text: , freq: 1, cixing: 65536
大家好, 1, 65536
text: , freq: 1, cixing: 65536
今天, 1, 65536
text: , freq: 1554532, cixing: 0
刚进, 1554532, 0
text: , freq: 0, cixing: 0
来, 0, 0
text: , freq: 1, cixing: 65536
第一天, 1, 65536
text: , freq: 1, cixing: 65536
鼓掌, 1, 65536
text: , freq: 1, cixing: 65536
新人, 1, 65536
text: , freq: 59738779, cixing: 3
报道, 59738779, 3
text: , freq: 1, cixing: 65536
悲剧, 1, 65536
text: , freq: 0, cixing: 0
中, 0, 0
text: , freq: 0, cixing: 0
哭, 0, 0
text: , freq: 0, cixing: 0
dota, 0, 0
text: , freq: 0, cixing: 0
i, 0, 0
text: , freq: 0, cixing: 0
love, 0, 0
text: , freq: 0, cixing: 0
dota, 0, 0
text: , freq: 0, cixing: 0
dota, 0, 0
text: , freq: 1, cixing: 65536
还是, 1, 65536
text: , freq: 1, cixing: 65536
补刀, 1, 65536
text: , freq: 11385625, cixing: 0
很重要, 11385625, 0
text: , freq: 0, cixing: 0
啊, 0, 0
text: , freq: 1, cixing: 65536
哈哈, 1, 65536
text: , freq: 0, cixing: 0
加, 0, 0
text: , freq: 0, cixing: 0
喽, 0, 0
text: , freq: 0, cixing: 0
。, 0, 0
text: , freq: 0, cixing: 0
。, 0, 0
text: , freq: 0, cixing: 0
。, 0, 0
text: , freq: 1, cixing: 65536
沉默, 1, 65536
text: , freq: 0, cixing: 0
坏, 0, 0
text: , freq: 0, cixing: 0
笑, 0, 0
text: , freq: 0, cixing: 0
这, 0, 0
text: , freq: 1, cixing: 65536
天真, 1, 65536
text: , freq: 0, cixing: 0
热, 0, 0
text: , freq: 0, cixing: 0
，, 0, 0
text: , freq: 1, cixing: 65536
外面, 1, 65536
text: , freq: 589878, cixing: 4
白花花, 589878, 4
text: , freq: 0, cixing: 0
的, 0, 0
text: , freq: 3550458, cixing: 0
美腿, 3550458, 0
text: , freq: 0, cixing: 0
也, 0, 0
text: , freq: 4847597, cixing: 2
懒得, 4847597, 2
text: , freq: 1, cixing: 65536
看了, 1, 65536
text: , freq: 5193130, cixing: 0
这是个, 5193130, 0
text: , freq: 7022605, cixing: 0
什么东西, 7022605, 0
text: , freq: 1, cixing: 65536
游戏, 1, 65536
text: , freq: 661477, cixing: 0
是为了, 661477, 0
text: , freq: 1, cixing: 65536
娱乐, 1, 65536
text: , freq: 0, cixing: 0
123, 0, 0
text: , freq: 0, cixing: 0
夜, 0, 0
text: , freq: 0, cixing: 0
蝉, 0, 0
text: , freq: 0, cixing: 0
空, 0, 0
text: , freq: 0, cixing: 0
鸣, 0, 0
text: , freq: 0, cixing: 0
荡, 0, 0
text: , freq: 1, cixing: 65536
悠悠, 1, 65536
text: , freq: 0, cixing: 0
，, 0, 0
text: , freq: 0, cixing: 0
茂, 0, 0
text: , freq: 0, cixing: 0
然, 0, 0
text: , freq: 0, cixing: 0
独, 0, 0
text: , freq: 0, cixing: 0
杯, 0, 0
text: , freq: 0, cixing: 0
胜, 0, 0
text: , freq: 353301, cixing: 1
晚秋, 353301, 1
text: , freq: 4683128, cixing: 1
佳人, 4683128, 1
text: , freq: 1, cixing: 65536
自在, 1, 65536
text: , freq: 0, cixing: 0
千, 0, 0
text: , freq: 0, cixing: 0
番, 0, 0
text: , freq: 0, cixing: 0
外, 0, 0
text: , freq: 0, cixing: 0
，, 0, 0
text: , freq: 0, cixing: 0
孤, 0, 0
text: , freq: 0, cixing: 0
酒, 0, 0
text: , freq: 0, cixing: 0
只, 0, 0
text: , freq: 0, cixing: 0
影, 0, 0
text: , freq: 1775272, cixing: 4
几多, 1775272, 4
text: , freq: 0, cixing: 0
愁, 0, 0
text: , freq: 0, cixing: 0
。, 0, 0
text: , freq: 0, cixing: 0
DOTA, 0, 0
text: , freq: 0, cixing: 0
ING, 0, 0
text: , freq: 87529881, cixing: 2
考试, 87529881, 2
text: , freq: 16643386, cixing: 2
完了, 16643386, 2
text: , freq: 0, cixing: 0
来, 0, 0
text: , freq: 1, cixing: 65536
学习, 1, 65536
text: , freq: 0, cixing: 0
DOTA, 0, 0
text: , freq: 2205712, cixing: 0
好难, 2205712, 0
text: , freq: 0, cixing: 0
啊, 0, 0
text: , freq: 1, cixing: 65536
鼓掌, 1, 65536
text: , freq: 1, cixing: 65536
江湖, 1, 65536
text: , freq: 2404032, cixing: 0
中不, 2404032, 0
text: , freq: 0, cixing: 0
见, 0, 0
text: , freq: 0, cixing: 0
哥, 0, 0
text: , freq: 0, cixing: 0
的, 0, 0
text: , freq: 16112862, cixing: 1
身影, 16112862, 1
text: , freq: 0, cixing: 0
x, 0, 0
text: , freq: 0, cixing: 0
kill, 0, 0
text: , freq: 2842800, cixing: 0
来也, 2842800, 0
text: , freq: 0, cixing: 0
晕, 0, 0
text: , freq: 0, cixing: 0
dota, 0, 0
text: , freq: 0, cixing: 0
dota, 0, 0
text: , freq: 1, cixing: 65536
明天, 1, 65536
text: , freq: 1, cixing: 65536
不要, 1, 65536
text: , freq: 1, cixing: 65536
下雨, 1, 65536
text: , freq: 0, cixing: 0
123, 0, 0
text: , freq: 0, cixing: 0
321, 0, 0
text: , freq: 0, cixing: 0
1234567, 0, 0
text: , freq: 1, cixing: 65536
和谐, 1, 65536
text: , freq: 0, cixing: 0
dota, 0, 0
text: , freq: 1596369, cixing: 0
你正, 1596369, 0
text: , freq: 0, cixing: 0
在, 0, 0
text: , freq: 7537636, cixing: 8192
干嘛, 7537636, 8192
text: , freq: 0, cixing: 0
呢, 0, 0
text: , freq: 0, cixing: 0
涛, 0, 0
text: , freq: 0, cixing: 0
哥, 0, 0
text: , freq: 0, cixing: 0
，, 0, 0
text: , freq: 10475557, cixing: 0
等你, 10475557, 0
text: , freq: 0, cixing: 0
7, 0, 0
text: , freq: 1, cixing: 65536
月, 1, 65536
text: , freq: 3298621, cixing: 0
第一期, 3298621, 0
text: , freq: 775509, cixing: 0
第一人称, 775509, 0
text: , freq: 81630897, cixing: 1
视频, 81630897, 1
text: , freq: 0, cixing: 0
啊, 0, 0
text: , freq: 1, cixing: 65536
新手, 1, 65536
text: , freq: 0, cixing: 0
，, 0, 0
text: , freq: 1768770, cixing: 0
大家多多, 1768770, 0
text: , freq: 20392617, cixing: 2
照顾, 20392617, 2
text: , freq: 0, cixing: 0
！, 0, 0
text: , freq: 0, cixing: 0
！, 0, 0
text: , freq: 0, cixing: 0
求, 0, 0
text: , freq: 0, cixing: 0
dota, 0, 0
text: , freq: 1, cixing: 65536
高手, 1, 65536
text: , freq: 10422138, cixing: 2
指点, 10422138, 2
text: , freq: 21440623, cixing: 0
当你, 21440623, 0
text: , freq: 50921076, cixing: 0
不想, 50921076, 0
text: , freq: 0, cixing: 0
打, 0, 0
text: , freq: 0, cixing: 0
dota, 0, 0
text: , freq: 0, cixing: 0
了, 0, 0
text: , freq: 1, cixing: 65536
怎么办, 1, 65536
text: , freq: 0, cixing: 0
DOTA, 0, 0
text: , freq: 482443, cixing: 0
搞起, 482443, 0
text: , freq: 5537190, cixing: 0
中考, 5537190, 0
text: , freq: 0, cixing: 0
萎, 0, 0
text: , freq: 0, cixing: 0
了, 0, 0
text: , freq: 0, cixing: 0
。, 0, 0
text: , freq: 0, cixing: 0
。, 0, 0
text: , freq: 0, cixing: 0
。, 0, 0
text: , freq: 1, cixing: 65536
初来乍到, 1, 65536
text: , freq: 1, cixing: 65536
请多关照, 1, 65536
text: , freq: 0, cixing: 0
！, 0, 0
text: , freq: 1, cixing: 65536
骷髅, 1, 65536
text: , freq: 0, cixing: 0
打, 0, 0
text: , freq: 1, cixing: 65536
酱油, 1, 65536
text: , freq: 1, cixing: 65536
明天, 1, 65536
text: , freq: 1307293, cixing: 2
奔赴, 1307293, 2
text: , freq: 1, cixing: 65536
大灾变, 1, 65536
text: , freq: 0, cixing: 0
，, 0, 0
text: , freq: 1, cixing: 65536
狼人战士, 1, 65536
text: , freq: 354816, cixing: 0
雄起, 354816, 0
text: , freq: 0, cixing: 0
ING, 0, 0
text: , freq: 0, cixing: 0
d, 0, 0
text: , freq: 1, cixing: 65536
有没有, 1, 65536
text: , freq: 0, cixing: 0
dota, 0, 0
text: , freq: 1, cixing: 65536
高手, 1, 65536
text: , freq: 0, cixing: 0
带, 0, 0
text: , freq: 0, cixing: 0
局, 0, 0
text: , freq: 0, cixing: 0
vs, 0, 0
text: , freq: 0, cixing: 0
？, 0, 0
text: , freq: 0, cixing: 0
？, 0, 0
text: , freq: 0, cixing: 0
come, 0, 0
text: , freq: 0, cixing: 0
on, 0, 0
text: , freq: 1, cixing: 65536
梅洛, 1, 65536
text: , freq: 0, cixing: 0
的, 0, 0
text: , freq: 1, cixing: 65536
鞭尸, 1, 65536
text: , freq: 1, cixing: 65536
行为, 1, 65536
text: , freq: 13793024, cixing: 2
遭到, 13793024, 2
text: , freq: 0, cixing: 0
了, 0, 0
text: , freq: 0, cixing: 0
GM, 0, 0
text: , freq: 0, cixing: 0
的, 0, 0
text: , freq: 1, cixing: 65536
封号, 1, 65536
text: , freq: 0, cixing: 0
，, 0, 0
text: , freq: 1, cixing: 65536
五星, 1, 65536
text: , freq: 1, cixing: 65536
巴西, 1, 65536
text: , freq: 2763975, cixing: 2
惨遭, 2763975, 2
text: , freq: 1, cixing: 65536
团灭, 1, 65536
text: , freq: 0, cixing: 0
…, 0, 0
text: , freq: 0, cixing: 0
俺, 0, 0
text: , freq: 0, cixing: 0
是, 0, 0
text: , freq: 0, cixing: 0
办, 0, 0
text: , freq: 0, cixing: 0
卡, 0, 0
text: , freq: 0, cixing: 0
的, 0, 0
text: , freq: 0, cixing: 0
这, 0, 0
text: , freq: 1, cixing: 65536
网站, 1, 65536
text: , freq: 1, cixing: 65536
人气, 1, 65536
text: , freq: 40083330, cixing: 3
不足, 40083330, 3
text: , freq: 0, cixing: 0
啊, 0, 0
text: , freq: 659255, cixing: 0
球王, 659255, 0
text: , freq: 1, cixing: 65536
就是, 1, 65536
text: , freq: 659255, cixing: 0
球王, 659255, 0
text: , freq: 0, cixing: 0
啊, 0, 0
text: , freq: 0, cixing: 0
说, 0, 0
text: , freq: 0, cixing: 0
谁, 0, 0
text: , freq: 1708075, cixing: 0
谁就, 1708075, 0
text: , freq: 0, cixing: 0
走, 0, 0
text: , freq: 1, cixing: 65536
大哭, 1, 65536
text: , freq: 1, cixing: 65536
大哭, 1, 65536
text: , freq: 21403974, cixing: 0
再也, 21403974, 0
text: , freq: 0, cixing: 0
不, 0, 0
text: , freq: 0, cixing: 0
玩, 0, 0
text: , freq: 0, cixing: 0
DOTA, 0, 0
text: , freq: 30239043, cixing: 0
的说, 30239043, 0
text: , freq: 0, cixing: 0
…, 0, 0
text: , freq: 0, cixing: 0
…, 0, 0
text: , freq: 1, cixing: 65536
申请, 1, 65536
text: , freq: 13233086, cixing: 2
完毕, 13233086, 2
text: , freq: 0, cixing: 0
melo, 0, 0
text: , freq: 0, cixing: 0
的, 0, 0
text: , freq: 1402143, cixing: 0
送人, 1402143, 0
text: , freq: 0, cixing: 0
头, 0, 0
text: , freq: 0, cixing: 0
加, 0, 0
text: , freq: 1, cixing: 65536
鞭尸, 1, 65536
text: , freq: 0, cixing: 0
被, 0, 0
text: , freq: 0, cixing: 0
GM, 0, 0
text: , freq: 1, cixing: 65536
封号, 1, 65536
text: , freq: 0, cixing: 0
，, 0, 0
text: , freq: 0, cixing: 0
，, 0, 0
text: , freq: 1, cixing: 65536
直接, 1, 65536
text: , freq: 59449584, cixing: 2
导致, 59449584, 2
text: , freq: 0, cixing: 0
Brazil, 0, 0
text: , freq: 0, cixing: 0
被, 0, 0
text: , freq: 1, cixing: 65536
翻盘, 1, 65536
text: , freq: 0, cixing: 0
。, 0, 0
text: , freq: 0, cixing: 0
。, 0, 0
text: , freq: 0, cixing: 0
杯, 0, 0
text: , freq: 0, cixing: 0
具, 0, 0
text: , freq: 0, cixing: 0
玩, 0, 0
text: , freq: 0, cixing: 0
蛋, 0, 0
text: , freq: 1, cixing: 65536
哈哈, 1, 65536
text: , freq: 0, cixing: 0
，, 0, 0
text: , freq: 1, cixing: 65536
我的, 1, 65536
text: , freq: 1, cixing: 65536
荷兰, 1, 65536
text: , freq: 3732831, cixing: 2
晋级, 3732831, 2
text: , freq: 0, cixing: 0
了, 0, 0
text: , freq: 0, cixing: 0
！, 0, 0
text: , freq: 169815, cixing: 0
无冕之王, 169815, 0
text: , freq: 0, cixing: 0
再, 0, 0
text: , freq: 1, cixing: 65536
努力, 1, 65536
text: , freq: 0, cixing: 0
吧, 0, 0
text: , freq: 0, cixing: 0
！, 0, 0
text: , freq: 0, cixing: 0
！, 0, 0
text: , freq: 0, cixing: 0
！, 0, 0
text: , freq: 1, cixing: 65536
心情, 1, 65536
text: , freq: 969758, cixing: 0
很郁闷, 969758, 0
text: , freq: 0, cixing: 0
，, 0, 0
text: , freq: 0, cixing: 0
DOTA, 0, 0
text: , freq: 0, cixing: 0
老, 0, 0
text: , freq: 0, cixing: 0
输, 0, 0
text: , freq: 1, cixing: 65536
我喜欢, 1, 65536
text: , freq: 866415, cixing: 1
德国队, 866415, 1
text: , freq: 0, cixing: 0
，, 0, 0
text: , freq: 1, cixing: 65536
你们, 1, 65536
text: , freq: 0, cixing: 0
呢, 0, 0
text: , freq: 0, cixing: 0
？, 0, 0
text: , freq: 1, cixing: 65536
海涛, 1, 65536
text: , freq: 0, cixing: 0
的, 0, 0
text: , freq: 1, cixing: 65536
影响, 1, 65536
text: , freq: 0, cixing: 0
真, 0, 0
text: , freq: 0, cixing: 0
大, 0, 0
text: , freq: 0, cixing: 0
dota, 0, 0
text: , freq: 1, cixing: 65536
真好玩, 1, 65536
text: , freq: 0, cixing: 0
從, 0, 0
text: , freq: 1, cixing: 65536
第一, 1, 65536
text: , freq: 0, cixing: 0
場, 0, 0
text: , freq: 0, cixing: 0
德, 0, 0
text: , freq: 0, cixing: 0
國, 0, 0
text: , freq: 0, cixing: 0
隊, 0, 0
text: , freq: 0, cixing: 0
的, 0, 0
text: , freq: 0, cixing: 0
小, 0, 0
text: , freq: 0, cixing: 0
組, 0, 0
text: , freq: 0, cixing: 0
賽, 0, 0
text: , freq: 0, cixing: 0
開, 0, 0
text: , freq: 0, cixing: 0
始, 0, 0
text: , freq: 0, cixing: 0
，, 0, 0
text: , freq: 0, cixing: 0
就, 0, 0
text: , freq: 128727877, cixing: 8
一直, 128727877, 8
text: , freq: 951376, cixing: 0
力挺, 951376, 0
text: , freq: 0, cixing: 0
德, 0, 0
text: , freq: 0, cixing: 0
國, 0, 0
text: , freq: 0, cixing: 0
隊, 0, 0
text: , freq: 0, cixing: 0
，, 0, 0
text: , freq: 34433038, cixing: 8
如今, 34433038, 8
text: , freq: 0, cixing: 0
氣, 0, 0
text: , freq: 0, cixing: 0
勢, 0, 0
text: , freq: 611717, cixing: 0
如虹, 611717, 0
text: , freq: 0, cixing: 0
的, 0, 0
text: , freq: 0, cixing: 0
他, 0, 0
text: , freq: 0, cixing: 0
們, 0, 0
text: , freq: 23157134, cixing: 128
能否, 23157134, 128
text: , freq: 0, cixing: 0
一, 0, 0
text: , freq: 0, cixing: 0
舉, 0, 0
text: , freq: 6219835, cixing: 0
拿下, 6219835, 0
text: , freq: 0, cixing: 0
冠, 0, 0
text: , freq: 0, cixing: 0
軍, 0, 0
text: , freq: 0, cixing: 0
呢, 0, 0
text: , freq: 1, cixing: 65536
我们, 1, 65536
text: , freq: 1, cixing: 65536
阿根廷, 1, 65536
text: , freq: 1863835, cixing: 0
不倒, 1863835, 0
text: , freq: 0, cixing: 0
·, 0, 0
text: , freq: 0, cixing: 0
·, 0, 0
text: , freq: 0, cixing: 0
·, 0, 0
text: , freq: 0, cixing: 0
·, 0, 0
text: , freq: 6920621, cixing: 512
虽说, 6920621, 512
text: , freq: 0, cixing: 0
哥, 0, 0
text: , freq: 72572003, cixing: 0
是个, 72572003, 0
text: , freq: 0, cixing: 0
伪, 0, 0
text: , freq: 0, cixing: 0
阿, 0, 0
text: , freq: 0, cixing: 0
迷, 0, 0
text: , freq: 0, cixing: 0
·, 0, 0
text: , freq: 0, cixing: 0
·, 0, 0
text: , freq: 0, cixing: 0
·, 0, 0
text: , freq: 1, cixing: 65536
新手, 1, 65536
text: , freq: 0, cixing: 0
，, 0, 0
text: , freq: 1, cixing: 65536
多多, 1, 65536
text: , freq: 6572097, cixing: 2
指教, 6572097, 2
text: , freq: 0, cixing: 0
Beat, 0, 0
text: , freq: 0, cixing: 0
it, 0, 0
text: , freq: 0, cixing: 0
！, 0, 0
text: , freq: 0, cixing: 0
！, 0, 0
text: , freq: 0, cixing: 0
a, 0, 0
text: , freq: 0, cixing: 0
asdasdasd, 0, 0
text: , freq: 0, cixing: 0
asd, 0, 0
text: , freq: 0, cixing: 0
asd, 0, 0
text: , freq: 0, cixing: 0
as, 0, 0
text: , freq: 0, cixing: 0
das, 0, 0
text: , freq: 0, cixing: 0
da, 0, 0
text: , freq: 1, cixing: 65536
马拉多纳, 1, 65536
text: , freq: 0, cixing: 0
怎, 0, 0
text: , freq: 0, cixing: 0
一, 0, 0
text: , freq: 0, cixing: 0
2, 0, 0
text: , freq: 0, cixing: 0
字, 0, 0
text: , freq: 2869704, cixing: 1
了得, 2869704, 1
text: , freq: 1, cixing: 65536
第一, 1, 65536
text: , freq: 1302795, cixing: 0
天来, 1302795, 0
text: , freq: 0, cixing: 0
看, 0, 0
text: , freq: 0, cixing: 0
啥, 0, 0
text: , freq: 0, cixing: 0
都, 0, 0
text: , freq: 1, cixing: 65536
新鲜, 1, 65536
text: , freq: 0, cixing: 0
！, 0, 0
text: , freq: 0, cixing: 0
！, 0, 0
text: , freq: 1, cixing: 65536
可爱, 1, 65536
text: , freq: 0, cixing: 0
hfdsh, 0, 0
text: , freq: 1, cixing: 65536
额滴神, 1, 65536
text: , freq: 0, cixing: 0
，, 0, 0
text: , freq: 24080982, cixing: 0
跟着, 24080982, 0
text: , freq: 0, cixing: 0
涛, 0, 0
text: , freq: 0, cixing: 0
哥, 0, 0
text: , freq: 0, cixing: 0
学, 0, 0
text: , freq: 0, cixing: 0
DOTA, 0, 0
text: , freq: 1, cixing: 65536
惊吓, 1, 65536
text: , freq: 64382900, cixing: 1
每天, 64382900, 1
text: , freq: 1, cixing: 65536
被虐, 1, 65536
text: , freq: 0, cixing: 0
菜, 0, 0
text: , freq: 0, cixing: 0
啊, 0, 0
text: , freq: 1, cixing: 65536
被虐, 1, 65536
text: , freq: 0, cixing: 0
菜, 0, 0
text: , freq: 1, cixing: 65536
荷兰, 1, 65536
text: , freq: 0, cixing: 0
amp, 0, 0
text: , freq: 1, cixing: 65536
德国, 1, 65536
text: , freq: 87529881, cixing: 2
考试, 87529881, 2
text: , freq: 1, cixing: 65536
结束, 1, 65536
text: , freq: 1, cixing: 65536
时间, 1, 65536
text: , freq: 1, cixing: 65536
就是, 1, 65536
text: , freq: 0, cixing: 0
dota, 0, 0
text: , freq: 0, cixing: 0
的, 0, 0
text: , freq: 0, cixing: 0
了, 0, 0
text: , freq: 1, cixing: 65536
哈哈, 1, 65536
text: , freq: 0, cixing: 0
dota, 0, 0
text: , freq: 0, cixing: 0
中, 0, 0
text: , freq: 3856948, cixing: 0
来找, 3856948, 0
text: , freq: 1, cixing: 65536
海涛, 1, 65536
text: , freq: 0, cixing: 0
。, 0, 0
text: , freq: 1107075, cixing: 0
为情, 1107075, 0
text: , freq: 1, cixing: 65536
痴狂, 1, 65536
text: , freq: 1, cixing: 65536
吃饭, 1, 65536
text: , freq: 0, cixing: 0
，, 0, 0
text: , freq: 1, cixing: 65536
睡觉, 1, 65536
text: , freq: 0, cixing: 0
，, 0, 0
text: , freq: 0, cixing: 0
打, 0, 0
text: , freq: 0, cixing: 0
DOTA, 0, 0
text: , freq: 0, cixing: 0
！, 0, 0
text: , freq: 0, cixing: 0
！, 0, 0
text: , freq: 1, cixing: 65536
鼓掌, 1, 65536
text: , freq: 0, cixing: 0
Hi, 0, 0
text: , freq: 1, cixing: 65536
大家好, 1, 65536
text: , freq: 0, cixing: 0
，, 0, 0
text: , freq: 96552514, cixing: 0
我是, 96552514, 0
text: , freq: 1, cixing: 65536
开心果, 1, 65536
text: , freq: 0, cixing: 0
。, 0, 0
text: , freq: 7638522, cixing: 1
日后, 7638522, 1
text: , freq: 18431931, cixing: 0
请大家, 18431931, 0
text: , freq: 1, cixing: 65536
多多, 1, 65536
text: , freq: 3934710, cixing: 2
关照, 3934710, 2
text: , freq: 172072, cixing: 2
打呵欠, 172072, 2
text: , freq: 1, cixing: 65536
没事, 1, 65536
text: , freq: 0, cixing: 0
啊, 0, 0
text: , freq: 0, cixing: 0
。, 0, 0
text: , freq: 370681, cixing: 2
坐等, 370681, 2
text: , freq: 0, cixing: 0
涛, 0, 0
text: , freq: 0, cixing: 0
哥, 0, 0
text: , freq: 81630897, cixing: 1
视频, 81630897, 1
text: , freq: 347526, cixing: 0
不图, 347526, 0
text: , freq: 1, cixing: 65536
不挂, 1, 65536
text: , freq: 0, cixing: 0
。, 0, 0
text: , freq: 1, cixing: 65536
素质游戏, 1, 65536
text: , freq: 0, cixing: 0
。, 0, 0
text: , freq: 1357295, cixing: 2
珍爱, 1357295, 2
text: , freq: 20897161, cixing: 1
家人, 20897161, 1
text: , freq: 0, cixing: 0
。, 0, 0
text: , freq: 1, cixing: 65536
和谐, 1, 65536
text: , freq: 0, cixing: 0
DOTA, 0, 0
text: , freq: 0, cixing: 0
额, 0, 0
text: , freq: 0, cixing: 0
，, 0, 0
text: , freq: 1, cixing: 65536
喜欢, 1, 65536
text: , freq: 0, cixing: 0
DOTA, 0, 0
text: , freq: 0, cixing: 0
，, 0, 0
text: , freq: 1, cixing: 65536
喜欢, 1, 65536
text: , freq: 0, cixing: 0
war, 0, 0
text: , freq: 0, cixing: 0
3, 0, 0
text: , freq: 0, cixing: 0
，, 0, 0
text: , freq: 6905901, cixing: 0
可就, 6905901, 0
text: , freq: 0, cixing: 0
是, 0, 0
text: , freq: 0, cixing: 0
打, 0, 0
text: , freq: 1, cixing: 65536
不好, 1, 65536
text: , freq: 0, cixing: 0
，, 0, 0
text: , freq: 0, cixing: 0
dota, 0, 0
text: , freq: 1, cixing: 65536
疯狂, 1, 65536
text: , freq: 0, cixing: 0
着, 0, 0
text: , freq: 0, cixing: 0
坏, 0, 0
text: , freq: 0, cixing: 0
笑, 0, 0
text: , freq: 5299647, cixing: 0
我是个, 5299647, 0
text: , freq: 1, cixing: 65536
新人, 1, 65536
text: , freq: 18431931, cixing: 0
请大家, 18431931, 0
text: , freq: 1, cixing: 65536
多多, 1, 65536
text: , freq: 3934710, cixing: 2
关照, 3934710, 2
text: , freq: 1, cixing: 65536
可爱, 1, 65536
text: , freq: 0, cixing: 0
　, 0, 0
text: , freq: 1, cixing: 65536
我的, 1, 65536
text: , freq: 0, cixing: 0
DOTA, 0, 0
text: , freq: 0, cixing: 0
，, 0, 0
text: , freq: 24374138, cixing: 0
我来, 24374138, 0
text: , freq: 1, cixing: 65536
主宰, 1, 65536
text: , freq: 0, cixing: 0
。, 0, 0
text: , freq: 1, cixing: 65536
花痴, 1, 65536
text: , freq: 849144, cixing: 0
温总理, 849144, 0
text: , freq: 0, cixing: 0
说, 0, 0
text: , freq: 1, cixing: 65536
注意, 1, 65536
text: , freq: 1, cixing: 65536
补刀, 1, 65536
text: , freq: 1, cixing: 65536
吃惊, 1, 65536
text: , freq: 1, cixing: 65536
大笑, 1, 65536
text: , freq: 821432, cixing: 0
天朝, 821432, 0
text: , freq: 0, cixing: 0
DOTA, 0, 0
text: , freq: 1709777, cixing: 4
威武, 1709777, 4
text: , freq: 0, cixing: 0
！, 0, 0
text: , freq: 0, cixing: 0
EHOME, 0, 0
text: , freq: 843114, cixing: 2
全胜, 843114, 2
text: , freq: 1, cixing: 65536
获得, 1, 65536
text: , freq: 1, cixing: 65536
冠军, 1, 65536
text: , freq: 28431916, cixing: 1
兴趣, 28431916, 1
text: , freq: 34671524, cixing: 4
广泛, 34671524, 4
text: , freq: 0, cixing: 0
，, 0, 0
text: , freq: 12335745, cixing: 3
爱好, 12335745, 3
text: , freq: 31883566, cixing: 4
众多, 31883566, 4
text: , freq: 0, cixing: 0
！, 0, 0
text: , freq: 41272082, cixing: 1
武汉, 41272082, 1
text: , freq: 0, cixing: 0
好, 0, 0
text: , freq: 0, cixing: 0
热, 0, 0
text: , freq: 0, cixing: 0
呀, 0, 0
text: , freq: 0, cixing: 0
！, 0, 0
text: , freq: 0, cixing: 0
！, 0, 0
text: , freq: 1518734, cixing: 0
受不了了, 1518734, 0
text: , freq: 0, cixing: 0
。, 0, 0
text: , freq: 88547574, cixing: 8
终于, 88547574, 8
text: , freq: 775698, cixing: 0
熬过, 775698, 0
text: , freq: 0, cixing: 0
了, 0, 0
text: , freq: 25427954, cixing: 0
一个月, 25427954, 0
text: , freq: 0, cixing: 0
，, 0, 0
text: , freq: 88547574, cixing: 8
终于, 88547574, 8
text: , freq: 0, cixing: 0
也, 0, 0
text: , freq: 1686210, cixing: 0
考完, 1686210, 0
text: , freq: 0, cixing: 0
了, 0, 0
text: , freq: 0, cixing: 0
，, 0, 0
text: , freq: 3409116, cixing: 0
考前, 3409116, 0
text: , freq: 25427954, cixing: 0
一个月, 25427954, 0
text: , freq: 4167434, cixing: 0
真是太, 4167434, 0
text: , freq: 200030, cixing: 0
辛苦了, 200030, 0
text: , freq: 0, cixing: 0
，, 0, 0
text: , freq: 1, cixing: 65536
不过, 1, 65536
text: , freq: 1, cixing: 65536
只要, 1, 65536
text: , freq: 4851538, cixing: 0
能不, 4851538, 0
text: , freq: 0, cixing: 0
挂, 0, 0
text: , freq: 0, cixing: 0
科, 0, 0
text: , freq: 14858674, cixing: 0
就行, 14858674, 0
text: , freq: 1, cixing: 65536
本人, 1, 65536
text: , freq: 1, cixing: 65536
不死, 1, 65536
text: , freq: 0, cixing: 0
，, 0, 0
text: , freq: 316401, cixing: 0
兽行, 316401, 0
text: , freq: 11436719, cixing: 10
不止, 11436719, 10
text: , freq: 0, cixing: 0
。, 0, 0
text: , freq: 7215434, cixing: 0
人多, 7215434, 0
text: , freq: 0, cixing: 0
，, 0, 0
text: , freq: 0, cixing: 0
路, 0, 0
text: , freq: 0, cixing: 0
长, 0, 0
text: , freq: 0, cixing: 0
，, 0, 0
text: , freq: 26851402, cixing: 128
不得不, 26851402, 128
text: , freq: 1, cixing: 65536
疯狂, 1, 65536
text: , freq: 0, cixing: 0
！, 0, 0
text: , freq: 1, cixing: 65536
学校, 1, 65536
text: , freq: 6240098, cixing: 1
暑假, 6240098, 1
text: , freq: 117037, cixing: 0
不放假, 117037, 0
text: , freq: 0, cixing: 0
hh, 0, 0
text: , freq: 9908902, cixing: 0
谁能, 9908902, 0
text: , freq: 21834642, cixing: 0
帮我, 21834642, 0
text: , freq: 7322592, cixing: 0
买到, 7322592, 0
text: , freq: 4098099, cixing: 1
火车票, 4098099, 1
text: , freq: 0, cixing: 0
KT, 0, 0
text: , freq: 0, cixing: 0
S, 0, 0
text: , freq: 0, cixing: 0
G, 0, 0
text: , freq: 0, cixing: 0
C, 0, 0
text: , freq: 0, cixing: 0
L, 0, 0
text: , freq: 1, cixing: 65536
计划, 1, 65536
text: , freq: 3544855, cixing: 0
保罗, 3544855, 0
text: , freq: 0, cixing: 0
算, 0, 0
text: , freq: 0, cixing: 0
个, 0, 0
text: , freq: 0, cixing: 0
鸟, 0, 0
text: , freq: 0, cixing: 0
，, 0, 0
text: , freq: 1, cixing: 65536
我的, 1, 65536
text: , freq: 1, cixing: 65536
佳佳, 1, 65536
text: , freq: 0, cixing: 0
继, 0, 0
text: , freq: 1, cixing: 65536
加纳, 1, 65536
text: , freq: 0, cixing: 0
、, 0, 0
text: , freq: 1, cixing: 65536
巴西, 1, 65536
text: , freq: 0, cixing: 0
、, 0, 0
text: , freq: 1, cixing: 65536
英格兰, 1, 65536
text: , freq: 0, cixing: 0
、, 0, 0
text: , freq: 1, cixing: 65536
阿根廷, 1, 65536
text: , freq: 1, cixing: 65536
之后, 1, 65536
text: , freq: 0, cixing: 0
又, 0, 0
text: , freq: 1, cixing: 65536
支持, 1, 65536
text: , freq: 1, cixing: 65536
德国, 1, 65536
text: , freq: 0, cixing: 0
的, 0, 0
text: , freq: 117108488, cixing: 1
事情, 117108488, 1
text: , freq: 43345315, cixing: 0
我会, 43345315, 0
text: , freq: 19143185, cixing: 8
到处, 19143185, 8
text: , freq: 1704101, cixing: 2
乱说, 1704101, 2
text: , freq: 0, cixing: 0
么, 0, 0
text: , freq: 0, cixing: 0
？, 0, 0
text: , freq: 1, cixing: 65536
西班牙, 1, 65536
text: , freq: 0, cixing: 0
哈, 0, 0
text: , freq: 872852, cixing: 32
啊哈, 872852, 32
text: , freq: 0, cixing: 0
饿, 0, 0
text: , freq: 0, cixing: 0
，, 0, 0
text: , freq: 0, cixing: 0
很, 0, 0
text: , freq: 1, cixing: 65536
精神, 1, 65536
text: , freq: 1, cixing: 65536
可怜, 1, 65536
text: , freq: 0, cixing: 0
短, 0, 0
text: , freq: 9044013, cixing: 1
学期, 9044013, 1
text: , freq: 0, cixing: 0
。, 0, 0
text: , freq: 0, cixing: 0
。, 0, 0
text: , freq: 0, cixing: 0
。, 0, 0
text: , freq: 1, cixing: 65536
我爱, 1, 65536
text: , freq: 0, cixing: 0
打, 0, 0
text: , freq: 0, cixing: 0
dota, 0, 0
text: , freq: 0, cixing: 0
，, 0, 0
text: , freq: 7714318, cixing: 0
哪位, 7714318, 0
text: , freq: 1, cixing: 65536
大神, 1, 65536
text: , freq: 0, cixing: 0
加, 0, 0
text: , freq: 0, cixing: 0
个, 0, 0
text: , freq: 1, cixing: 65536
好友, 1, 65536
text: , freq: 0, cixing: 0
吧, 0, 0
text: , freq: 0, cixing: 0
。, 0, 0
text: , freq: 0, cixing: 0
。, 0, 0
text: , freq: 0, cixing: 0
。, 0, 0
text: , freq: 0, cixing: 0
。, 0, 0
text: , freq: 0, cixing: 0
花, 0, 0
text: , freq: 676510, cixing: 0
似无, 676510, 0
text: , freq: 0, cixing: 0
情, 0, 0
text: , freq: 5470577, cixing: 0
却有, 5470577, 0
text: , freq: 0, cixing: 0
泪, 0, 0
text: , freq: 1, cixing: 65536
亲亲, 1, 65536
text: , freq: 0, cixing: 0
dota, 0, 0
text: , freq: 0, cixing: 0
a, 0, 0
text: , freq: 77255, cixing: 0
我来了, 77255, 0
text: , freq: 1, cixing: 65536
我爱, 1, 65536
text: , freq: 0, cixing: 0
晨, 0, 0
text: , freq: 0, cixing: 0
晨, 0, 0
text: , freq: 1, cixing: 65536
可爱, 1, 65536
text: , freq: 35558214, cixing: 0
又是, 35558214, 0
text: , freq: 1, cixing: 65536
一个, 1, 65536
text: , freq: 1199624, cixing: 0
不眠, 1199624, 0
text: , freq: 0, cixing: 0
夜, 0, 0
text: , freq: 0, cixing: 0
。, 0, 0
text: , freq: 4721370, cixing: 2
瞧瞧, 4721370, 2
text: , freq: 1, cixing: 65536
新人, 1, 65536
text: , freq: 5932358, cixing: 0
教我, 5932358, 0
text: , freq: 0, cixing: 0
打, 0, 0
text: , freq: 0, cixing: 0
dota, 0, 0
text: , freq: 1, cixing: 65536
大家好, 1, 65536
text: , freq: 1, cixing: 65536
挣扎, 1, 65536
text: , freq: 0, cixing: 0
在, 0, 0
text: , freq: 1, cixing: 65536
路人, 1, 65536
text: , freq: 0, cixing: 0
的, 0, 0
text: , freq: 903779, cixing: 1
泥潭, 903779, 1
text: , freq: 0, cixing: 0
中, 0, 0
text: , freq: 0, cixing: 0
求, 0, 0
text: , freq: 0, cixing: 0
被, 0, 0
text: , freq: 1, cixing: 65536
拯救, 1, 65536
text: , freq: 0, cixing: 0
求, 0, 0
text: , freq: 0, cixing: 0
DOTA, 0, 0
text: , freq: 1, cixing: 65536
黑店, 1, 65536
text: , freq: 96552514, cixing: 0
我是, 96552514, 0
text: , freq: 0, cixing: 0
看, 0, 0
text: , freq: 0, cixing: 0
涛, 0, 0
text: , freq: 0, cixing: 0
哥, 0, 0
text: , freq: 1, cixing: 65536
来的, 1, 65536
text: , freq: 1, cixing: 65536
害羞, 1, 65536
text: , freq: 1, cixing: 65536
海涛, 1, 65536
text: , freq: 0, cixing: 0
123, 0, 0
text: , freq: 0, cixing: 0
2, 0, 0
text: , freq: 0, cixing: 0
这, 0, 0
text: , freq: 1, cixing: 65536
网站, 1, 65536
text: , freq: 46082296, cixing: 8200
难道, 46082296, 8200
text: , freq: 263444, cixing: 0
就这么, 263444, 0
text: , freq: 0, cixing: 0
点, 0, 0
text: , freq: 393711925, cixing: 1
内容, 393711925, 1
text: , freq: 1, cixing: 65536
游戏, 1, 65536
text: , freq: 176046676, cixing: 1
新闻, 176046676, 1
text: , freq: 24642748, cixing: 0
都没, 24642748, 0
text: , freq: 0, cixing: 0
能, 0, 0
text: , freq: 1, cixing: 65536
红, 1, 65536
text: , freq: 146989198, cixing: 66
起来, 146989198, 66
text: , freq: 0, cixing: 0
吗, 0, 0
text: , freq: 0, cixing: 0
。, 0, 0
text: , freq: 0, cixing: 0
。, 0, 0
text: , freq: 0, cixing: 0
。, 0, 0
text: , freq: 96552514, cixing: 0
我是, 96552514, 0
text: , freq: 0, cixing: 0
dota, 0, 0
text: , freq: 2190470, cixing: 1
小菜, 2190470, 1
text: , freq: 0, cixing: 0
鸟, 0, 0
text: , freq: 259494, cixing: 0
哈哈哈, 259494, 0
text: , freq: 0, cixing: 0
DOTA, 0, 0
text: , freq: 1, cixing: 65536
支持, 1, 65536
text: , freq: 0, cixing: 0
涛, 0, 0
text: , freq: 0, cixing: 0
哥, 0, 0
text: , freq: 0, cixing: 0
！, 0, 0
text: , freq: 0, cixing: 0
！, 0, 0
text: , freq: 0, cixing: 0
！, 0, 0
text: , freq: 1, cixing: 65536
这个, 1, 65536
text: , freq: 1, cixing: 65536
一起, 1, 65536
text: , freq: 1, cixing: 65536
游戏, 1, 65536
text: , freq: 0, cixing: 0
会, 0, 0
text: , freq: 0, cixing: 0
火, 0, 0
text: , freq: 0, cixing: 0
吗, 0, 0
text: , freq: 0, cixing: 0
？, 0, 0
text: , freq: 359640476, cixing: 512
如果, 359640476, 512
text: , freq: 1586139, cixing: 0
火了, 1586139, 0
text: , freq: 74557377, cixing: 0
我就, 74557377, 0
text: , freq: 3850359, cixing: 0
搬到, 3850359, 0
text: , freq: 1, cixing: 65536
这里, 1, 65536
text: , freq: 0, cixing: 0
来, 0, 0
text: , freq: 0, cixing: 0
gank, 0, 0
text: , freq: 0, cixing: 0
Defense, 0, 0
text: , freq: 0, cixing: 0
of, 0, 0
text: , freq: 0, cixing: 0
the, 0, 0
text: , freq: 0, cixing: 0
Ancients, 0, 0
text: , freq: 0, cixing: 0
就, 0, 0
text: , freq: 0, cixing: 0
爱, 0, 0
text: , freq: 0, cixing: 0
DOTA, 0, 0
text: , freq: 1, cixing: 65536
哈哈, 1, 65536
text: , freq: 0, cixing: 0
新, 0, 0
text: , freq: 0, cixing: 0
的, 0, 0
text: , freq: 1, cixing: 65536
成员, 1, 65536
text: , freq: 1, cixing: 65536
希望大家, 1, 65536
text: , freq: 0, cixing: 0
加, 0, 0
text: , freq: 1, cixing: 65536
好友, 1, 65536
text: , freq: 1, cixing: 65536
鼓掌, 1, 65536
text: , freq: 1, cixing: 65536
抓狂, 1, 65536
text: , freq: 1, cixing: 65536
大家好, 1, 65536
text: , freq: 1, cixing: 65536
神韵, 1, 65536
text: , freq: 1, cixing: 65536
果断, 1, 65536
text: , freq: 0, cixing: 0
2B, 0, 0
text: , freq: 0, cixing: 0
了, 0, 0
text: , freq: 1, cixing: 65536
果然, 1, 65536
text: , freq: 2400386, cixing: 2
出线, 2400386, 2
text: , freq: 0, cixing: 0
有, 0, 0
text: , freq: 1, cixing: 65536
内幕, 1, 65536
text: , freq: 0, cixing: 0
啊, 0, 0
text: , freq: 0, cixing: 0
这, 0, 0
text: , freq: 0, cixing: 0
。, 0, 0
text: , freq: 0, cixing: 0
。, 0, 0
text: , freq: 0, cixing: 0
。, 0, 0
text: , freq: 0, cixing: 0
。, 0, 0
text: , freq: 0, cixing: 0
。, 0, 0
text: , freq: 0, cixing: 0
。, 0, 0
text: , freq: 0, cixing: 0
xxxxxx, 0, 0
text: , freq: 1, cixing: 65536
青春, 1, 65536
text: , freq: 0, cixing: 0
的, 0, 0
text: , freq: 1650837, cixing: 4
残缺, 1650837, 4
text: , freq: 0, cixing: 0
，, 0, 0
text: , freq: 5500066, cixing: 0
该怎么, 5500066, 0
text: , freq: 1, cixing: 65536
弥补, 1, 65536
text: , freq: 0, cixing: 0
、, 0, 0
text: , freq: 1, cixing: 65536
无聊啊, 1, 65536
text: , freq: 0, cixing: 0
，, 0, 0
text: , freq: 18930229, cixing: 8192
能不能, 18930229, 8192
text: , freq: 1464979, cixing: 0
来点, 1464979, 0
text: , freq: 1, cixing: 65536
强力, 1, 65536
text: , freq: 1, cixing: 65536
点的, 1, 65536
text: , freq: 5978753, cixing: 1
队友, 5978753, 1
text: , freq: 0, cixing: 0
！, 0, 0
text: , freq: 0, cixing: 0
在, 0, 0
text: , freq: 1, cixing: 65536
浩方, 1, 65536
text: , freq: 0, cixing: 0
上, 0, 0
text: , freq: 0, cixing: 0
玩, 0, 0
text: , freq: 0, cixing: 0
DOTA, 0, 0
text: , freq: 0, cixing: 0
的, 0, 0
text: , freq: 497467, cixing: 0
童鞋, 497467, 0
text: , freq: 0, cixing: 0
，, 0, 0
text: , freq: 23822426, cixing: 0
咱们, 23822426, 0
text: , freq: 1, cixing: 65536
一起, 1, 65536
text: , freq: 0, cixing: 0
开, 0, 0
text: , freq: 0, cixing: 0
黑, 0, 0
text: , freq: 0, cixing: 0
啊, 0, 0
text: , freq: 0, cixing: 0
！, 0, 0
text: , freq: 1, cixing: 65536
惊吓, 1, 65536
text: , freq: 1, cixing: 65536
惊吓, 1, 65536
text: , freq: 1, cixing: 65536
呵呵, 1, 65536
text: , freq: 66479902, cixing: 8
重新, 66479902, 8
text: , freq: 22379189, cixing: 2
练习, 22379189, 2
text: , freq: 1598077, cixing: 1
基本功, 1598077, 1
text: , freq: 1, cixing: 65536
海涛, 1, 65536
text: , freq: 0, cixing: 0
人, 0, 0
text: , freq: 58269012, cixing: 0
很好, 58269012, 0
text: , freq: 0, cixing: 0
，, 0, 0
text: , freq: 1, cixing: 65536
大家, 1, 65536
text: , freq: 1, cixing: 65536
应该, 1, 65536
text: , freq: 1, cixing: 65536
支持, 1, 65536
text: , freq: 0, cixing: 0
他, 0, 0
text: , freq: 0, cixing: 0
！, 0, 0
text: , freq: 0, cixing: 0
给, 0, 0
text: , freq: 1, cixing: 65536
海涛, 1, 65536
text: , freq: 0, cixing: 0
些, 0, 0
text: , freq: 1, cixing: 65536
空间, 1, 65536
text: , freq: 0, cixing: 0
吧, 0, 0
text: , freq: 0, cixing: 0
。, 0, 0
text: , freq: 1, cixing: 65536
现在, 1, 65536
text: , freq: 6673731, cixing: 0
你觉得, 6673731, 0
text: , freq: 5494769, cixing: 6
不快, 5494769, 6
text: , freq: 0, cixing: 0
乐, 0, 0
text: , freq: 0, cixing: 0
，, 0, 0
text: , freq: 55121914, cixing: 0
是因为, 55121914, 0
text: , freq: 0, cixing: 0
你, 0, 0
text: , freq: 40002186, cixing: 2
追求, 40002186, 2
text: , freq: 202343832, cixing: 0
的是, 202343832, 0
text: , freq: 1, cixing: 65536
不是, 1, 65536
text: , freq: 1, cixing: 65536
快乐, 1, 65536
text: , freq: 0, cixing: 0
，, 0, 0
text: , freq: 55262740, cixing: 512
而是, 55262740, 512
text: , freq: 857044, cixing: 0
比别, 857044, 0
text: , freq: 0, cixing: 0
人, 0, 0
text: , freq: 1, cixing: 65536
快乐, 1, 65536
text: , freq: 1, cixing: 65536
无聊, 1, 65536
text: , freq: 0, cixing: 0
得, 0, 0
text: , freq: 0, cixing: 0
蛋, 0, 0
text: , freq: 0, cixing: 0
疼, 0, 0
text: , freq: 0, cixing: 0
DOTA, 0, 0
text: , freq: 1, cixing: 65536
最近, 1, 65536
text: , freq: 0, cixing: 0
练, 0, 0
text: , freq: 121631, cixing: 0
起来了, 121631, 0
text: , freq: 1, cixing: 65536
辅助, 1, 65536
text: , freq: 1, cixing: 65536
支持, 1, 65536
text: , freq: 1, cixing: 65536
海涛, 1, 65536
text: , freq: 3213288, cixing: 4
漫漫, 3213288, 4
text: , freq: 66203166, cixing: 1
人生, 66203166, 1
text: , freq: 0, cixing: 0
路, 0, 0
text: , freq: 0, cixing: 0
，, 0, 0
text: , freq: 9351841, cixing: 0
总会, 9351841, 0
text: , freq: 0, cixing: 0
错, 0, 0
text: , freq: 6301572, cixing: 0
几步, 6301572, 0
text: , freq: 0, cixing: 0
！, 0, 0
text: , freq: 1, cixing: 65536
本人, 1, 65536
text: , freq: 1645448, cixing: 0
已死, 1645448, 0
text: , freq: 0, cixing: 0
，, 0, 0
text: , freq: 1, cixing: 65536
有事烧纸, 1, 65536
text: , freq: 0, cixing: 0
。, 0, 0
text: , freq: 267651, cixing: 1
扁桃体, 267651, 1
text: , freq: 1, cixing: 65536
发炎, 1, 65536
text: , freq: 0, cixing: 0
，, 0, 0
text: , freq: 0, cixing: 0
卧, 0, 0
text: , freq: 0, cixing: 0
勒, 0, 0
text: , freq: 0, cixing: 0
个, 0, 0
text: , freq: 0, cixing: 0
去, 0, 0
text: , freq: 0, cixing: 0
…, 0, 0
text: , freq: 0, cixing: 0
《, 0, 0
text: , freq: 1, cixing: 65536
白, 1, 65536
text: , freq: 1, cixing: 65536
骑士, 1, 65536
text: , freq: 4761245, cixing: 0
物语, 4761245, 0
text: , freq: 0, cixing: 0
2, 0, 0
text: , freq: 0, cixing: 0
》, 0, 0
text: , freq: 70311077, cixing: 4
这次, 70311077, 4
text: , freq: 393711925, cixing: 1
内容, 393711925, 1
text: , freq: 1424445, cixing: 0
满载, 1424445, 0
text: , freq: 0, cixing: 0
，, 0, 0
text: , freq: 0, cixing: 0
必, 0, 0
text: , freq: 0, cixing: 0
入, 0, 0
text: , freq: 0, cixing: 0
之, 0, 0
text: , freq: 0, cixing: 0
！, 0, 0
text: , freq: 0, cixing: 0
DOTA, 0, 0
text: , freq: 0, cixing: 0
Allstars, 0, 0
text: , freq: 4172781, cixing: 0
找人, 4172781, 0
text: , freq: 0, cixing: 0
dota, 0, 0
text: , freq: 0, cixing: 0
开, 0, 0
text: , freq: 0, cixing: 0
黑, 0, 0
text: , freq: 5325455, cixing: 1
期末, 5325455, 1
text: , freq: 1, cixing: 65536
成功, 1, 65536
text: , freq: 0, cixing: 0
挂, 0, 0
text: , freq: 0, cixing: 0
两, 0, 0
text: , freq: 0, cixing: 0
科, 0, 0
text: , freq: 0, cixing: 0
，, 0, 0
text: , freq: 541324, cixing: 0
高数, 541324, 0
text: , freq: 0, cixing: 0
线, 0, 0
text: , freq: 0, cixing: 0
代, 0, 0
text: , freq: 0, cixing: 0
，, 0, 0
text: , freq: 0, cixing: 0
真, 0, 0
text: , freq: 0, cixing: 0
狠, 0, 0
text: , freq: 96552514, cixing: 0
我是, 96552514, 0
text: , freq: 35339155, cixing: 4096
来看, 35339155, 4096
text: , freq: 1, cixing: 65536
海涛, 1, 65536
text: , freq: 0, cixing: 0
的, 0, 0
text: , freq: 0, cixing: 0
。, 0, 0
text: , freq: 0, cixing: 0
。, 0, 0
text: , freq: 0, cixing: 0
。, 0, 0
text: , freq: 1, cixing: 65536
鼓掌, 1, 65536
text: , freq: 0, cixing: 0
就, 0, 0
text: , freq: 0, cixing: 0
爱, 0, 0
text: , freq: 0, cixing: 0
DOTA, 0, 0
text: , freq: 0, cixing: 0
！, 0, 0
text: , freq: 1, cixing: 65536
现在, 1, 65536
text: , freq: 1, cixing: 65536
地震, 1, 65536
text: , freq: 3100983, cixing: 2
预报, 3100983, 2
text: , freq: 1, cixing: 65536
不如, 1, 65536
text: , freq: 1, cixing: 65536
蛤蟆, 1, 65536
text: , freq: 1433500, cixing: 4
管用, 1433500, 4
text: , freq: 0, cixing: 0
，, 0, 0
text: , freq: 1, cixing: 65536
足球, 1, 65536
text: , freq: 1, cixing: 65536
预测, 1, 65536
text: , freq: 1, cixing: 65536
不如, 1, 65536
text: , freq: 1, cixing: 65536
章鱼, 1, 65536
text: , freq: 1433500, cixing: 4
管用, 1433500, 4
text: , freq: 0, cixing: 0
，, 0, 0
text: , freq: 0, cixing: 0
这, 0, 0
text: , freq: 53055814, cixing: 12
充分, 53055814, 12
text: , freq: 1, cixing: 65536
说明, 1, 65536
text: , freq: 0, cixing: 0
最, 0, 0
text: , freq: 1, cixing: 65536
牛, 1, 65536
text: , freq: 0, cixing: 0
逼, 0, 0
text: , freq: 241822796, cixing: 0
的人, 241822796, 0
text: , freq: 0, cixing: 0
才, 0, 0
text: , freq: 36361644, cixing: 0
都在, 36361644, 0
text: , freq: 1, cixing: 65536
体制, 1, 65536
text: , freq: 1, cixing: 65536
以外, 1, 65536
text: , freq: 0, cixing: 0
。, 0, 0
text: , freq: 0, cixing: 0
打, 0, 0
text: , freq: 0, cixing: 0
DOTA, 0, 0
text: , freq: 6299082, cixing: 0
打到, 6299082, 0
text: , freq: 466995, cixing: 0
烦啊, 466995, 0
text: , freq: 0, cixing: 0
，, 0, 0
text: , freq: 0, cixing: 0
，, 0, 0
text: , freq: 1, cixing: 65536
菜鸟, 1, 65536
text: , freq: 0, cixing: 0
没, 0, 0
text: , freq: 25831390, cixing: 6
进步, 25831390, 6
text: , freq: 0, cixing: 0
啊, 0, 0
text: , freq: 0, cixing: 0
！, 0, 0
text: , freq: 0, cixing: 0
！, 0, 0
text: , freq: 0, cixing: 0
！, 0, 0
text: , freq: 51751225, cixing: 5
感情, 51751225, 5
text: , freq: 0, cixing: 0
跟, 0, 0
text: , freq: 1, cixing: 65536
青春, 1, 65536
text: , freq: 1, cixing: 65536
一样, 1, 65536
text: , freq: 0, cixing: 0
，, 0, 0
text: , freq: 1, cixing: 65536
都是, 1, 65536
text: , freq: 21622340, cixing: 4096
用来, 21622340, 4096
text: , freq: 19683564, cixing: 6
浪费, 19683564, 6
text: , freq: 0, cixing: 0
的, 0, 0
text: , freq: 0, cixing: 0
！, 0, 0
text: , freq: 1, cixing: 65536
没有, 1, 65536
text: , freq: 15308146, cixing: 5
一辈子, 15308146, 5
text: , freq: 0, cixing: 0
的, 0, 0
text: , freq: 1, cixing: 65536
游戏, 1, 65536
text: , freq: 0, cixing: 0
，, 0, 0
text: , freq: 1, cixing: 65536
只有, 1, 65536
text: , freq: 15308146, cixing: 5
一辈子, 15308146, 5
text: , freq: 0, cixing: 0
的, 0, 0
text: , freq: 1, cixing: 65536
朋友, 1, 65536
text: , freq: 0, cixing: 0
！, 0, 0
text: , freq: 1810440, cixing: 0
我玩, 1810440, 0
text: , freq: 0, cixing: 0
dota, 0, 0
text: , freq: 0, cixing: 0
的, 0, 0
text: , freq: 4218304, cixing: 1
同志们, 4218304, 1
text: , freq: 0, cixing: 0
，, 0, 0
text: , freq: 25791292, cixing: 0
我一, 25791292, 0
text: , freq: 0, cixing: 0
起, 0, 0
text: , freq: 0, cixing: 0
DOTA, 0, 0
text: , freq: 0, cixing: 0
坏, 0, 0
text: , freq: 0, cixing: 0
笑, 0, 0
text: , freq: 0, cixing: 0
从, 0, 0
text: , freq: 0, cixing: 0
打, 0, 0
text: , freq: 1, cixing: 65536
酱油, 1, 65536
text: , freq: 1, cixing: 65536
开始, 1, 65536
text: , freq: 0, cixing: 0
吧, 0, 0
text: , freq: 1, cixing: 65536
无聊啊, 1, 65536
text: , freq: 5577216, cixing: 0
大家一起, 5577216, 0
text: , freq: 0, cixing: 0
DOTA, 0, 0
text: , freq: 0, cixing: 0
把, 0, 0
text: , freq: 0, cixing: 0
吧, 0, 0
text: , freq: 1, cixing: 65536
亲亲, 1, 65536
text: , freq: 1, cixing: 65536
惊吓, 1, 65536
text: , freq: 1, cixing: 65536
惊吓, 1, 65536
text: , freq: 0, cixing: 0
上, 0, 0
text: , freq: 241822796, cixing: 0
的人, 241822796, 0
text: , freq: 0, cixing: 0
真, 0, 0
text: , freq: 0, cixing: 0
少, 0, 0
text: , freq: 0, cixing: 0
哈, 0, 0
text: , freq: 0, cixing: 0
。, 0, 0
text: , freq: 0, cixing: 0
。, 0, 0
text: , freq: 0, cixing: 0
。, 0, 0
text: , freq: 0, cixing: 0
。, 0, 0
text: , freq: 0, cixing: 0
。, 0, 0
text: , freq: 0, cixing: 0
。, 0, 0
text: , freq: 1, cixing: 65536
疑问, 1, 65536
text: , freq: 0, cixing: 0
涛, 0, 0
text: , freq: 0, cixing: 0
哥, 0, 0
text: , freq: 0, cixing: 0
涛, 0, 0
text: , freq: 0, cixing: 0
哥, 0, 0
text: , freq: 1, cixing: 65536
我爱你, 1, 65536
text: , freq: 0, cixing: 0
做, 0, 0
text: , freq: 0, cixing: 0
的, 0, 0
text: , freq: 81630897, cixing: 1
视频, 81630897, 1
text: , freq: 0, cixing: 0
！, 0, 0
text: , freq: 0, cixing: 0
！, 0, 0
text: , freq: 0, cixing: 0
！, 0, 0
text: , freq: 0, cixing: 0
！, 0, 0
text: , freq: 0, cixing: 0
！, 0, 0
text: , freq: 0, cixing: 0
！, 0, 0
text: , freq: 0, cixing: 0
！, 0, 0
text: , freq: 0, cixing: 0
！, 0, 0
text: , freq: 0, cixing: 0
！, 0, 0
text: , freq: 0, cixing: 0
！, 0, 0
text: , freq: 1, cixing: 65536
今天, 1, 65536
text: , freq: 1, cixing: 65536
被虐, 1, 65536
text: , freq: 0, cixing: 0
的, 0, 0
text: , freq: 0, cixing: 0
…, 0, 0
text: , freq: 0, cixing: 0
…, 0, 0
text: , freq: 0, cixing: 0
來, 0, 0
text: , freq: 0, cixing: 0
這, 0, 0
text: , freq: 0, cixing: 0
裡, 0, 0
text: , freq: 164325317, cixing: 264
只是, 164325317, 264
text: , freq: 0, cixing: 0
爲, 0, 0
text: , freq: 0, cixing: 0
了, 0, 0
text: , freq: 1, cixing: 65536
濤哥, 1, 65536
text: , freq: 1, cixing: 65536
有个, 1, 65536
text: , freq: 0, cixing: 0
姓, 0, 0
text: , freq: 0, cixing: 0
黄, 0, 0
text: , freq: 0, cixing: 0
的, 0, 0
text: , freq: 25332470, cixing: 1
家伙, 25332470, 1
text: , freq: 1, cixing: 65536
家里, 1, 65536
text: , freq: 0, cixing: 0
养, 0, 0
text: , freq: 0, cixing: 0
了, 0, 0
text: , freq: 1, cixing: 65536
好多, 1, 65536
text: , freq: 1, cixing: 65536
鸽子, 1, 65536
text: , freq: 2473608, cixing: 0
终于找到, 2473608, 0
text: , freq: 1, cixing: 65536
组织, 1, 65536
text: , freq: 0, cixing: 0
了, 0, 0
text: , freq: 1, cixing: 65536
最近, 1, 65536
text: , freq: 1, cixing: 65536
天灾, 1, 65536
text: , freq: 1, cixing: 65536
不断, 1, 65536
text: , freq: 0, cixing: 0
啊, 0, 0
text: , freq: 0, cixing: 0
dota, 0, 0
text: , freq: 0, cixing: 0
晕, 0, 0
text: , freq: 0, cixing: 0
涛, 0, 0
text: , freq: 0, cixing: 0
哥, 0, 0
text: , freq: 0, cixing: 0
，, 0, 0
text: , freq: 1, cixing: 65536
永远, 1, 65536
text: , freq: 1, cixing: 65536
支持, 1, 65536
text: , freq: 0, cixing: 0
你, 0, 0
text: , freq: 0, cixing: 0
，, 0, 0
text: , freq: 1, cixing: 65536
加油, 1, 65536
text: , freq: 1, cixing: 65536
没有, 1, 65536
text: , freq: 1, cixing: 65536
定向, 1, 65536
text: , freq: 0, cixing: 0
中, 0, 0
text: , freq: 1, cixing: 65536
睡觉, 1, 65536
text: , freq: 0, cixing: 0
oh, 0, 0
text: , freq: 0, cixing: 0
yeah, 0, 0
text: , freq: 1, cixing: 65536
亲亲, 1, 65536
text: , freq: 1, cixing: 65536
自己, 1, 65536
text: , freq: 1, cixing: 65536
上来, 1, 65536
text: , freq: 1594773, cixing: 0
溜溜, 1594773, 0
text: , freq: 1, cixing: 65536
有没有, 1, 65536
text: , freq: 1, cixing: 65536
喜欢, 1, 65536
text: , freq: 0, cixing: 0
玩, 0, 0
text: , freq: 1, cixing: 65536
三国杀, 1, 65536
text: , freq: 0, cixing: 0
的, 0, 0
text: , freq: 1, cixing: 65536
朋友, 1, 65536
text: , freq: 0, cixing: 0
涅, 0, 0
text: , freq: 0, cixing: 0
？, 0, 0
text: , freq: 1, cixing: 65536
期待, 1, 65536
text: , freq: 0, cixing: 0
玩, 0, 0
text: , freq: 1, cixing: 65536
三国杀, 1, 65536
text: , freq: 0, cixing: 0
的, 0, 0
text: , freq: 0, cixing: 0
你, 0, 0
text: , freq: 0, cixing: 0
哈, 0, 0
text: , freq: 0, cixing: 0
！, 0, 0
text: , freq: 1, cixing: 65536
鼓掌, 1, 65536
text: , freq: 0, cixing: 0
bonndeng, 0, 0
text: , freq: 0, cixing: 0
高, 0, 0
text: , freq: 0, cixing: 0
毛, 0, 0
text: , freq: 0, cixing: 0
高, 0, 0
text: , freq: 0, cixing: 0
毛, 0, 0
text: , freq: 0, cixing: 0
Esports, 0, 0
text: , freq: 1, cixing: 65536
海涛, 1, 65536
text: , freq: 0, cixing: 0
Esports, 0, 0
text: , freq: 1, cixing: 65536
海涛, 1, 65536
text: , freq: 0, cixing: 0
Esports, 0, 0
text: , freq: 1, cixing: 65536
海涛, 1, 65536
text: , freq: 0, cixing: 0
Esports, 0, 0
text: , freq: 1, cixing: 65536
海涛, 1, 65536
text: , freq: 0, cixing: 0
Esports, 0, 0
text: , freq: 1, cixing: 65536
海涛, 1, 65536
text: , freq: 0, cixing: 0
Esports, 0, 0
text: , freq: 1, cixing: 65536
海涛, 1, 65536
text: , freq: 0, cixing: 0
Esports, 0, 0
text: , freq: 1, cixing: 65536
海涛, 1, 65536
text: , freq: 0, cixing: 0
Esports, 0, 0
text: , freq: 1, cixing: 65536
海涛, 1, 65536
text: , freq: 0, cixing: 0
Esports, 0, 0
text: , freq: 1, cixing: 65536
海涛, 1, 65536
text: , freq: 0, cixing: 0
Esports, 0, 0
text: , freq: 1, cixing: 65536
海涛, 1, 65536
text: , freq: 0, cixing: 0
Esports, 0, 0
text: , freq: 1, cixing: 65536
海涛, 1, 65536
text: , freq: 0, cixing: 0
Esports, 0, 0
text: , freq: 1, cixing: 65536
海涛, 1, 65536
text: , freq: 0, cixing: 0
Esports, 0, 0
text: , freq: 1, cixing: 65536
海涛, 1, 65536
text: , freq: 0, cixing: 0
Esports, 0, 0
text: , freq: 1, cixing: 65536
海涛, 1, 65536
text: , freq: 0, cixing: 0
Esports, 0, 0
text: , freq: 1, cixing: 65536
海涛, 1, 65536
text: , freq: 0, cixing: 0
Esports, 0, 0
text: , freq: 1, cixing: 65536
海涛, 1, 65536
text: , freq: 0, cixing: 0
Esports, 0, 0
text: , freq: 1, cixing: 65536
海涛, 1, 65536
text: , freq: 0, cixing: 0
Esports, 0, 0
text: , freq: 1, cixing: 65536
海涛, 1, 65536
text: , freq: 0, cixing: 0
Esports, 0, 0
text: , freq: 1, cixing: 65536
海涛, 1, 65536
text: , freq: 0, cixing: 0
Esports, 0, 0
text: , freq: 1, cixing: 65536
海涛, 1, 65536
text: , freq: 0, cixing: 0
Esports, 0, 0
text: , freq: 1, cixing: 65536
海涛, 1, 65536
text: , freq: 0, cixing: 0
Esports, 0, 0
text: , freq: 1, cixing: 65536
海涛, 1, 65536
text: , freq: 0, cixing: 0
Esports, 0, 0
text: , freq: 1, cixing: 65536
海涛, 1, 65536
text: , freq: 0, cixing: 0
Esports, 0, 0
text: , freq: 1, cixing: 65536
海涛, 1, 65536
text: , freq: 0, cixing: 0
Esports, 0, 0
text: , freq: 1, cixing: 65536
海涛, 1, 65536
text: , freq: 0, cixing: 0
Esports, 0, 0
text: , freq: 1, cixing: 65536
海涛, 1, 65536
text: , freq: 0, cixing: 0
Esports, 0, 0
text: , freq: 1, cixing: 65536
海涛, 1, 65536
text: , freq: 0, cixing: 0
Esports, 0, 0
text: , freq: 1, cixing: 65536
海涛, 1, 65536
text: , freq: 0, cixing: 0
Esports, 0, 0
text: , freq: 1, cixing: 65536
海涛, 1, 65536
text: , freq: 0, cixing: 0
Esports, 0, 0
text: , freq: 1, cixing: 65536
海涛, 1, 65536
text: , freq: 0, cixing: 0
Esports, 0, 0
text: , freq: 1, cixing: 65536
海涛, 1, 65536
text: , freq: 0, cixing: 0
Esports, 0, 0
text: , freq: 1, cixing: 65536
海涛, 1, 65536
text: , freq: 0, cixing: 0
Esports, 0, 0
text: , freq: 1, cixing: 65536
海涛, 1, 65536
text: , freq: 0, cixing: 0
Esports, 0, 0
text: , freq: 1, cixing: 65536
海涛, 1, 65536
text: , freq: 0, cixing: 0
Esports, 0, 0
text: , freq: 1, cixing: 65536
海涛, 1, 65536
text: , freq: 0, cixing: 0
Esports, 0, 0
text: , freq: 1, cixing: 65536
海涛, 1, 65536
text: , freq: 0, cixing: 0
Esports, 0, 0
text: , freq: 1, cixing: 65536
海涛, 1, 65536
text: , freq: 0, cixing: 0
Esports, 0, 0
text: , freq: 1, cixing: 65536
海涛, 1, 65536
text: , freq: 0, cixing: 0
Esports, 0, 0
text: , freq: 1, cixing: 65536
海涛, 1, 65536
text: , freq: 0, cixing: 0
Esports, 0, 0
text: , freq: 1, cixing: 65536
海涛, 1, 65536
text: , freq: 0, cixing: 0
Esports, 0, 0
text: , freq: 1, cixing: 65536
海涛, 1, 65536
text: , freq: 0, cixing: 0
Esports, 0, 0
text: , freq: 1, cixing: 65536
海涛, 1, 65536
text: , freq: 0, cixing: 0
Esports, 0, 0
text: , freq: 1, cixing: 65536
海涛, 1, 65536
text: , freq: 0, cixing: 0
Esports, 0, 0
text: , freq: 1, cixing: 65536
海涛, 1, 65536
text: , freq: 0, cixing: 0
Esports, 0, 0
text: , freq: 1, cixing: 65536
海涛, 1, 65536
text: , freq: 0, cixing: 0
Esports, 0, 0
text: , freq: 1, cixing: 65536
海涛, 1, 65536
text: , freq: 0, cixing: 0
Esports, 0, 0
text: , freq: 1, cixing: 65536
海涛, 1, 65536
text: , freq: 0, cixing: 0
Esports, 0, 0
text: , freq: 1, cixing: 65536
海涛, 1, 65536
text: , freq: 0, cixing: 0
我, 0, 0
text: , freq: 1, cixing: 65536
毕业, 1, 65536
text: , freq: 1, cixing: 65536
的时候, 1, 65536
text: , freq: 0, cixing: 0
100528, 0, 0
text: , freq: 1033637, cixing: 0
年度最佳, 1033637, 0
text: , freq: 0, cixing: 0
rep, 0, 0
text: , freq: 3621965, cixing: 0
候选, 3621965, 0
text: , freq: 2640569, cixing: 0
惊天, 2640569, 0
text: , freq: 1, cixing: 65536
逆转, 1, 65536
text: , freq: 0, cixing: 0
之, 0, 0
text: , freq: 1, cixing: 65536
我们, 1, 65536
text: , freq: 34290619, cixing: 0
都要, 34290619, 0
text: , freq: 0, cixing: 0
拿, 0, 0
text: , freq: 1, cixing: 65536
三双, 1, 65536
text: , freq: 81630897, cixing: 1
视频, 81630897, 1
text: , freq: 0, cixing: 0
优, 0, 0
text: , freq: 0, cixing: 0
酷, 0, 0
text: , freq: 81630897, cixing: 1
视频, 81630897, 1
text: , freq: 5846347, cixing: 0
在线观看, 5846347, 0
text: , freq: 0, cixing: 0
aaaa, 0, 0
text: , freq: 0, cixing: 0
aaaa, 0, 0
text: , freq: 0, cixing: 0
aaaa, 0, 0
text: , freq: 0, cixing: 0
asdfasdf, 0, 0
text: , freq: 0, cixing: 0
asdfasdfasdfasdf, 0, 0
text: , freq: 1, cixing: 65536
今天, 1, 65536
text: , freq: 14177527, cixing: 0
我用, 14177527, 0
text: , freq: 1, cixing: 65536
暗牧, 1, 65536
text: , freq: 1, cixing: 65536
超神, 1, 65536
text: , freq: 0, cixing: 0
了, 0, 0
text: , freq: 1, cixing: 65536
今天, 1, 65536
text: , freq: 14177527, cixing: 0
我用, 14177527, 0
text: , freq: 2820821, cixing: 2
扭头, 2820821, 2
text: , freq: 1, cixing: 65536
超神, 1, 65536
text: , freq: 0, cixing: 0
了, 0, 0
text: , freq: 1, cixing: 65536
今天, 1, 65536
text: , freq: 14177527, cixing: 0
我用, 14177527, 0
text: , freq: 1, cixing: 65536
牛头, 1, 65536
text: , freq: 1, cixing: 65536
超神, 1, 65536
text: , freq: 0, cixing: 0
了, 0, 0
text: , freq: 1, cixing: 65536
今天, 1, 65536
text: , freq: 14177527, cixing: 0
我用, 14177527, 0
text: , freq: 1, cixing: 65536
狗头人, 1, 65536
text: , freq: 1, cixing: 65536
超神, 1, 65536
text: , freq: 0, cixing: 0
了, 0, 0
text: , freq: 1, cixing: 65536
今天, 1, 65536
text: , freq: 14177527, cixing: 0
我用, 14177527, 0
text: , freq: 1, cixing: 65536
电魂, 1, 65536
text: , freq: 1, cixing: 65536
超神, 1, 65536
text: , freq: 0, cixing: 0
了, 0, 0
text: , freq: 1, cixing: 65536
今天, 1, 65536
text: , freq: 14177527, cixing: 0
我用, 14177527, 0
text: , freq: 1, cixing: 65536
巨魔, 1, 65536
text: , freq: 1, cixing: 65536
超神, 1, 65536
text: , freq: 0, cixing: 0
了, 0, 0
text: , freq: 1, cixing: 65536
今天, 1, 65536
text: , freq: 14177527, cixing: 0
我用, 14177527, 0
text: , freq: 1, cixing: 65536
巨魔, 1, 65536
text: , freq: 0, cixing: 0
，, 0, 0
text: , freq: 39848849, cixing: 0
出了, 39848849, 0
text: , freq: 20400656, cixing: 5
一身, 20400656, 5
text: , freq: 1, cixing: 65536
神装, 1, 65536
text: , freq: 1, cixing: 65536
今天, 1, 65536
text: , freq: 14177527, cixing: 0
我用, 14177527, 0
text: , freq: 1, cixing: 65536
巨魔, 1, 65536
text: , freq: 0, cixing: 0
，, 0, 0
text: , freq: 39848849, cixing: 0
出了, 39848849, 0
text: , freq: 20400656, cixing: 5
一身, 20400656, 5
text: , freq: 1, cixing: 65536
神装, 1, 65536
text: , freq: 0, cixing: 0
，, 0, 0
text: , freq: 1, cixing: 65536
还有, 1, 65536
text: , freq: 0, cixing: 0
sj, 0, 0
text: , freq: 1, cixing: 65536
今天, 1, 65536
text: , freq: 14177527, cixing: 0
我用, 14177527, 0
text: , freq: 1, cixing: 65536
巨魔, 1, 65536
text: , freq: 0, cixing: 0
，, 0, 0
text: , freq: 39848849, cixing: 0
出了, 39848849, 0
text: , freq: 20400656, cixing: 5
一身, 20400656, 5
text: , freq: 1, cixing: 65536
神装, 1, 65536
text: , freq: 0, cixing: 0
，, 0, 0
text: , freq: 1, cixing: 65536
还有, 1, 65536
text: , freq: 0, cixing: 0
bkb, 0, 0
text: , freq: 1, cixing: 65536
今天, 1, 65536
text: , freq: 14177527, cixing: 0
我用, 14177527, 0
text: , freq: 1, cixing: 65536
巨魔, 1, 65536
text: , freq: 0, cixing: 0
，, 0, 0
text: , freq: 39848849, cixing: 0
出了, 39848849, 0
text: , freq: 20400656, cixing: 5
一身, 20400656, 5
text: , freq: 1, cixing: 65536
神装, 1, 65536
text: , freq: 0, cixing: 0
，, 0, 0
text: , freq: 1, cixing: 65536
还有, 1, 65536
text: , freq: 1, cixing: 65536
大炮, 1, 65536
text: , freq: 1, cixing: 65536
今天, 1, 65536
text: , freq: 14177527, cixing: 0
我用, 14177527, 0
text: , freq: 1, cixing: 65536
巨魔, 1, 65536
text: , freq: 0, cixing: 0
，, 0, 0
text: , freq: 39848849, cixing: 0
出了, 39848849, 0
text: , freq: 20400656, cixing: 5
一身, 20400656, 5
text: , freq: 1, cixing: 65536
神装, 1, 65536
text: , freq: 0, cixing: 0
，, 0, 0
text: , freq: 1, cixing: 65536
还有, 1, 65536
text: , freq: 1, cixing: 65536
羊刀, 1, 65536
text: , freq: 1, cixing: 65536
今天, 1, 65536
text: , freq: 14177527, cixing: 0
我用, 14177527, 0
text: , freq: 1, cixing: 65536
巨魔, 1, 65536
text: , freq: 0, cixing: 0
，, 0, 0
text: , freq: 39848849, cixing: 0
出了, 39848849, 0
text: , freq: 20400656, cixing: 5
一身, 20400656, 5
text: , freq: 1, cixing: 65536
神装, 1, 65536
text: , freq: 0, cixing: 0
，, 0, 0
text: , freq: 1, cixing: 65536
还有, 1, 65536
text: , freq: 1, cixing: 65536
金箍棒, 1, 65536
text: , freq: 1, cixing: 65536
今天, 1, 65536
text: , freq: 14177527, cixing: 0
我用, 14177527, 0
text: , freq: 1, cixing: 65536
巨魔, 1, 65536
text: , freq: 0, cixing: 0
，, 0, 0
text: , freq: 39848849, cixing: 0
出了, 39848849, 0
text: , freq: 20400656, cixing: 5
一身, 20400656, 5
text: , freq: 1, cixing: 65536
神装, 1, 65536
text: , freq: 0, cixing: 0
，, 0, 0
text: , freq: 1, cixing: 65536
还有, 1, 65536
text: , freq: 1, cixing: 65536
飞鞋, 1, 65536
text: , freq: 1, cixing: 65536
今天, 1, 65536
text: , freq: 14177527, cixing: 0
我用, 14177527, 0
text: , freq: 1, cixing: 65536
巨魔, 1, 65536
text: , freq: 0, cixing: 0
，, 0, 0
text: , freq: 39848849, cixing: 0
出了, 39848849, 0
text: , freq: 20400656, cixing: 5
一身, 20400656, 5
text: , freq: 1, cixing: 65536
神装, 1, 65536
text: , freq: 0, cixing: 0
，, 0, 0
text: , freq: 1, cixing: 65536
不过, 1, 65536
text: , freq: 5978753, cixing: 1
队友, 5978753, 1
text: , freq: 0, cixing: 0
太, 0, 0
text: , freq: 1177334, cixing: 0
烂了, 1177334, 0
text: , freq: 1, cixing: 65536
今天, 1, 65536
text: , freq: 0, cixing: 0
我, 0, 0
text: , freq: 0, cixing: 0
虐, 0, 0
text: , freq: 0, cixing: 0
了, 0, 0
text: , freq: 1, cixing: 65536
海涛, 1, 65536
text: , freq: 1, cixing: 65536
海涛, 1, 65536
text: , freq: 0, cixing: 0
oh, 0, 0
text: , freq: 0, cixing: 0
yeah, 0, 0
text: , freq: 1, cixing: 65536
海涛, 1, 65536
